DRCOV VERSION: 2
DRCOV FLAVOR: drcov-64
Module Table: version 4, count 17
Columns: id, containing_id, start, end, entry, offset, path
  0,   0, 0x000075ea98e00000, 0x000075ea98e02000, 0x000075ea98e008e0, 0000000000000000,  /home/raptor/DynamoRIO-Linux-8.0.0-1/tools/lib64/release/libdrcov.so
  1,   0, 0x000075ea99001000, 0x000075ea99003000, 0x000075ea98e008e0, 0000000000001e28,  /home/raptor/DynamoRIO-Linux-8.0.0-1/tools/lib64/release/libdrcov.so
  2,   2, 0x000075ead8e00000, 0x000075ead8e01000, 0x000075ead8e010e0, 0000000000000000,  /home/raptor/hello-coverage
  3,   2, 0x000075ead8e01000, 0x000075ead8e02000, 0x000075ead8e010e0, 0000000000001000,  /home/raptor/hello-coverage
  4,   2, 0x000075ead8e02000, 0x000075ead8e03000, 0x000075ead8e010e0, 0000000000002000,  /home/raptor/hello-coverage
  5,   2, 0x000075ead8e03000, 0x000075ead8e05000, 0x000075ead8e010e0, 0000000000002d98,  /home/raptor/hello-coverage
  6,   6, 0x000075eadd000000, 0x000075eadd185000, 0x000075eadd116a11, 0000000000000000,  /home/raptor/DynamoRIO-Linux-8.0.0-1/lib64/release/libdynamorio.so
  7,   6, 0x000075eadd385000, 0x000075eadd42d000, 0x000075eadd116a11, 0000000000185700,  /home/raptor/DynamoRIO-Linux-8.0.0-1/lib64/release/libdynamorio.so
  8,   8, 0x000075eadd4fc000, 0x000075eadd4fd000, 0x000075eadd51b540, 0000000000000000,  /usr/lib/x86_64-linux-gnu/ld-linux-x86-64.so.2
  9,   8, 0x000075eadd4fd000, 0x000075eadd528000, 0x000075eadd51b540, 0000000000001000,  /usr/lib/x86_64-linux-gnu/ld-linux-x86-64.so.2
 10,   8, 0x000075eadd528000, 0x000075eadd532000, 0x000075eadd51b540, 000000000002c000,  /usr/lib/x86_64-linux-gnu/ld-linux-x86-64.so.2
 11,   8, 0x000075eadd532000, 0x000075eadd536000, 0x000075eadd51b540, 0000000000036360,  /usr/lib/x86_64-linux-gnu/ld-linux-x86-64.so.2
 12,  12, 0x00007fff7ce8b000, 0x00007fff7ce8d000, 0x00007fff7ce8b000, 0000000000000000,  [vdso]
 13,  13, 0x000075eadcc00000, 0x000075eadcc28000, 0x000075eadcc2a390, 0000000000000000,  /usr/lib/x86_64-linux-gnu/libc.so.6
 14,  13, 0x000075eadcc28000, 0x000075eadcdb0000, 0x000075eadcc2a390, 0000000000028000,  /usr/lib/x86_64-linux-gnu/libc.so.6
 15,  13, 0x000075eadcdb0000, 0x000075eadcdff000, 0x000075eadcc2a390, 00000000001b0000,  /usr/lib/x86_64-linux-gnu/libc.so.6
 16,  13, 0x000075eadcdff000, 0x000075eadce12000, 0x000075eadcc2a390, 00000000001fec60,  /usr/lib/x86_64-linux-gnu/libc.so.6
BB Table: 2276 bbs
module id, start, size:
module[  9]: 0x000000000001f540,   8
module[  9]: 0x00000000000201d0, 141
module[  9]: 0x0000000000020277,   6
module[  9]: 0x0000000000020266,  17
module[  9]: 0x000000000002027d,  13
module[  9]: 0x000000000002028a,  12
module[  9]: 0x00000000000202a8,  18
module[  9]: 0x00000000000203a0,  18
module[  9]: 0x00000000000206d0,  18
module[  9]: 0x00000000000206e2,  16
module[  9]: 0x0000000000020296,  11
module[  9]: 0x00000000000202c8,  27
module[  9]: 0x00000000000202e3,  12
module[  9]: 0x00000000000202ef,  16
module[  9]: 0x0000000000020303,  12
module[  9]: 0x000000000002030f,  16
module[  9]: 0x000000000002031f,  19
module[  9]: 0x0000000000020332,  16
module[  9]: 0x0000000000020346,  12
module[  9]: 0x0000000000020352,  16
module[  9]: 0x0000000000020362,  23
module[  9]: 0x0000000000020379,  13
module[  9]: 0x00000000000207f7,  12
module[  9]: 0x0000000000020386,   5
module[  9]: 0x00000000000203ef,  18
module[  9]: 0x0000000000020401,  12
module[  9]: 0x000000000002040d,  18
module[  9]: 0x000000000002041f,  14
module[  9]: 0x000000000002042d,  16
module[  9]: 0x000000000002043d,  12
module[  9]: 0x0000000000020449,  11
module[  9]: 0x0000000000020454,  12
module[  9]: 0x0000000000020460,  14
module[  9]: 0x000000000002046e,   9
module[  9]: 0x0000000000020477,  33
module[  9]: 0x00000000000204b3,   7
module[  9]: 0x00000000000204a0,  19
module[  9]: 0x00000000000204ba,   8
module[  9]: 0x00000000000204c2,  10
module[  9]: 0x00000000000204cf,   9
module[  9]: 0x00000000000204c8,   4
module[  9]: 0x00000000000204cc,  12
module[  9]: 0x00000000000204d8,  16
module[  9]: 0x00000000000204e8,  50
module[  9]: 0x000000000002051a,  11
module[  9]: 0x0000000000020525,  52
module[  9]: 0x0000000000020561,   5
module[  9]: 0x00000000000205c5,  74
module[  9]: 0x00000000000206af,   5
module[  9]: 0x0000000000020640,  30
module[  9]: 0x000000000002065e,   7
module[  9]: 0x0000000000020665,  37
module[  9]: 0x0000000000020694,   6
module[  9]: 0x00000000000206a7,  13
module[  9]: 0x000000000002069a,   6
module[  9]: 0x00000000000206ab,   9
module[  9]: 0x00000000000206b4,   9
module[  9]: 0x00000000000206bd,  19
module[  9]: 0x00000000000205da,  53
module[  9]: 0x00000000000206f8,  12
module[  9]: 0x000000000001d1f0,  61
module[  9]: 0x0000000000020704,  45
module[  9]: 0x00000000000131b0,  19
module[  9]: 0x00000000000131c3,  13
module[  9]: 0x00000000000131d0,  23
module[  9]: 0x00000000000131e7,  56
module[  9]: 0x0000000000020731,  45
module[  9]: 0x000000000001eec0,  32
module[  9]: 0x000000000001e1d0,  60
module[  9]: 0x000000000001e20c,  14
module[  9]: 0x000000000001e210,  10
module[  9]: 0x000000000001e21a,  77
module[  9]: 0x000000000001e267,  19
module[  9]: 0x000000000001e27a,  24
module[  9]: 0x000000000001e270,  10
module[  9]: 0x000000000001e292, 206
module[  9]: 0x000000000001eee0,  12
module[  9]: 0x00000000000158b0,  55
module[  9]: 0x00000000000158e7,  18
module[  9]: 0x00000000000158f9,  12
module[  9]: 0x0000000000015905,  16
module[  9]: 0x0000000000015915,   4
module[  9]: 0x0000000000015919,  23
module[  9]: 0x0000000000015930,   5
module[  9]: 0x0000000000015920,  16
module[  9]: 0x0000000000015935,   4
module[  9]: 0x0000000000015939,  22
module[  9]: 0x0000000000015968,   7
module[  9]: 0x000000000001596f,  11
module[  9]: 0x0000000000015993,  10
module[  9]: 0x000000000001599d,  12
module[  9]: 0x0000000000015980,  19
module[  9]: 0x00000000000159a9,  15
module[  9]: 0x00000000000158f0,   9
module[  9]: 0x0000000000015980,  19
module[  9]: 0x0000000000015993,  10
module[  9]: 0x000000000001599d,  12
module[  9]: 0x00000000000159b8,   5
module[  9]: 0x00000000000159bd,  16
module[  9]: 0x00000000000159b0,   8
module[  9]: 0x0000000000015920,  16
module[  9]: 0x0000000000015930,   5
module[  9]: 0x00000000000159a9,  15
module[  9]: 0x0000000000015a51,  15
module[  9]: 0x000000000001eeec,   5
module[  9]: 0x0000000000013370,  28
module[  9]: 0x0000000000015c10,  44
module[  9]: 0x0000000000015c3c,   9
module[  9]: 0x0000000000015c78,   4
module[  9]: 0x0000000000015c48,  26
module[  9]: 0x0000000000015c70,   1
module[  9]: 0x000000000001338c,  17
module[  9]: 0x000000000001eef1,   7
module[  9]: 0x00000000000249c0,  11
module[  9]: 0x00000000000249cb,  12
module[  9]: 0x00000000000249d7,   3
module[  9]: 0x000000000001eef8,   5
module[  9]: 0x000000000001a900,  14
module[  9]: 0x000000000001a910,   5
module[  9]: 0x00000000000195e0,  74
module[  9]: 0x00000000000197a0,  12
module[  9]: 0x00000000000197ac,  12
module[  9]: 0x00000000000197b8,  12
module[  9]: 0x00000000000197c4,  24
module[  9]: 0x0000000000018400,  10
module[  9]: 0x000000000001840a,  88
module[  9]: 0x0000000000018588,  21
module[  9]: 0x0000000000018462,  13
module[  9]: 0x000000000001846f,  84
module[  9]: 0x00000000000184c3,  42
module[  9]: 0x0000000000018538,  10
module[  9]: 0x000000000001856a,   6
module[  9]: 0x00000000000197dc,  16
module[  9]: 0x00000000000197ec,  39
module[  9]: 0x0000000000019813,  39
module[  9]: 0x000000000001983a,  43
module[  9]: 0x0000000000018ef0, 351
module[  9]: 0x000000000001904f,  22
module[  9]: 0x00000000000190e0,  66
module[  9]: 0x0000000000019300,  15
module[  9]: 0x000000000001930f,  17
module[  9]: 0x0000000000019508,  24
module[  9]: 0x0000000000019320, 131
module[  9]: 0x0000000000019122,  16
module[  9]: 0x000000000001919f,  16
module[  9]: 0x00000000000191af,   9
module[  9]: 0x00000000000191c6,  50
module[  9]: 0x00000000000191f8,  17
module[  9]: 0x0000000000019209,  30
module[  9]: 0x0000000000019227,  59
module[  9]: 0x0000000000019450,  18
module[  9]: 0x0000000000019250,  18
module[  9]: 0x0000000000019262,  12
module[  9]: 0x0000000000019274,  19
module[  9]: 0x0000000000019287,   6
module[  9]: 0x000000000001928d,  15
module[  9]: 0x00000000000192a0,  11
module[  9]: 0x00000000000192ab,  46
module[  9]: 0x000000000001906b,   4
module[  9]: 0x0000000000019076,  11
module[  9]: 0x00000000000190a1,   9
module[  9]: 0x00000000000190aa,  26
module[  9]: 0x00000000000192e0,  12
module[  9]: 0x00000000000192ec,  13
module[  9]: 0x0000000000019468,  13
module[  9]: 0x0000000000019475,  17
module[  9]: 0x0000000000019486,  19
module[  9]: 0x0000000000019499,  18
module[  9]: 0x00000000000194ab,  22
module[  9]: 0x00000000000194c1,  17
module[  9]: 0x00000000000194d2,   4
module[  9]: 0x00000000000194d6,   9
module[  9]: 0x00000000000194df,  20
module[  9]: 0x00000000000190c4,  24
module[  9]: 0x0000000000019865,   9
module[  9]: 0x000000000001986e,  39
module[  9]: 0x0000000000019895,  56
module[  9]: 0x00000000000198cd,  19
module[  9]: 0x00000000000198e0,  67
module[  9]: 0x0000000000019923,   9
module[  9]: 0x000000000001992c,   9
module[  9]: 0x000000000001a2d0,  16
module[  9]: 0x0000000000018090,  16
module[  9]: 0x00000000000180a0,  22
module[  9]: 0x00000000000180e0,   8
module[  9]: 0x0000000000018138,   8
module[  9]: 0x0000000000018160,  24
module[  9]: 0x00000000000180fa,  26
module[  9]: 0x0000000000018114,  12
module[  9]: 0x00000000000181c0,  31
module[  9]: 0x00000000000180cd,   9
module[  9]: 0x000000000001a2e0,  20
module[  9]: 0x0000000000018140,  18
module[  9]: 0x000000000001a2f4,  13
module[  9]: 0x00000000000180e8,  18
module[  9]: 0x000000000001a301,  13
module[  9]: 0x000000000001a30e,  17
module[  9]: 0x00000000000181e0,  15
module[  9]: 0x000000000001a31f,  21
module[  9]: 0x0000000000018120,   8
module[  9]: 0x000000000001a334,  17
module[  9]: 0x000000000001a345,  31
module[  9]: 0x000000000001a364,  13
module[  9]: 0x000000000001a371,  13
module[  9]: 0x000000000001a37e,  17
module[  9]: 0x000000000001a38f,  13
module[  9]: 0x0000000000018130,   4
module[  9]: 0x000000000001a39c,  26
module[  9]: 0x000000000001a3b6,  15
module[  9]: 0x000000000001a530,  19
module[  9]: 0x000000000001a3d6,  31
module[  9]: 0x00000000000199c1, 144
module[  9]: 0x0000000000019a64,  46
module[  9]: 0x0000000000019df0,  53
module[  9]: 0x0000000000019ab0,  35
module[  9]: 0x0000000000015c45,  29
module[  9]: 0x0000000000019ad3,   9
module[  9]: 0x0000000000019ae7,  15
module[  9]: 0x0000000000019af6,   9
module[  9]: 0x0000000000019b0d,  15
module[  9]: 0x0000000000019b1c,  33
module[  9]: 0x0000000000019b3d,  32
module[  9]: 0x0000000000019b5d,  16
module[  9]: 0x0000000000019b72,  26
module[  9]: 0x0000000000019b8c,  66
module[  9]: 0x0000000000015770,  43
module[  9]: 0x000000000001579b,  13
module[  9]: 0x00000000000157a8,  32
module[  9]: 0x00000000000157c8,  15
module[  9]: 0x00000000000157d7,   8
module[  9]: 0x0000000000015844,  11
module[  9]: 0x0000000000015855,  15
module[  9]: 0x0000000000015890,  14
module[  9]: 0x0000000000015864,   5
module[  9]: 0x0000000000015869,   5
module[  9]: 0x0000000000015802,  36
module[  9]: 0x0000000000019bce,  55
module[  9]: 0x0000000000019c05,  61
module[  9]: 0x0000000000019c42,  47
module[  9]: 0x0000000000019c71,  54
module[  9]: 0x0000000000019ca7,  98
module[  9]: 0x0000000000015c80,   7
module[  9]: 0x0000000000019d09,  20
module[  9]: 0x0000000000019d1d,  17
module[  9]: 0x0000000000019e28,  25
module[  9]: 0x0000000000019d87,  24
module[  9]: 0x0000000000019d9f,  20
module[  9]: 0x0000000000019db3,  20
module[  9]: 0x0000000000019dc7,  20
module[  9]: 0x0000000000019ddb,  18
module[  9]: 0x000000000001eefd,  12
module[  9]: 0x000000000001ef09,   5
module[  9]: 0x0000000000028b00,  42
module[  9]: 0x0000000000028b2a,  16
module[  9]: 0x0000000000028b3a,   4
module[  9]: 0x000000000001ef0e,  14
module[  9]: 0x0000000000025300,  26
module[  9]: 0x000000000002531a,   5
module[  9]: 0x000000000002533a,   8
module[  9]: 0x000000000001ef1c,  12
module[  9]: 0x000000000001ef28,  10
module[  9]: 0x000000000001ef32,  20
module[  9]: 0x0000000000020af0,  97
module[  9]: 0x0000000000014e70,  89
module[  9]: 0x0000000000020b51,  23
module[  9]: 0x0000000000020b68,  32
module[  9]: 0x000000000001c940,  15
module[  9]: 0x000000000001c95d,   5
module[  9]: 0x000000000001c950,  13
module[  9]: 0x000000000001c962,   6
module[  9]: 0x000000000001c980,   1
module[  9]: 0x0000000000020b88,   8
module[  9]: 0x0000000000020bdd,  10
module[  9]: 0x0000000000020bf0,  40
module[  9]: 0x0000000000021006,  38
module[  9]: 0x000000000000c6c0,  55
module[  9]: 0x000000000000ca80,   9
module[  9]: 0x000000000000cad0,   7
module[  9]: 0x000000000000cad7,   5
module[  9]: 0x000000000000cadc,  42
module[  9]: 0x000000000000c71e,  15
module[  9]: 0x000000000000c1c0,  31
module[  9]: 0x000000000000c1e4,   6
module[  9]: 0x000000000000c070,  36
module[  9]: 0x000000000000c160,  37
module[  9]: 0x000000000000c09b,  24
module[  9]: 0x000000000000c0b3,  11
module[  9]: 0x000000000000c0be,  25
module[  9]: 0x000000000000c72d,  12
module[  9]: 0x000000000000c739,  53
module[  9]: 0x0000000000026920,  13
module[  9]: 0x0000000000026950,   5
module[  9]: 0x0000000000026955,   5
module[  9]: 0x000000000002695a,   5
module[  9]: 0x000000000002695f,   4
module[  9]: 0x000000000002696d,   3
module[  9]: 0x000000000000c76e,  29
module[  9]: 0x000000000000c78b,  51
module[  9]: 0x000000000000c980,  17
module[  9]: 0x000000000000c7be,  17
module[  9]: 0x000000000000c7cf,  16
module[  9]: 0x000000000000c7df,  16
module[  9]: 0x000000000000c808,  23
module[  9]: 0x000000000000c81f,  56
module[  9]: 0x000000000000c9b0,  11
module[  9]: 0x000000000000c9bb,  13
module[  9]: 0x000000000000c896,  36
module[  9]: 0x000000000000c96e,  18
module[  9]: 0x000000000002102c,  16
module[  9]: 0x000000000002103c,  51
module[  9]: 0x000000000000c610,  39
module[  9]: 0x0000000000014e60,   7
module[  9]: 0x000000000000c637,  34
module[  9]: 0x000000000000c6b0,   5
module[  9]: 0x000000000000c675,  58
module[  9]: 0x000000000002106f,  13
module[  9]: 0x000000000002107c,  77
module[  9]: 0x00000000000210c9,  58
module[  9]: 0x0000000000021103,   4
module[  9]: 0x0000000000021107,   5
module[  9]: 0x000000000002110c,  10
module[  9]: 0x00000000000213c8,  23
module[  9]: 0x00000000000210f8,  11
module[  9]: 0x00000000000213e4,  33
module[  9]: 0x0000000000021405,  12
module[  9]: 0x0000000000021179,  13
module[  9]: 0x0000000000021116,  25
module[  9]: 0x000000000002112f,  21
module[  9]: 0x0000000000021144,   5
module[  9]: 0x0000000000021159,  16
module[  9]: 0x0000000000021169,  29
module[  9]: 0x0000000000021136,  14
module[  9]: 0x0000000000021149,   5
module[  9]: 0x0000000000021418,  59
module[  9]: 0x0000000000021460,  12
module[  9]: 0x000000000002146c,  12
module[  9]: 0x0000000000021610,  22
module[  9]: 0x0000000000021478,  30
module[  9]: 0x0000000000021496,   5
module[  9]: 0x0000000000021186,   9
module[  9]: 0x00000000000211b0,  12
module[  9]: 0x0000000000021190,   7
module[  9]: 0x00000000000211a7,   9
module[  9]: 0x0000000000021197,  16
module[  9]: 0x0000000000007840,  21
module[  9]: 0x0000000000007855,  14
module[  9]: 0x0000000000007863,  17
module[  9]: 0x000000000000789c,   7
module[  9]: 0x00000000000078a3,   6
module[  9]: 0x00000000000078a9,   9
module[  9]: 0x00000000000078b2,  12
module[  9]: 0x00000000000078be,  11
module[  9]: 0x00000000000078c9,   9
module[  9]: 0x000000000000791d,  12
module[  9]: 0x0000000000007929,  16
module[  9]: 0x0000000000007939,  19
module[  9]: 0x000000000000794c,   6
module[  9]: 0x0000000000007952,  10
module[  9]: 0x000000000000795c,   8
module[  9]: 0x0000000000007964,  27
module[  9]: 0x0000000000007902,  27
module[  9]: 0x00000000000079cc,   4
module[  9]: 0x00000000000079d0,  26
module[  9]: 0x00000000000211bc,  21
module[  9]: 0x00000000000214ac,  19
module[  9]: 0x00000000000214d0,  17
module[  9]: 0x00000000000214ec,  16
module[  9]: 0x00000000000214fc,  12
module[  9]: 0x0000000000021508,  44
module[  9]: 0x00000000000274e0,  21
module[  9]: 0x00000000000274f5,   5
module[  9]: 0x00000000000274fa,  50
module[  9]: 0x0000000000028900,  15
module[  9]: 0x0000000000021534,   4
module[  9]: 0x0000000000021538,  40
module[  9]: 0x0000000000021560,  25
module[  9]: 0x0000000000021579,   9
module[  9]: 0x0000000000021582,  20
module[  9]: 0x0000000000021596,  23
module[  9]: 0x00000000000215c7,   6
module[  9]: 0x00000000000215b6,  17
module[  9]: 0x00000000000215cd,  13
module[  9]: 0x00000000000215da,  16
module[  9]: 0x0000000000022a18,  18
module[  9]: 0x0000000000022a2a,  18
module[  9]: 0x0000000000023786,  18
module[  9]: 0x0000000000023798,  16
module[  9]: 0x00000000000215ea,  11
module[  9]: 0x000000000002162b,  19
module[  9]: 0x0000000000022f4c,  20
module[  9]: 0x0000000000022f60,   9
module[  9]: 0x0000000000022f6d,  16
module[  9]: 0x0000000000022f7d,  20
module[  9]: 0x0000000000022f91,  20
module[  9]: 0x0000000000022fa5,  23
module[  9]: 0x0000000000022fc0,  19
module[  9]: 0x0000000000022fd3,  23
module[  9]: 0x0000000000022fea,  23
module[  9]: 0x0000000000023001,  31
module[  9]: 0x0000000000023020,   9
module[  9]: 0x0000000000023029,  16
module[  9]: 0x0000000000021651,  11
module[  9]: 0x000000000002165c,  18
module[  9]: 0x000000000002166e,  25
module[  9]: 0x0000000000021687,  12
module[  9]: 0x00000000000216ac,  19
module[  9]: 0x00000000000216bf,  15
module[  9]: 0x00000000000216d5,   5
module[  9]: 0x00000000000216e8,   5
module[  9]: 0x00000000000216ed,  33
module[  9]: 0x000000000002170e,  16
module[  9]: 0x0000000000021725,  13
module[  9]: 0x0000000000021732,   5
module[  9]: 0x0000000000021737,  38
module[  9]: 0x0000000000021768,  19
module[  9]: 0x00000000000217b0,  12
module[  9]: 0x00000000000217bc,  10
module[  9]: 0x00000000000217c6,  14
module[  9]: 0x00000000000217d4,  31
module[  9]: 0x000000000000ca89,  13
module[  9]: 0x000000000000ca96,  28
module[  9]: 0x000000000000c094,  31
module[  9]: 0x000000000000c857,  24
module[  9]: 0x000000000000ca58,   5
module[  9]: 0x000000000000ca20,  16
module[  9]: 0x000000000000ca30,   6
module[  9]: 0x000000000000ca36,  13
module[  9]: 0x00000000000217f3,  12
module[  9]: 0x00000000000217ff,  41
module[  9]: 0x0000000000021828,  21
module[  9]: 0x000000000002185b,   7
module[  9]: 0x0000000000021840,   9
module[  9]: 0x0000000000021950,  10
module[  9]: 0x000000000002195a,  20
module[  9]: 0x000000000002196e,  12
module[  9]: 0x0000000000021852,   9
module[  9]: 0x0000000000021862,  67
module[  9]: 0x0000000000021849,   9
module[  9]: 0x00000000000218a5,  58
module[  9]: 0x00000000000218df,  24
module[  9]: 0x000000000002191b,   6
module[  9]: 0x0000000000021906,  21
module[  9]: 0x0000000000021921,  13
module[  9]: 0x000000000002192e,  16
module[  9]: 0x00000000000228d6,  18
module[  9]: 0x00000000000228e8,  18
module[  9]: 0x00000000000236c8,  18
module[  9]: 0x00000000000236da,  16
module[  9]: 0x000000000002193e,  11
module[  9]: 0x0000000000021d0b,   9
module[  9]: 0x0000000000022e4e,  14
module[  9]: 0x0000000000021d14,  12
module[  9]: 0x0000000000021d2b,   7
module[  9]: 0x0000000000021d44,  12
module[  9]: 0x0000000000021d62,  12
module[  9]: 0x0000000000021d6e,  20
module[  9]: 0x00000000000230a8,  16
module[  9]: 0x0000000000021d8b,   9
module[  9]: 0x0000000000021d94,  12
module[  9]: 0x0000000000021dcb,  10
module[  9]: 0x0000000000021de0,   8
module[  9]: 0x0000000000013220,   5
module[  9]: 0x0000000000021de8,  52
module[  9]: 0x0000000000021e1c,  28
module[  9]: 0x0000000000022f44,   8
module[  9]: 0x0000000000021e38,  27
module[  9]: 0x000000000000c659,  19
module[  9]: 0x000000000000c66c,  67
module[  9]: 0x0000000000021e53,  11
module[  9]: 0x0000000000021e5e,  17
module[  9]: 0x0000000000021e6f, 133
module[  9]: 0x000000000000b0d0,  64
module[  9]: 0x000000000000b110,  28
module[  9]: 0x000000000000b12c,  28
module[  9]: 0x000000000000b120,  12
module[  9]: 0x000000000000b148,  30
module[  9]: 0x000000000000b166,  10
module[  9]: 0x000000000000b170,  21
module[  9]: 0x000000000000b185,   9
module[  9]: 0x000000000000b18e,  45
module[  9]: 0x000000000000b1d0,  44
module[  9]: 0x000000000000a530,  93
module[  9]: 0x000000000000a61d,  14
module[  9]: 0x000000000000a62b,   5
module[  9]: 0x000000000000a639,   9
module[  9]: 0x000000000000a651,  13
module[  9]: 0x000000000000a590,  10
module[  9]: 0x000000000000a59a,  34
module[  9]: 0x000000000000a5bc,  33
module[  9]: 0x000000000000a5dd,  51
module[  9]: 0x000000000000a818,  25
module[  9]: 0x000000000000a831,  61
module[  9]: 0x000000000000a87c,  12
module[  9]: 0x000000000000a870,  12
module[  9]: 0x000000000000a888,  65
module[  9]: 0x000000000000a390,  60
module[  9]: 0x000000000000a3cc,  32
module[  9]: 0x000000000000a3ec,   5
module[  9]: 0x000000000000a3f1,  14
module[  9]: 0x000000000002752c,  46
module[  9]: 0x000000000002755a,   2
module[  9]: 0x0000000000027563,  26
module[  9]: 0x00000000000283e0,  48
module[  9]: 0x00000000000288e5,  13
module[  9]: 0x000000000000a3ff,   8
module[  9]: 0x000000000000a407,  12
module[  9]: 0x000000000000a413,   9
module[  9]: 0x000000000000a4f0,  13
module[  9]: 0x000000000000a451,  18
module[  9]: 0x000000000000a8c9,  13
module[  9]: 0x000000000000a785,  67
module[  9]: 0x000000000000a7c8,   5
module[  9]: 0x000000000000a7cd,   9
module[  9]: 0x000000000000a7d6,  15
module[  9]: 0x000000000000a7e5,   8
module[  9]: 0x000000000000a7ed,   8
module[  9]: 0x000000000000a7f5,  31
module[  9]: 0x000000000000b1fc,   8
module[  9]: 0x000000000000b204,  29
module[  9]: 0x000000000000b221,   5
module[  9]: 0x000000000000b226,  10
module[  9]: 0x000000000000b230,  26
module[  9]: 0x000000000000b24a,  28
module[  9]: 0x000000000000b266,  13
module[  9]: 0x000000000000b273,  22
module[  9]: 0x0000000000021ef4,  20
module[  9]: 0x0000000000021f08,  11
module[  9]: 0x0000000000021f13,   9
module[  9]: 0x0000000000021f1c,  30
module[  9]: 0x0000000000021f3a,  73
module[  9]: 0x000000000000b350,  18
module[  9]: 0x0000000000027da0,  48
module[  9]: 0x0000000000021f83,  18
module[  9]: 0x0000000000021f95,  11
module[  9]: 0x0000000000021fa0,   9
module[  9]: 0x0000000000021fa9,  30
module[  9]: 0x0000000000021fc7,  73
module[  9]: 0x0000000000022010,  19
module[  9]: 0x0000000000022023,  11
module[  9]: 0x000000000002202e,   9
module[  9]: 0x0000000000022037,  30
module[  9]: 0x0000000000022055,  73
module[  9]: 0x0000000000027540,  26
module[  9]: 0x0000000000027580,  39
module[  9]: 0x00000000000275a7,  63
module[  9]: 0x00000000000288e0,  18
module[  9]: 0x000000000002209e,  20
module[  9]: 0x00000000000220b2,  11
module[  9]: 0x00000000000220bd,   9
module[  9]: 0x00000000000220c6,  30
module[  9]: 0x00000000000220e4,  73
module[  9]: 0x0000000000028660,  48
module[  9]: 0x0000000000028690,  58
module[  9]: 0x00000000000286ca,  56
module[  9]: 0x000000000002212d,  19
module[  9]: 0x0000000000022140,  11
module[  9]: 0x000000000002214b,   9
module[  9]: 0x0000000000022154,  35
module[  9]: 0x00000000000073f0,  54
module[  9]: 0x000000000001ca20,  57
module[  9]: 0x000000000001ce80,  21
module[  9]: 0x000000000001cea0,  11
module[  9]: 0x000000000001ceab,  12
module[  9]: 0x000000000001ceb7,  15
module[  9]: 0x000000000001cec6,  13
module[  9]: 0x000000000001ced3,  14
module[  9]: 0x000000000001cee1,  13
module[  9]: 0x000000000001ceee,  18
module[  9]: 0x000000000001cf00,  12
module[  9]: 0x000000000001cf0c,   5
module[  9]: 0x000000000001cf11,   8
module[  9]: 0x000000000001cf19,  21
module[  9]: 0x000000000001ce95,   1
module[  9]: 0x000000000001ca59,  37
module[  9]: 0x000000000001ca92,   8
module[  9]: 0x000000000001cfe0,  37
module[  9]: 0x000000000001d005,  17
module[  9]: 0x000000000001ca9a,   4
module[  9]: 0x000000000001ca9e,  35
module[  9]: 0x000000000001cada,   8
module[  9]: 0x000000000001d054,  18
module[  9]: 0x000000000001d020,   4
module[  9]: 0x000000000001d024,  13
module[  9]: 0x00000000000272b0,  39
module[  9]: 0x00000000000272d7,  32
module[  9]: 0x00000000000272f7,  20
module[  9]: 0x000000000001d031,  12
module[  9]: 0x000000000001d03d,  23
module[  9]: 0x000000000001d066,  29
module[  9]: 0x000000000001d083,   2
module[  9]: 0x000000000001d088,   9
module[  9]: 0x000000000001d0eb,  20
module[  9]: 0x000000000001cae2,   4
module[  9]: 0x000000000001cac8,  26
module[  9]: 0x000000000001d10d,   8
module[  9]: 0x000000000001d115,   8
module[  9]: 0x000000000001d040,  20
module[  9]: 0x000000000001cae6,  24
module[  9]: 0x000000000001cafe,  20
module[  9]: 0x000000000001cb12,  27
module[  9]: 0x000000000001cb56,   8
module[  9]: 0x000000000001cf40,  19
module[  9]: 0x000000000001cfb0,   7
module[  9]: 0x000000000001cb5e,   4
module[  9]: 0x000000000001cb62,  35
module[  9]: 0x000000000001cbae,   8
module[  9]: 0x000000000001cbb6,   4
module[  9]: 0x000000000001cb88,  46
module[  9]: 0x000000000001cbba,  13
module[  9]: 0x000000000001cbc7,  15
module[  9]: 0x000000000001cbd6,  78
module[  9]: 0x000000000001cc5e,  37
module[  9]: 0x0000000000026640,  14
module[  9]: 0x000000000002664e,   5
module[  9]: 0x0000000000026680,  11
module[  9]: 0x000000000002668b,  15
module[  9]: 0x00000000000266b0,  15
module[  9]: 0x000000000001cc83,   4
module[  9]: 0x000000000001cc28,   2
module[  9]: 0x000000000001cc2f,  47
module[  9]: 0x000000000001cc87,  18
module[  9]: 0x000000000001cc99,  85
module[  9]: 0x000000000001ccee,  12
module[  9]: 0x000000000001ccfa,  71
module[  9]: 0x000000000001cd7c,   8
module[  9]: 0x000000000001cd84,   4
module[  9]: 0x000000000001cd88,  55
module[  9]: 0x000000000001cdf4,   8
module[  9]: 0x000000000001cdfc,   4
module[  9]: 0x000000000001cdc0,  32
module[  9]: 0x0000000000026910,  12
module[  9]: 0x0000000000026927,   6
module[  9]: 0x0000000000026980,  17
module[  9]: 0x000000000001cde0,  28
module[  9]: 0x000000000001ce00,  52
module[  9]: 0x0000000000007426,  18
module[  9]: 0x0000000000007438,  16
module[  9]: 0x0000000000007448,  52
module[  9]: 0x000000000000c0e0,  23
module[  9]: 0x000000000000c100,  33
module[  9]: 0x0000000000025d00,  13
module[  9]: 0x0000000000025d0d,  18
module[  9]: 0x0000000000025d58,  15
module[  9]: 0x0000000000025d1f,  13
module[  9]: 0x0000000000025d2c,   8
module[  9]: 0x0000000000025d34,   5
module[  9]: 0x000000000000c121,   9
module[  9]: 0x000000000000c12a,  18
module[  9]: 0x0000000000025e10,  14
module[  9]: 0x0000000000025e20,  38
module[  9]: 0x0000000000025e46,   7
module[  9]: 0x0000000000025e78,  21
module[  9]: 0x000000000000c13c,  12
module[  9]: 0x000000000000c148,  19
module[  9]: 0x000000000000747c,  23
module[  9]: 0x0000000000007493, 133
module[  9]: 0x0000000000007518,  15
module[  9]: 0x0000000000026b10,  34
module[  9]: 0x0000000000026bb0,  10
module[  9]: 0x0000000000026bd0,   9
module[  9]: 0x0000000000007527,  12
module[  9]: 0x0000000000007533,  73
module[  9]: 0x000000000000757c,   8
module[  9]: 0x0000000000007590,  64
module[  9]: 0x00000000000075d0,  16
module[  9]: 0x000000000000768c,  27
module[  9]: 0x00000000000077a5,  16
module[  9]: 0x0000000000007625,   9
module[  9]: 0x0000000000007633,  26
module[  9]: 0x0000000000022177,  14
module[  9]: 0x0000000000002880,  15
module[  9]: 0x000000000000288f,  28
module[  9]: 0x00000000000028ab,  19
module[  9]: 0x0000000000002989,  11
module[  9]: 0x0000000000002940,  41
module[  9]: 0x00000000000029b0,  25
module[  9]: 0x0000000000002969,   5
module[  9]: 0x000000000000297b,   4
module[  9]: 0x0000000000022185,  24
module[  9]: 0x00000000000232d1,  22
module[  9]: 0x000000000002219d,  73
module[  9]: 0x00000000000221e6,  14
module[  9]: 0x00000000000221f4,  53
module[  9]: 0x0000000000022247,   5
module[  9]: 0x0000000000022230,  23
module[  9]: 0x000000000002292a,  31
module[  9]: 0x000000000002225a,  35
module[  9]: 0x000000000002290a,   9
module[  9]: 0x0000000000022913,  12
module[  9]: 0x00000000000222d4,   5
module[  9]: 0x0000000000022313,  10
module[  9]: 0x000000000002231d,  31
module[  9]: 0x000000000002233c,   5
module[  9]: 0x0000000000013f00,  13
module[  9]: 0x0000000000013f0d,  11
module[  9]: 0x0000000000022341,  26
module[  9]: 0x000000000002235b,  17
module[  9]: 0x0000000000002820,   5
module[  9]: 0x000000000002236c,  18
module[  9]: 0x000000000001a930,  32
module[  9]: 0x000000000001a997,   9
module[  9]: 0x000000000002237e,  17
module[  9]: 0x000000000002238f,  13
module[  9]: 0x000000000002239c,  11
module[  9]: 0x00000000000223a7,  20
module[  9]: 0x00000000000258c0,  11
module[  9]: 0x00000000000258cb,   8
module[  9]: 0x00000000000258d8,  14
module[  9]: 0x00000000000223bb,   8
module[  9]: 0x00000000000223c3,  19
module[  9]: 0x00000000000223d6,  12
module[  9]: 0x00000000000223e2,   7
module[  9]: 0x000000000001abb0,  14
module[  9]: 0x000000000001abbe,   1
module[  9]: 0x00000000000223e9,  51
module[  9]: 0x0000000000002a40,  88
module[  9]: 0x0000000000002aad,  17
module[  9]: 0x0000000000003850,  11
module[  9]: 0x0000000000002abe,  60
module[  9]: 0x00000000000038f2,  28
module[  9]: 0x0000000000002b6f, 103
module[  9]: 0x0000000000003588,  14
module[  9]: 0x0000000000003596,  13
module[  9]: 0x0000000000002bd8,  11
module[  9]: 0x0000000000002ce0,  18
module[  9]: 0x0000000000002cf6,  54
module[  9]: 0x0000000000002d2c,  46
module[  9]: 0x0000000000002d5a,  19
module[  9]: 0x0000000000006b50,  34
module[  9]: 0x0000000000006b72,   5
module[  9]: 0x0000000000006b77,  18
module[  9]: 0x0000000000002d6d,  12
module[  9]: 0x0000000000002f30,   8
module[  9]: 0x0000000000002e46,  33
module[  9]: 0x0000000000001480,  53
module[  9]: 0x00000000000014b5,  29
module[  9]: 0x0000000000001558,  33
module[  9]: 0x00000000000014f2,  14
module[  9]: 0x0000000000026000,  95
module[  9]: 0x0000000000001500,  12
module[  9]: 0x000000000000150c,  16
module[  9]: 0x00000000000029f0,  61
module[  9]: 0x00000000000092f0,  52
module[  9]: 0x0000000000009324,  23
module[  9]: 0x000000000000933b,  41
module[  9]: 0x0000000000009364,   9
module[  9]: 0x000000000000937d,  28
module[  9]: 0x0000000000009399,  11
module[  9]: 0x000000000000c380,  26
module[  9]: 0x000000000002755c,  33
module[  9]: 0x0000000000028020,  48
module[  9]: 0x00000000000288f2,  29
module[  9]: 0x000000000000c39a,   4
module[  9]: 0x000000000000c39e,   9
module[  9]: 0x000000000000c3b9,  11
module[  9]: 0x000000000000c3c4,   4
module[  9]: 0x000000000000c3b0,   9
module[  9]: 0x000000000000c3d8,   7
module[  9]: 0x00000000000093a4,   4
module[  9]: 0x00000000000093a8,  10
module[  9]: 0x00000000000093b2,  12
module[  9]: 0x0000000000009370,  13
module[  9]: 0x00000000000093be,  24
module[  9]: 0x00000000000093d9,  18
module[  9]: 0x00000000000093eb,   4
module[  9]: 0x0000000000027760,  48
module[  9]: 0x0000000000027790,  58
module[  9]: 0x00000000000277ca,  56
module[  9]: 0x00000000000093d6,  21
module[  9]: 0x0000000000009418,  33
module[  9]: 0x0000000000009442,  27
module[  9]: 0x000000000000945d,  20
module[  9]: 0x0000000000009471,   9
module[  9]: 0x0000000000009570,   8
module[  9]: 0x0000000000009578,  24
module[  9]: 0x0000000000009590,   9
module[  9]: 0x0000000000009599,  15
module[  9]: 0x00000000000099ee,  40
module[  9]: 0x0000000000009a89,  20
module[  9]: 0x0000000000009a7d,  12
module[  9]: 0x0000000000009af8,  34
module[  9]: 0x0000000000009b1a,   9
module[  9]: 0x00000000000098ee,  19
module[  9]: 0x0000000000009901,  38
module[  9]: 0x0000000000009f09,   9
module[  9]: 0x00000000000099a6,  14
module[  9]: 0x0000000000009726,   9
module[  9]: 0x000000000000972f,  26
module[  9]: 0x0000000000009d4c,  27
module[  9]: 0x0000000000009d67,  14
module[  9]: 0x00000000000097c3,   8
module[  9]: 0x0000000000016710,  41
module[  9]: 0x0000000000016739,  16
module[  9]: 0x0000000000016c10,  24
module[  9]: 0x000000000000c2d0,  47
module[  9]: 0x0000000000025b40,  21
module[  9]: 0x0000000000025b55,  11
module[  9]: 0x0000000000025b60,  17
module[  9]: 0x0000000000025b71,   8
module[  9]: 0x0000000000025b79,   2
module[  9]: 0x000000000000c2ff,   4
module[  9]: 0x000000000000c320,  16
module[  9]: 0x00000000000258f0,  11
module[  9]: 0x00000000000258fb,   8
module[  9]: 0x0000000000025903,   1
module[  9]: 0x000000000000c330,   4
module[  9]: 0x000000000000c334,  13
module[  9]: 0x000000000000c358,  21
module[  9]: 0x000000000000c36d,   5
module[  9]: 0x000000000000c348,   7
module[  9]: 0x0000000000025a20,  11
module[  9]: 0x0000000000025a2b,   8
module[  9]: 0x0000000000025a33,   1
module[  9]: 0x000000000000c34f,   2
module[  9]: 0x000000000000c303,  19
module[  9]: 0x0000000000016c28,   9
module[  9]: 0x0000000000016c31,  17
module[  9]: 0x0000000000016c42,  36
module[  9]: 0x0000000000016f12,  14
module[  9]: 0x0000000000016f20,  34
module[  9]: 0x0000000000016f42,  13
module[  9]: 0x0000000000016f4f,  11
module[  9]: 0x000000000001700b,  19
module[  9]: 0x000000000001675a,  24
module[  9]: 0x0000000000016772,  20
module[  9]: 0x0000000000016786,  15
module[  9]: 0x0000000000016795,  21
module[  9]: 0x00000000000167aa,  15
module[  9]: 0x00000000000167b9,  56
module[  9]: 0x00000000000167f1,  24
module[  9]: 0x0000000000016809,  67
module[  9]: 0x000000000001684c,  12
module[  9]: 0x0000000000016630,  17
module[  9]: 0x0000000000016641,  12
module[  9]: 0x000000000001664d,   8
module[  9]: 0x0000000000016655,   8
module[  9]: 0x000000000001665d,  21
module[  9]: 0x00000000000166fd,   6
module[  9]: 0x0000000000016858,   4
module[  9]: 0x000000000001685c,   2
module[  9]: 0x0000000000016880,  10
module[  9]: 0x0000000000016820,  44
module[  9]: 0x000000000001685e,  10
module[  9]: 0x0000000000016680,   4
module[  9]: 0x0000000000016684,  33
module[  9]: 0x00000000000166be,  17
module[  9]: 0x00000000000166ea,   9
module[  9]: 0x000000000001663d,   4
module[  9]: 0x0000000000016672,   6
module[  9]: 0x0000000000016890,  49
module[  9]: 0x00000000000168e9,   5
module[  9]: 0x00000000000168c8,  11
module[  9]: 0x00000000000168d3,  15
module[  9]: 0x00000000000168e2,   4
module[  9]: 0x00000000000168ee, 106
module[  9]: 0x0000000000016972,   6
module[  9]: 0x000000000001699f,  12
module[  9]: 0x00000000000169ab,  10
module[  9]: 0x00000000000169b5,  26
module[  9]: 0x00000000000169cf,  14
module[  9]: 0x00000000000169dd,  13
module[  9]: 0x00000000000169ea,  15
module[  9]: 0x0000000000016a06,  27
module[  9]: 0x0000000000016a21,  12
module[  9]: 0x0000000000028b3e,  68
module[  9]: 0x0000000000028b82,   5
module[  9]: 0x0000000000016a2d,  32
module[  9]: 0x0000000000016a62,  14
module[  9]: 0x0000000000016a70,  30
module[  9]: 0x000000000002692d,   9
module[  9]: 0x0000000000026936,  14
module[  9]: 0x0000000000016a8e,   8
module[  9]: 0x0000000000028aa0,  19
module[  9]: 0x0000000000028ab3,  13
module[  9]: 0x0000000000028ac0,   5
module[  9]: 0x0000000000028ac5,  18
module[  9]: 0x0000000000016a96,  15
module[  9]: 0x00000000000097cb,  12
module[  9]: 0x00000000000097d7,   9
module[  9]: 0x00000000000097e0,  18
module[  9]: 0x00000000000097f2,  37
module[  9]: 0x0000000000005c80,  45
module[  9]: 0x0000000000005cad,  15
module[  9]: 0x0000000000005cbc,  12
module[  9]: 0x0000000000005cc8,  48
module[  9]: 0x0000000000025be0,   8
module[  9]: 0x0000000000025be8,   8
module[  9]: 0x0000000000025bf0,   1
module[  9]: 0x0000000000005cf8,   9
module[  9]: 0x0000000000005d01,  12
module[  9]: 0x0000000000005d0d,  10
module[  9]: 0x0000000000005d17,  20
module[  9]: 0x0000000000005f70,  20
module[  9]: 0x0000000000005d2b,  13
module[  9]: 0x0000000000005d38,   8
module[  9]: 0x0000000000005d40,   8
module[  9]: 0x0000000000005db0,  10
module[  9]: 0x0000000000005dba,  12
module[  9]: 0x0000000000005dc6,  18
module[  9]: 0x0000000000005dd8,  12
module[  9]: 0x0000000000005de4,  34
module[  9]: 0x0000000000005e30,  28
module[  9]: 0x0000000000005e61,  18
module[  9]: 0x0000000000006000,  11
module[  9]: 0x0000000000005e73,  20
module[  9]: 0x0000000000025bb0,  14
module[  9]: 0x0000000000025bbe,   8
module[  9]: 0x0000000000025bc6,   1
module[  9]: 0x0000000000005e87,   9
module[  9]: 0x0000000000005e06,  18
module[  9]: 0x0000000000009817,  18
module[  9]: 0x0000000000009829,  20
module[  9]: 0x000000000000960f,  28
module[  9]: 0x00000000000094eb,  62
module[  9]: 0x0000000000007a20,  73
module[  9]: 0x0000000000007fa0,  14
module[  9]: 0x0000000000007fae,   8
module[  9]: 0x0000000000007fb6,  57
module[  9]: 0x0000000000008005,  10
module[  9]: 0x000000000000800f,   9
module[  9]: 0x0000000000007ff8,  13
module[  9]: 0x00000000000082b0,  11
module[  9]: 0x0000000000007a7f,  18
module[  9]: 0x0000000000007a91,  13
module[  9]: 0x0000000000007a9e,  33
module[  9]: 0x000000000000c6f7,  14
module[  9]: 0x000000000000c705,  40
module[  9]: 0x000000000000c998,  16
module[  9]: 0x000000000000c78f,  47
module[  9]: 0x000000000000c86f,  24
module[  9]: 0x000000000000c887,  15
module[  9]: 0x000000000000ca18,  24
module[  9]: 0x000000000000c899,  33
module[  9]: 0x000000000000c8ba,   5
module[  9]: 0x000000000000c8bf,  23
module[  9]: 0x000000000000c8d6,   5
module[  9]: 0x000000000000ca60,   9
module[  9]: 0x000000000000ca69,   8
module[  9]: 0x000000000000ca71,   8
module[  9]: 0x000000000000c941,  13
module[  9]: 0x000000000000c94e,  14
module[  9]: 0x000000000000c950,  12
module[  9]: 0x000000000000c95c,  36
module[  9]: 0x0000000000007abf,  12
module[  9]: 0x0000000000007acb,  61
module[  9]: 0x0000000000008060,  28
module[  9]: 0x0000000000008091,  18
module[  9]: 0x0000000000008b61,  11
module[  9]: 0x00000000000080a3,  33
module[  9]: 0x00000000000080c4,   9
module[  9]: 0x0000000000007b14,  58
module[  9]: 0x0000000000007b63,  14
module[  9]: 0x0000000000007b71,  48
module[  9]: 0x0000000000007ba1,  94
module[  9]: 0x0000000000007cf1,  11
module[  9]: 0x0000000000007cfc,   6
module[  9]: 0x0000000000007c00,   9
module[  9]: 0x0000000000007c09,   9
module[  9]: 0x00000000000080e0,  16
module[  9]: 0x0000000000007ce8,   9
module[  9]: 0x0000000000007c12,   9
module[  9]: 0x0000000000007c1b,  30
module[  9]: 0x0000000000007c39, 105
module[  9]: 0x0000000000007cbc,  53
module[  9]: 0x0000000000007ca2,  79
module[  9]: 0x00000000000080f0,  11
module[  9]: 0x00000000000080fb,  63
module[  9]: 0x0000000000008140,  13
module[  9]: 0x000000000000814d,  90
module[  9]: 0x0000000000007d02,  12
module[  9]: 0x0000000000007d0e,   8
module[  9]: 0x00000000000081f0,  14
module[  9]: 0x0000000000007d16,  27
module[  9]: 0x0000000000007d31,  45
module[  9]: 0x0000000000007d5e,  37
module[  9]: 0x0000000000007d70,  19
module[  9]: 0x0000000000007d83,  21
module[  9]: 0x0000000000007d98,  11
module[  9]: 0x0000000000007da3,  13
module[  9]: 0x0000000000007db0,  58
module[  9]: 0x0000000000007dea,  46
module[  9]: 0x0000000000025d67,   9
module[  9]: 0x0000000000007e18,  27
module[  9]: 0x0000000000007e33,  33
module[  9]: 0x0000000000007e92,  29
module[  9]: 0x0000000000007eaf,  15
module[  9]: 0x0000000000007f1f,  35
module[  9]: 0x0000000000007f42,  18
module[  9]: 0x0000000000007f54,  37
module[  9]: 0x0000000000007f79,  10
module[  9]: 0x0000000000007ea1,  14
module[  9]: 0x0000000000007ebe,  43
module[  9]: 0x0000000000007ee9,  15
module[  9]: 0x0000000000007ef8,  23
module[  9]: 0x0000000000026b32,   6
module[  9]: 0x0000000000026b4a,  16
module[  9]: 0x0000000000026b5a,  21
module[  9]: 0x0000000000026b6f,  41
module[  9]: 0x0000000000026b80,  24
module[  9]: 0x0000000000026b98,  16
module[  9]: 0x0000000000007f0f,  16
module[  9]: 0x0000000000008c29,  33
module[  9]: 0x0000000000008c4a,  10
module[  9]: 0x000000000000834d,  20
module[  9]: 0x0000000000008361,  21
module[  9]: 0x0000000000008376,  23
module[  9]: 0x00000000000083af,   6
module[  9]: 0x000000000000839e,  17
module[  9]: 0x00000000000083b5,  13
module[  9]: 0x00000000000083c2,  12
module[  9]: 0x0000000000008400,  20
module[  9]: 0x0000000000008ac6,  15
module[  9]: 0x0000000000008ad5,  19
module[  9]: 0x0000000000008ae8,  17
module[  9]: 0x0000000000008398,  23
module[  9]: 0x00000000000083ce,  11
module[  9]: 0x0000000000008428,   9
module[  9]: 0x0000000000008431,  14
module[  9]: 0x000000000000843f,   9
module[  9]: 0x0000000000008448,  13
module[  9]: 0x0000000000008455,  13
module[  9]: 0x0000000000008462,  13
module[  9]: 0x000000000000846f,  16
module[  9]: 0x000000000000847f,  16
module[  9]: 0x000000000000848f,  16
module[  9]: 0x000000000000849f,  16
module[  9]: 0x00000000000084af,  24
module[  9]: 0x00000000000084c7,   9
module[  9]: 0x00000000000084d0,  12
module[  9]: 0x00000000000084ec,  11
module[  9]: 0x00000000000084f7,   7
module[  9]: 0x00000000000084fe,  18
module[  9]: 0x0000000000008510,  12
module[  9]: 0x000000000000851c,  18
module[  9]: 0x000000000000852e,  12
module[  9]: 0x000000000000853a,  16
module[  9]: 0x0000000000008551,   5
module[  9]: 0x000000000000855d,   9
module[  9]: 0x0000000000008b19,  12
module[  9]: 0x0000000000008566,  16
module[  9]: 0x0000000000008576,  22
module[  9]: 0x000000000000858c,  13
module[  9]: 0x0000000000008599,   8
module[  9]: 0x0000000000008af9,  19
module[  9]: 0x00000000000085a1,  10
module[  9]: 0x00000000000085b6,  12
module[  9]: 0x00000000000085cd,   4
module[  9]: 0x00000000000085df,  16
module[  9]: 0x00000000000085ef,  38
module[  9]: 0x0000000000008615,  12
module[  9]: 0x0000000000008621,  43
module[  9]: 0x000000000000864c,  12
module[  9]: 0x0000000000008685,  12
module[  9]: 0x0000000000008660,   7
module[  9]: 0x000000000000867c,   9
module[  9]: 0x0000000000008667,  14
module[  9]: 0x0000000000008675,  16
module[  9]: 0x0000000000008691,  10
module[  9]: 0x0000000000008824,  11
module[  9]: 0x000000000000882f,   8
module[  9]: 0x0000000000008837,  13
module[  9]: 0x0000000000008844,  34
module[  9]: 0x0000000000008866,   8
module[  9]: 0x000000000000886e,   6
module[  9]: 0x0000000000008874,  14
module[  9]: 0x0000000000008882,  10
module[  9]: 0x0000000000008893,  30
module[  9]: 0x00000000000088b1,  14
module[  9]: 0x00000000000088bf,  42
module[  9]: 0x0000000000008d01,  16
module[  9]: 0x0000000000008d11,  24
module[  9]: 0x0000000000008d2d,  18
module[  9]: 0x0000000000008d3f,   8
module[  9]: 0x0000000000008d47,  21
module[  9]: 0x00000000000088e9,  10
module[  9]: 0x00000000000088f3,  19
module[  9]: 0x0000000000008906,   8
module[  9]: 0x0000000000013de0,  28
module[  9]: 0x0000000000013dfc,  19
module[  9]: 0x000000000000890e,  12
module[  9]: 0x000000000000c660,  12
module[  9]: 0x000000000000891a,  13
module[  9]: 0x0000000000008927,   9
module[  9]: 0x0000000000002830,  16
module[  9]: 0x0000000000002854,   7
module[  9]: 0x000000000000285b,   1
module[  9]: 0x0000000000008930,  14
module[  9]: 0x0000000000008b25,   9
module[  9]: 0x0000000000008958,  36
module[  9]: 0x000000000000897c,  12
module[  9]: 0x0000000000008988,   5
module[  9]: 0x0000000000008049,  18
module[  9]: 0x0000000000009529,  12
module[  9]: 0x0000000000009403,  18
module[  9]: 0x0000000000002a2d,  10
module[  9]: 0x000000000000151c,  16
module[  9]: 0x000000000000152c,  37
module[  9]: 0x0000000000002e67,  14
module[  9]: 0x0000000000002e75,  16
module[  9]: 0x0000000000002e85,   8
module[  9]: 0x0000000000002ea2,  93
module[  9]: 0x0000000000002f0a,  17
module[  9]: 0x0000000000002d50,  10
module[  9]: 0x0000000000002f90,  16
module[  9]: 0x0000000000002f1b,  19
module[  9]: 0x0000000000002c02,   9
module[  9]: 0x0000000000002c94,   6
module[  9]: 0x0000000000002cae,   9
module[  9]: 0x0000000000002ca8,   6
module[  9]: 0x0000000000002c9a,   9
module[  9]: 0x0000000000002bc0,  22
module[  9]: 0x00000000000035a3,  17
module[  9]: 0x00000000000035b4,  27
module[  9]: 0x0000000000025c40,  44
module[  9]: 0x0000000000025c71,   6
module[  9]: 0x0000000000025c9e,  16
module[  9]: 0x00000000000035cf,  15
module[  9]: 0x00000000000035de,  12
module[  9]: 0x0000000000027310,  98
module[  9]: 0x0000000000027420,  21
module[  9]: 0x000000000000c3c8,  10
module[  9]: 0x0000000000002eff,  28
module[  9]: 0x0000000000002d50,  10
module[  9]: 0x0000000000002f90,  16
module[  9]: 0x0000000000002f0a,  17
module[  9]: 0x0000000000002c0b,  44
module[  9]: 0x0000000000002c37,  26
module[  9]: 0x0000000000002c51,  26
module[  9]: 0x0000000000002c6b,  19
module[  9]: 0x0000000000002c7e,  28
module[  9]: 0x0000000000002be3,  14
module[  9]: 0x0000000000002bf1,  17
module[  9]: 0x0000000000002cb7,  36
module[  9]: 0x0000000000003109,  12
module[  9]: 0x0000000000003137,  10
module[  9]: 0x0000000000003141,   5
module[  9]: 0x0000000000003146,  26
module[  9]: 0x000000000000317e,  34
module[  9]: 0x00000000000031a0,  26
module[  9]: 0x00000000000031ba,  42
module[  9]: 0x00000000000031e4,  10
module[  9]: 0x0000000000003207,  13
module[  9]: 0x0000000000003214,  26
module[  9]: 0x0000000000003204,  16
module[  9]: 0x00000000000031f0,  20
module[  9]: 0x000000000000322e,  16
module[  9]: 0x0000000000003770,   8
module[  9]: 0x00000000000033f3,   9
module[  9]: 0x00000000000033fc,  20
module[  9]: 0x0000000000003740,  22
module[  9]: 0x0000000000003756,  19
module[  9]: 0x00000000000034c8,  61
module[  9]: 0x00000000000133a0,  49
module[  9]: 0x000000000001365d,  29
module[  9]: 0x000000000001367a,  25
module[  9]: 0x0000000000013680,  19
module[  9]: 0x0000000000013693,  33
module[  9]: 0x00000000000136c9,  13
module[  9]: 0x00000000000136d6,  52
module[  9]: 0x000000000001371d,  13
module[  9]: 0x000000000001372a,  11
module[  9]: 0x0000000000013290,  39
module[  9]: 0x00000000000132da,   5
module[  9]: 0x00000000000132df,  23
module[  9]: 0x0000000000013735,   9
module[  9]: 0x0000000000013710,  13
module[  9]: 0x00000000000132b7,   8
module[  9]: 0x00000000000132bf,  14
module[  9]: 0x00000000000132cd,  13
module[  9]: 0x00000000000132c4,   9
module[  9]: 0x000000000001373e,  16
module[  9]: 0x000000000001386d,  11
module[  9]: 0x0000000000013878,   5
module[  9]: 0x000000000001379e,   5
module[  9]: 0x00000000000137a3,   6
module[  9]: 0x00000000000137de,   9
module[  9]: 0x00000000000134f6,  15
module[  9]: 0x0000000000003505,  43
module[  9]: 0x000000000000354a,  12
module[  9]: 0x0000000000003569,   9
module[  9]: 0x0000000000003572,  15
module[  9]: 0x000000000002241c,  40
module[  9]: 0x0000000000022444,  42
module[  9]: 0x0000000000022458,  22
module[  9]: 0x000000000002246e,  23
module[  9]: 0x0000000000022485,  13
module[  9]: 0x0000000000022492,  18
module[  9]: 0x00000000000224b7,   5
module[  9]: 0x00000000000224a8,  15
module[  9]: 0x00000000000224bc,  11
module[  9]: 0x00000000000224c7,  22
module[  9]: 0x00000000000224dd,  10
module[  9]: 0x00000000000224eb,  23
module[  9]: 0x0000000000022502,   5
module[  9]: 0x0000000000022510,   9
module[  9]: 0x0000000000022519,  23
module[  9]: 0x0000000000022545,  63
module[  9]: 0x00000000000013e0,  33
module[  9]: 0x0000000000001401,  27
module[  9]: 0x000000000001fc70,  36
module[  9]: 0x00000000000165a0,  20
module[  9]: 0x00000000000165b4,  21
module[  9]: 0x00000000000165e0,  14
module[  9]: 0x0000000000015c90,  39
module[  9]: 0x0000000000015cb7,  23
module[  9]: 0x0000000000015cce,  23
module[  9]: 0x0000000000015ce5,  44
module[  9]: 0x0000000000015d11,  85
module[  9]: 0x0000000000015d7d,  11
module[  9]: 0x0000000000015d88,   4
module[  9]: 0x0000000000015d70,  13
module[  9]: 0x0000000000028050,  58
module[  9]: 0x000000000002808a,  56
module[  9]: 0x0000000000015d8c,  17
module[  9]: 0x0000000000015d9d,  87
module[  9]: 0x0000000000015df4,  44
module[  9]: 0x0000000000015e24,  16
module[  9]: 0x0000000000015e34,  17
module[  9]: 0x0000000000015e45,  13
module[  9]: 0x0000000000015e52,  10
module[  9]: 0x0000000000015e5c,  35
module[  9]: 0x0000000000015e7f,  13
module[  9]: 0x0000000000015e8c,  11
module[  9]: 0x0000000000015e74,  11
module[  9]: 0x0000000000015f70,  28
module[  9]: 0x0000000000028520,  48
module[  9]: 0x0000000000028550,  58
module[  9]: 0x000000000002858a,  56
module[  9]: 0x0000000000015f8c,  15
module[  9]: 0x0000000000015f9b,  12
module[  9]: 0x0000000000015f51,  23
module[  9]: 0x0000000000015f68,   8
module[  9]: 0x0000000000015dc0,  52
module[  9]: 0x0000000000015fc8,  24
module[  9]: 0x00000000000161a7,  30
module[  9]: 0x0000000000016402,  11
module[  9]: 0x0000000000016216,  26
module[  9]: 0x0000000000016230,  23
module[  9]: 0x0000000000016247,  32
module[  9]: 0x0000000000016267,  16
module[  9]: 0x0000000000016277,  25
module[  9]: 0x00000000000162cf,  29
module[  9]: 0x0000000000016290,  60
module[  9]: 0x00000000000162cc,  32
module[  9]: 0x00000000000162f8,   7
module[  9]: 0x0000000000016304,   5
module[  9]: 0x0000000000016358,   7
module[  9]: 0x000000000001635f,  10
module[  9]: 0x0000000000016377,  24
module[  9]: 0x00000000000165ee,  20
module[  9]: 0x00000000000165c0,   9
module[  9]: 0x000000000001619f,   8
module[  9]: 0x00000000000163cf,  26
module[  9]: 0x00000000000161c5,  36
module[  9]: 0x00000000000161e9,  31
module[  9]: 0x0000000000016208,  14
module[  9]: 0x00000000000163eb,   8
module[  9]: 0x0000000000016412,   9
module[  9]: 0x000000000001641b,   8
module[  9]: 0x0000000000016309,   6
module[  9]: 0x0000000000016346,   6
module[  9]: 0x000000000001634c,   7
module[  9]: 0x0000000000016343,   9
module[  9]: 0x000000000001630f,  52
module[  9]: 0x0000000000016353,   5
module[  9]: 0x0000000000015e0c,  20
module[  9]: 0x0000000000015e74,  11
module[  9]: 0x00000000000161f0,  24
module[  9]: 0x0000000000016369,  14
module[  9]: 0x0000000000016507,  18
module[  9]: 0x000000000001651c,  16
module[  9]: 0x000000000001652c,   9
module[  9]: 0x0000000000016549,   6
module[  9]: 0x000000000001654f,  20
module[  9]: 0x0000000000028ca0,  13
module[  9]: 0x0000000000028cad,  10
module[  9]: 0x0000000000028cb7,  20
module[  9]: 0x0000000000028ccb,   5
module[  9]: 0x0000000000028cd0,  50
module[  9]: 0x000000000002a4d0,   9
module[  9]: 0x000000000002a4d9,  11
module[  9]: 0x0000000000016563,   4
module[  9]: 0x0000000000016538,  17
module[  9]: 0x0000000000016602,  12
module[  9]: 0x000000000001fc94,   4
module[  9]: 0x000000000001fc9e,   6
module[  9]: 0x000000000000141c,   9
module[  9]: 0x0000000000001425,  19
module[  9]: 0x0000000000022584,  27
module[  9]: 0x00000000000234d4,   7
module[  9]: 0x0000000000020040,  35
module[  9]: 0x0000000000020063,  26
module[  9]: 0x000000000002007d,  36
module[  9]: 0x00000000000200a1,  16
module[  9]: 0x00000000000200b1,  21
module[  9]: 0x0000000000020148,  13
module[  9]: 0x00000000000200b8,  14
module[  9]: 0x00000000000200c6,  24
module[  9]: 0x0000000000020155,   2
module[  9]: 0x00000000000200de,  16
module[  9]: 0x00000000000200ee,   8
module[  9]: 0x0000000000013d40,  39
module[  9]: 0x0000000000013d67,  19
module[  9]: 0x0000000000013d7a,  29
module[  9]: 0x0000000000013d97,  47
module[  9]: 0x00000000000200f6,   5
module[  9]: 0x0000000000014000,  41
module[  9]: 0x0000000000014029,  11
module[  9]: 0x0000000000014034,  13
module[  9]: 0x0000000000014041,  27
module[  9]: 0x00000000000140ac,  10
module[  9]: 0x00000000000140b6,  53
module[  9]: 0x0000000000014060,  32
module[  9]: 0x0000000000014089,  35
module[  9]: 0x0000000000014121,  69
module[  9]: 0x00000000000200fb,   5
module[  9]: 0x00000000000141f0,  42
module[  9]: 0x0000000000025e1e,   1
module[  9]: 0x000000000001421a,   9
module[  9]: 0x0000000000014223, 106
module[  9]: 0x000000000001428d,   5
module[  9]: 0x0000000000014292,  25
module[  9]: 0x0000000000020100,  12
module[  9]: 0x000000000002010c,  33
module[  9]: 0x000000000002012d,   4
module[  9]: 0x0000000000020131,   5
module[  9]: 0x0000000000014ed0,  82
module[  9]: 0x0000000000014f22,  92
module[  9]: 0x0000000000014f7e,  16
module[  9]: 0x0000000000014f8e,   7
module[  9]: 0x0000000000014fd8,  30
module[  9]: 0x0000000000014ff6,   7
module[  9]: 0x0000000000014ffd,  15
module[  9]: 0x0000000000014fa8,  41
module[  9]: 0x0000000000020136,  15
module[  9]: 0x00000000000234db,  12
module[  9]: 0x000000000002259f,   5
module[  9]: 0x00000000000225a4,  63
module[  9]: 0x00000000000225e3,  70
module[  9]: 0x0000000000022629,  30
module[  9]: 0x0000000000022647,  33
module[  9]: 0x0000000000022673,  12
module[  9]: 0x000000000002267f,   5
module[  9]: 0x000000000002269d,   9
module[  9]: 0x0000000000022670,  15
module[  9]: 0x0000000000022684,   6
module[  9]: 0x000000000002268a,  19
module[  9]: 0x00000000000226a6,  15
module[  9]: 0x0000000000017bc0,  31
module[  9]: 0x0000000000017bdf,  65
module[  9]: 0x0000000000017c20,   8
module[  9]: 0x0000000000017c28,  14
module[  9]: 0x0000000000017c36,  13
module[  9]: 0x0000000000017c43,  34
module[  9]: 0x0000000000017c65,  13
module[  9]: 0x0000000000017c72,   9
module[  9]: 0x0000000000017ca1,  19
module[  9]: 0x00000000000226b5,  39
module[  9]: 0x00000000000226dc,  22
module[  9]: 0x000000000000f240,  50
module[  9]: 0x000000000000f272,  30
module[  9]: 0x000000000000f290,  20
module[  9]: 0x000000000000f2f6,  23
module[  9]: 0x000000000000f720,  14
module[  9]: 0x000000000000f72e,   8
module[  9]: 0x000000000000f736,  19
module[  9]: 0x000000000000f749,   8
module[  9]: 0x000000000000f3a0,  32
module[  9]: 0x000000000000f3c0,  16
module[  9]: 0x000000000000f3d0,  34
module[  9]: 0x000000000000f3f2,   4
module[  9]: 0x000000000000f413,   7
module[  9]: 0x000000000000f400,  19
module[  9]: 0x000000000000f41a,   8
module[  9]: 0x000000000000f422,  10
module[  9]: 0x000000000000f42f,   9
module[  9]: 0x000000000000f428,   4
module[  9]: 0x000000000000f42c,  12
module[  9]: 0x000000000000f428,   4
module[  9]: 0x000000000000f42c,  12
module[  9]: 0x000000000000f438,  16
module[  9]: 0x000000000000f42f,   9
module[  9]: 0x000000000000f448,  49
module[  9]: 0x000000000000f479,  11
module[  9]: 0x000000000000f484,  52
module[  9]: 0x000000000000f4c0,  10
module[  9]: 0x000000000000f4ca,  68
module[  9]: 0x000000000000f519,   9
module[  9]: 0x000000000000f522,   9
module[  9]: 0x00000000000104aa,  12
module[  9]: 0x000000000000f52f, 123
module[  9]: 0x000000000000f8d0,  12
module[  9]: 0x000000000000f8dc,   5
module[  9]: 0x000000000000f914,  16
module[  9]: 0x000000000000f924,  25
module[  9]: 0x000000000000f93d,  16
module[  9]: 0x000000000000f94d,  50
module[  9]: 0x000000000000f97f, 124
module[  9]: 0x000000000000f9fb,  14
module[  9]: 0x000000000000fa09,  10
module[  9]: 0x000000000000fa13,   9
module[  9]: 0x000000000000fa1c,  18
module[  9]: 0x000000000000fa2e,  21
module[  9]: 0x000000000000fa43,  13
module[  9]: 0x000000000000fa50,  10
module[  9]: 0x000000000000fa5a,  15
module[  9]: 0x000000000000fa69,  12
module[  9]: 0x000000000000fa75,  49
module[  9]: 0x000000000000faaa,  14
module[  9]: 0x000000000000fab8,  43
module[  9]: 0x000000000000a5c2,  27
module[  9]: 0x000000000000a610,  13
module[  9]: 0x000000000000a41c,  41
module[  9]: 0x000000000000a4b8,  11
module[  9]: 0x000000000000a4c3,   4
module[  9]: 0x000000000000fae3,  46
module[  9]: 0x000000000000fb11,  18
module[  9]: 0x000000000000fb23,  14
module[  9]: 0x000000000000fb3a,   6
module[  9]: 0x000000000000fb40,  17
module[  9]: 0x000000000000fb70,  27
module[  9]: 0x000000000000fb8b,  20
module[  9]: 0x000000000000f9a0,  91
module[  9]: 0x00000000000100d8,  20
module[  9]: 0x000000000000ffd0,  13
module[  9]: 0x000000000000ffdd,  21
module[  9]: 0x000000000000fff2,  29
module[  9]: 0x000000000000fb81,  10
module[  9]: 0x000000000000fb74,  23
module[  9]: 0x000000000000b120,  12
module[  9]: 0x000000000000b12c,  28
module[  9]: 0x000000000000b3b0,  16
module[  9]: 0x000000000000ab30,  14
module[  9]: 0x0000000000027c60,  48
module[  9]: 0x0000000000027c90,  58
module[  9]: 0x0000000000027cca,  56
module[  9]: 0x0000000000027d02,  14
module[  9]: 0x0000000000027d10,  56
module[  9]: 0x00000000000101b0,  17
module[  9]: 0x00000000000101c1,   9
module[  9]: 0x00000000000101ca,  10
module[  9]: 0x00000000000101d4,  10
module[  9]: 0x0000000000011cc7,  11
module[  9]: 0x0000000000011cd2,   5
module[  9]: 0x00000000000101ed,  31
module[  9]: 0x000000000000fb09,   8
module[  9]: 0x000000000000a590,  10
module[  9]: 0x000000000000a59a,  34
module[  9]: 0x000000000000a5c2,  27
module[  9]: 0x000000000000a5dd,  51
module[  9]: 0x00000000000279e0,  48
module[  9]: 0x0000000000027dd0,  58
module[  9]: 0x0000000000027e0a,  56
module[  9]: 0x000000000000f9a0,  91
module[  9]: 0x000000000000f9fb,  14
module[  9]: 0x000000000000fa09,  10
module[  9]: 0x000000000000fa13,   9
module[  9]: 0x000000000000fa1c,  18
module[  9]: 0x000000000000fa2e,  21
module[  9]: 0x000000000000fa43,  13
module[  9]: 0x00000000000101b0,  17
module[  9]: 0x00000000000101c1,   9
module[  9]: 0x00000000000101ca,  10
module[  9]: 0x00000000000101d4,  10
module[  9]: 0x0000000000011cc7,  11
module[  9]: 0x0000000000011cd2,   5
module[  9]: 0x000000000000fb23,  14
module[  9]: 0x000000000000fb3a,   6
module[  9]: 0x000000000000fb40,  17
module[  9]: 0x000000000000fb70,  27
module[  9]: 0x000000000000a870,  12
module[  9]: 0x000000000000a87c,  12
module[  9]: 0x000000000000fa80,  38
module[  9]: 0x000000000000a530,  93
module[  9]: 0x000000000000a61d,  14
module[  9]: 0x000000000000a62b,   5
module[  9]: 0x000000000000a639,   9
module[  9]: 0x000000000000a651,  13
module[  9]: 0x000000000000a390,  60
module[  9]: 0x000000000000a3cc,  32
module[  9]: 0x000000000000a3ec,   5
module[  9]: 0x000000000000a407,  12
module[  9]: 0x000000000000a413,   9
module[  9]: 0x000000000000a41c,  41
module[  9]: 0x000000000000a4b8,  11
module[  9]: 0x00000000000274e0,  21
module[  9]: 0x00000000000274f5,   5
module[  9]: 0x00000000000274fa,  50
module[  9]: 0x0000000000028900,  15
module[  9]: 0x000000000000a4c3,   4
module[  9]: 0x000000000000a785,  67
module[  9]: 0x000000000000a7c8,   5
module[  9]: 0x000000000000a7cd,   9
module[  9]: 0x000000000000a7d6,  15
module[  9]: 0x000000000000a7e5,   8
module[  9]: 0x000000000000a7ed,   8
module[  9]: 0x000000000000b148,  30
module[  9]: 0x000000000000b166,  10
module[  9]: 0x000000000000b170,  21
module[  9]: 0x000000000000b185,   9
module[  9]: 0x000000000000b18e,  45
module[  9]: 0x000000000000b1d0,  44
module[  9]: 0x000000000000a451,  18
module[  9]: 0x000000000000a8c9,  13
module[  9]: 0x000000000000a610,  13
module[  9]: 0x000000000000a61d,  14
module[  9]: 0x000000000000a62b,   5
module[  9]: 0x000000000000a639,   9
module[  9]: 0x000000000000a651,  13
module[  9]: 0x000000000000b0d0,  64
module[  9]: 0x000000000000b110,  28
module[  9]: 0x000000000000b12c,  28
module[  9]: 0x000000000000b266,  13
module[  9]: 0x000000000000b273,  22
module[  9]: 0x000000000000fae3,  46
module[  9]: 0x000000000000fb11,  18
module[  9]: 0x00000000000100f8,  33
module[  9]: 0x0000000000010010,  13
module[  9]: 0x000000000000fdf8,  16
module[  9]: 0x0000000000027ee0,  48
module[  9]: 0x000000000000a7f5,  31
module[  9]: 0x000000000000b1fc,   8
module[  9]: 0x000000000000b204,  29
module[  9]: 0x000000000000b221,   5
module[  9]: 0x000000000000b226,  10
module[  9]: 0x000000000000b230,  26
module[  9]: 0x000000000000b24a,  28
module[  9]: 0x00000000000282a0,  48
module[  9]: 0x00000000000282d0,  58
module[  9]: 0x000000000002830a,  56
module[  9]: 0x0000000000028410,  58
module[  9]: 0x000000000002844a,  56
module[  9]: 0x0000000000028482,  14
module[  9]: 0x0000000000028490,  56
module[  9]: 0x000000000000a818,  25
module[  9]: 0x000000000000a831,  61
module[  9]: 0x000000000000a87c,  12
module[  9]: 0x00000000000287a0,  48
module[  9]: 0x00000000000285c2,  14
module[  9]: 0x00000000000285d0,  56
module[  9]: 0x000000000000fb8b,  20
module[  9]: 0x0000000000027b20,  48
module[  9]: 0x000000000000fb9f,  40
module[  9]: 0x000000000000fbc7,  13
module[  9]: 0x000000000000fbd4,  29
module[  9]: 0x000000000000fc05,   9
module[  9]: 0x000000000000fc0e,  65
module[  9]: 0x0000000000010150,  20
module[  9]: 0x000000000000fd2b,  14
module[  9]: 0x000000000000fd42,  10
module[ 14]: 0x00000000000c86b0,  27
module[ 14]: 0x00000000000c86cb,  36
module[ 14]: 0x00000000000c86ef,  85
module[ 14]: 0x00000000000c874b,   3
module[  9]: 0x000000000000fd4c,  16
module[  9]: 0x000000000000fbf8,  13
module[ 14]: 0x00000000000b5050,  36
module[ 14]: 0x00000000000b5080,   9
module[ 14]: 0x00000000000b5089,  11
module[ 14]: 0x00000000000b5094,   4
module[ 14]: 0x00000000000b5098,  12
module[ 14]: 0x00000000000b50a4,  23
module[ 14]: 0x00000000000b5074,   4
module[ 14]: 0x00000000000b50e0,  37
module[ 14]: 0x00000000000b31a0,  34
module[ 14]: 0x00000000000b31f0,   5
module[ 14]: 0x00000000000b31f5,   4
module[ 14]: 0x00000000000b31f9,  15
module[ 14]: 0x00000000000b3208,  12
module[ 14]: 0x00000000000b3214,   1
module[ 14]: 0x00000000000cc3b0,  28
module[ 14]: 0x00000000000cc3f0,  14
module[ 14]: 0x00000000000cc3fe,   4
module[ 14]: 0x00000000000cc402,  12
module[ 14]: 0x00000000000cc40e,  15
module[ 14]: 0x00000000000cc41d,   1
module[ 14]: 0x00000000000b2290,  29
module[ 14]: 0x00000000000b22ad,  14
module[ 14]: 0x00000000000b22bb,  12
module[ 14]: 0x00000000000b22c7,   8
module[ 14]: 0x00000000000b22cf,   5
module[ 14]: 0x00000000000b22d4,   5
module[ 14]: 0x00000000000b22d9,  21
module[ 14]: 0x00000000000cbb20,  28
module[ 14]: 0x00000000000cbb60,  14
module[ 14]: 0x00000000000cbb6e,   4
module[ 14]: 0x00000000000cbb72,  12
module[ 14]: 0x00000000000cbb7e,  15
module[ 14]: 0x00000000000cbb8d,   1
module[ 14]: 0x0000000000137600,  29
module[ 14]: 0x000000000013761d,  14
module[ 14]: 0x000000000013762b,   5
module[ 14]: 0x0000000000137630,   8
module[ 14]: 0x0000000000137638,   8
module[ 14]: 0x0000000000137660,   9
module[ 14]: 0x00000000001376f8,  25
module[ 14]: 0x00000000001373c0,  29
module[ 14]: 0x00000000001373dd,  14
module[ 14]: 0x00000000001373eb,   5
module[ 14]: 0x00000000001373f0,   8
module[ 14]: 0x00000000001373f8,   8
module[ 14]: 0x0000000000137420,   9
module[ 14]: 0x00000000001374b8,  25
module[ 14]: 0x00000000000b2200,  36
module[ 14]: 0x00000000000b2230,   9
module[ 14]: 0x00000000000b2239,  11
module[ 14]: 0x00000000000b2244,   4
module[ 14]: 0x00000000000b2248,  12
module[ 14]: 0x00000000000b2254,  23
module[ 14]: 0x00000000000b2224,   4
module[ 14]: 0x00000000000cc350,  36
module[ 14]: 0x00000000000cc378,  11
module[ 14]: 0x00000000000cc383,   4
module[ 14]: 0x00000000000cc387,  22
module[ 14]: 0x00000000000b1720,  29
module[ 14]: 0x00000000000b173d,  14
module[ 14]: 0x00000000000b174b,   5
module[ 14]: 0x00000000000b1750,   8
module[ 14]: 0x00000000000b1758,   8
module[ 14]: 0x00000000000b1780,   9
module[ 14]: 0x00000000000b1818,  25
module[ 14]: 0x00000000000ca8e0,  36
module[ 14]: 0x00000000000ca910,   9
module[ 14]: 0x00000000000ca919,  11
module[ 14]: 0x00000000000ca924,   4
module[ 14]: 0x00000000000ca928,  12
module[ 14]: 0x00000000000ca934,  23
module[ 14]: 0x00000000000ca904,   4
module[ 14]: 0x00000000000b3090,  34
module[ 14]: 0x00000000000b30d0,   5
module[ 14]: 0x00000000000b30d5,   4
module[ 14]: 0x00000000000b30d9,  12
module[ 14]: 0x00000000000b30e5,  12
module[ 14]: 0x00000000000b30f1,   1
module[ 14]: 0x0000000000137720,  29
module[ 14]: 0x000000000013773d,  14
module[ 14]: 0x000000000013774b,  12
module[ 14]: 0x0000000000137757,   8
module[ 14]: 0x000000000013775f,   5
module[ 14]: 0x0000000000137764,   5
module[ 14]: 0x0000000000137769,  21
module[ 14]: 0x00000000000b5110,  36
module[ 14]: 0x00000000000b5140,   9
module[ 14]: 0x00000000000b5149,  11
module[ 14]: 0x00000000000b5154,   4
module[ 14]: 0x00000000000b5158,  12
module[ 14]: 0x00000000000b5164,  23
module[ 14]: 0x00000000000b5134,   4
module[ 14]: 0x00000000000ca990,  36
module[ 14]: 0x00000000000ca9c0,   9
module[ 14]: 0x00000000000ca9c9,  11
module[ 14]: 0x00000000000ca9d4,   4
module[ 14]: 0x00000000000ca9d8,  12
module[ 14]: 0x00000000000ca9e4,  23
module[ 14]: 0x00000000000ca9b4,   4
module[ 14]: 0x00000000000b24b0,  29
module[ 14]: 0x00000000000b24cd,  11
module[ 14]: 0x00000000000b24d8,   4
module[ 14]: 0x00000000000b24dc,  12
module[ 14]: 0x00000000000b24e8,  22
module[ 14]: 0x00000000000d8eb0,  36
module[ 14]: 0x00000000000d8ed8,  11
module[ 14]: 0x00000000000d8ee3,  12
module[ 14]: 0x00000000000d8eef,  11
module[ 14]: 0x00000000000d8efa,  22
module[ 14]: 0x00000000000b4ef0,  29
module[ 14]: 0x00000000000b4f38,  14
module[ 14]: 0x00000000000b4f46,   4
module[ 14]: 0x00000000000b4f4a,  12
module[ 14]: 0x00000000000b4f56,  15
module[ 14]: 0x00000000000b4f65,   2
module[ 14]: 0x00000000000b4f2f,   4
module[ 14]: 0x00000000000b2510,  29
module[ 14]: 0x00000000000b2558,  14
module[ 14]: 0x00000000000b2566,   4
module[ 14]: 0x00000000000b256a,  12
module[ 14]: 0x00000000000b2576,  15
module[ 14]: 0x00000000000b2585,   2
module[ 14]: 0x00000000000b254f,   4
module[ 14]: 0x00000000000b4310,  37
module[ 14]: 0x00000000000cb8f0,  28
module[ 14]: 0x00000000000cb930,  14
module[ 14]: 0x00000000000cb93e,   4
module[ 14]: 0x00000000000cb942,  15
module[ 14]: 0x00000000000cb951,   1
module[ 14]: 0x00000000000b3020,  28
module[ 14]: 0x00000000000b303c,   5
module[ 14]: 0x00000000000b3041,   4
module[ 14]: 0x00000000000b3045,  12
module[ 14]: 0x00000000000b3051,  12
module[ 14]: 0x00000000000b3075,   1
module[ 14]: 0x00000000000b4df0,  29
module[ 14]: 0x00000000000b4e38,  14
module[ 14]: 0x00000000000b4e46,   4
module[ 14]: 0x00000000000b4e4a,  12
module[ 14]: 0x00000000000b4e56,  15
module[ 14]: 0x00000000000b4e65,   2
module[ 14]: 0x00000000000b4e2f,   4
module[ 14]: 0x00000000000b3110,  36
module[ 14]: 0x00000000000b3140,   9
module[ 14]: 0x00000000000b3149,  11
module[ 14]: 0x00000000000b3154,   4
module[ 14]: 0x00000000000b3158,  12
module[ 14]: 0x00000000000b3164,  23
module[ 14]: 0x00000000000b3134,   4
module[ 14]: 0x00000000000b1630,  29
module[ 14]: 0x00000000000b164d,   9
module[ 14]: 0x00000000000b1656,   5
module[ 14]: 0x00000000000b165b,  11
module[ 14]: 0x00000000000b1666,   4
module[ 14]: 0x00000000000b166a,  12
module[ 14]: 0x00000000000b1676,  25
module[ 14]: 0x00000000000d8fe0,  29
module[ 14]: 0x00000000000d8ffd,  11
module[ 14]: 0x00000000000d902d,   1
module[ 14]: 0x00000000000b42a0,  28
module[ 14]: 0x00000000000b42bc,   5
module[ 14]: 0x00000000000b42c1,   4
module[ 14]: 0x00000000000b42c5,  12
module[ 14]: 0x00000000000b42d1,  12
module[ 14]: 0x00000000000b42f5,   1
module[ 14]: 0x00000000000b25b0,  29
module[ 14]: 0x00000000000b25f8,  14
module[ 14]: 0x00000000000b2606,   4
module[ 14]: 0x00000000000b260a,  12
module[ 14]: 0x00000000000b2616,  15
module[ 14]: 0x00000000000b2625,   2
module[ 14]: 0x00000000000b25ef,   4
module[ 14]: 0x00000000000ca880,  36
module[ 14]: 0x00000000000ca8a8,  11
module[ 14]: 0x00000000000ca8b3,   4
module[ 14]: 0x00000000000ca8b7,  22
module[ 14]: 0x00000000000b4cc0,  36
module[ 14]: 0x00000000000b4cf0,   9
module[ 14]: 0x00000000000b4cf9,  11
module[ 14]: 0x00000000000b4d04,   4
module[ 14]: 0x00000000000b4d08,  12
module[ 14]: 0x00000000000b4d14,  23
module[ 14]: 0x00000000000b4ce4,   4
module[ 14]: 0x00000000000b4f90,  29
module[ 14]: 0x00000000000b4fad,  11
module[ 14]: 0x00000000000b4fb8,   4
module[ 14]: 0x00000000000b4fbc,  12
module[ 14]: 0x00000000000b4fc8,  22
module[  9]: 0x000000000000fc05,   9
module[  9]: 0x000000000000fc0e,  65
module[  9]: 0x0000000000010150,  20
module[ 14]: 0x00000000000d8f30,  29
module[ 14]: 0x00000000000d8f4d,   9
module[ 14]: 0x00000000000d8f56,   5
module[ 14]: 0x00000000000d8f5b,  11
module[ 14]: 0x00000000000d8f66,   4
module[ 14]: 0x00000000000d8f6a,  12
module[ 14]: 0x00000000000d8f76,  25
module[ 14]: 0x00000000001374e0,  29
module[ 14]: 0x00000000001374fd,  14
module[ 14]: 0x000000000013750b,   5
module[ 14]: 0x0000000000137510,   8
module[ 14]: 0x0000000000137518,   8
module[ 14]: 0x0000000000137540,   9
module[ 14]: 0x00000000001375d8,  25
module[ 14]: 0x00000000000b2440,  28
module[ 14]: 0x00000000000b245c,   5
module[ 14]: 0x00000000000b2461,   4
module[ 14]: 0x00000000000b2465,  12
module[ 14]: 0x00000000000b2471,  12
module[ 14]: 0x00000000000b2495,   1
module[ 14]: 0x00000000000b1fc0,  29
module[ 14]: 0x00000000000b1fdd,  14
module[ 14]: 0x00000000000b1feb,   5
module[ 14]: 0x00000000000b1ff0,   8
module[ 14]: 0x00000000000b1ff8,   8
module[ 14]: 0x00000000000b2020,   9
module[ 14]: 0x00000000000b20b8,  25
module[ 14]: 0x00000000000b15b0,  36
module[ 14]: 0x00000000000b15d8,  11
module[ 14]: 0x00000000000b15e3,  12
module[ 14]: 0x00000000000b15ef,  11
module[ 14]: 0x00000000000b15fa,  22
module[ 14]: 0x00000000000b52e0,  37
module[ 14]: 0x00000000000ca320,  36
module[ 14]: 0x00000000000ca348,  11
module[ 14]: 0x00000000000ca353,   4
module[ 14]: 0x00000000000ca357,  22
module[ 14]: 0x00000000000b20e0,  29
module[ 14]: 0x00000000000b20fd,  14
module[ 14]: 0x00000000000b210b,   5
module[ 14]: 0x00000000000b2110,   8
module[ 14]: 0x00000000000b2118,   8
module[ 14]: 0x00000000000b2140,   9
module[ 14]: 0x00000000000b21d8,  25
module[ 14]: 0x00000000000b4d50,  29
module[ 14]: 0x00000000000b4d98,  14
module[ 14]: 0x00000000000b4da6,   4
module[ 14]: 0x00000000000b4daa,  12
module[ 14]: 0x00000000000b4db6,  15
module[ 14]: 0x00000000000b4dc5,   2
module[ 14]: 0x00000000000b4d8f,   4
module[  9]: 0x000000000000fd5c,  15
module[  9]: 0x000000000000f684,  13
module[  9]: 0x000000000000f691,  16
module[  9]: 0x000000000000f569,  65
module[  9]: 0x000000000000f6a8,  23
module[  9]: 0x000000000000f6bf,  13
module[  9]: 0x000000000000f6cc,  14
module[  9]: 0x000000000000f6da,  13
module[  9]: 0x000000000000f6e7,  17
module[  9]: 0x000000000000f6f8,  16
module[  9]: 0x0000000000010418,  41
module[  9]: 0x0000000000010441,  16
module[  9]: 0x0000000000025db0,  11
module[  9]: 0x0000000000025dbb,   8
module[  9]: 0x0000000000025dc3,   1
module[  9]: 0x0000000000010451,   8
module[  9]: 0x000000000000f708,  15
module[  9]: 0x00000000000226f2,  41
module[  9]: 0x000000000002271b,  23
module[  9]: 0x0000000000022742,  28
module[  9]: 0x00000000000228a6,  20
module[  9]: 0x000000000002275e,  12
module[  9]: 0x0000000000022789,  10
module[  9]: 0x0000000000022738,  10
module[  9]: 0x000000000002276a,  31
module[  9]: 0x0000000000022793,   9
module[  9]: 0x000000000002279c,  17
module[  9]: 0x0000000000014bd0,  37
module[  9]: 0x0000000000014c08,   9
module[  9]: 0x0000000000014c11,   5
module[  9]: 0x0000000000014c20,  34
module[  9]: 0x00000000000227ad,   6
module[  9]: 0x000000000000f458,  33
module[  9]: 0x000000000000f4b8,  18
module[  9]: 0x000000000000f8e1,  22
module[  9]: 0x000000000000f8f7,  10
module[  9]: 0x000000000000f901,  19
module[  9]: 0x000000000000f8e8,  15
module[  9]: 0x000000000000a9b5,  17
module[  9]: 0x000000000000b1c0,  16
module[  9]: 0x000000000000b6d9,  14
module[  9]: 0x000000000000b5cd,   5
module[  9]: 0x000000000000b5d2,  11
module[  9]: 0x000000000000b65b,  11
module[  9]: 0x000000000000fa50,  10
module[  9]: 0x000000000000fa5a,  15
module[  9]: 0x000000000000fa69,  12
module[  9]: 0x000000000000fa75,  49
module[  9]: 0x000000000000faaa,  14
module[  9]: 0x000000000000fab8,  43
module[  9]: 0x000000000000a4d0,   9
module[  9]: 0x000000000000a4d9,  10
module[  9]: 0x000000000000a4e3,   7
module[  9]: 0x000000000000a454,  15
module[  9]: 0x000000000000a8d6,   5
module[  9]: 0x000000000000a970,  43
module[  9]: 0x000000000000fb74,  23
module[  9]: 0x000000000000fb31,   9
module[  9]: 0x0000000000010298,   9
module[  9]: 0x00000000000102a1,  12
module[  9]: 0x000000000001032b,  17
module[  9]: 0x000000000001033c,  22
module[  9]: 0x00000000000227b3,  40
module[  9]: 0x00000000000227db,  13
module[  9]: 0x00000000000227e8,  14
module[  9]: 0x00000000000227f6,  25
module[  9]: 0x00000000000142d0,  38
module[  9]: 0x00000000000142f6,  21
module[  9]: 0x000000000001430b,  17
module[  9]: 0x000000000001431c,  41
module[  9]: 0x0000000000014345,  23
module[  9]: 0x000000000001443e,   9
module[  9]: 0x0000000000014360,  21
module[  9]: 0x0000000000014375,  18
module[  9]: 0x0000000000014387,  56
module[  9]: 0x00000000000143bf,   9
module[  9]: 0x00000000000143c8,  23
module[  9]: 0x00000000000143df,   9
module[  9]: 0x00000000000143e8,  17
module[  9]: 0x00000000000143ff,  19
module[  9]: 0x0000000000014412,  20
module[  9]: 0x0000000000014426,  24
module[  9]: 0x0000000000014447,  16
module[  9]: 0x0000000000014457,  26
module[  9]: 0x000000000002280f,   9
module[  9]: 0x000000000002283b,  20
module[  9]: 0x000000000002284f,  13
module[  9]: 0x0000000000023359,   5
module[  9]: 0x0000000000004b60,  31
module[  9]: 0x0000000000004c60,  12
module[  9]: 0x0000000000004330,  59
module[  9]: 0x0000000000004379,   8
module[  9]: 0x0000000000004370,   9
module[  9]: 0x0000000000004381,  12
module[  9]: 0x0000000000004c6c,   5
module[  9]: 0x0000000000004b8a,   5
module[  9]: 0x00000000000043a0,  33
module[  9]: 0x00000000000043c1,  16
module[  9]: 0x00000000000043d1,  23
module[  9]: 0x00000000000043f9,   5
module[  9]: 0x00000000000043f0,   9
module[  9]: 0x00000000000043fe,   6
module[  9]: 0x0000000000004404,  14
module[  9]: 0x0000000000004480,  12
module[  9]: 0x000000000000449b,   9
module[  9]: 0x0000000000004450,  27
module[  9]: 0x000000000000446b,  16
module[  9]: 0x0000000000004b8f,  20
module[  9]: 0x0000000000004ba3,  15
module[  9]: 0x0000000000004bb2,   9
module[  9]: 0x0000000000004bbb,  16
module[  9]: 0x000000000000448c,  15
module[  9]: 0x0000000000004bcb,  16
module[  9]: 0x0000000000004c98,   8
module[  9]: 0x0000000000004ab0,  14
module[  9]: 0x0000000000004abe,  33
module[  9]: 0x0000000000004adf,  25
module[  9]: 0x0000000000004af8,  15
module[  9]: 0x0000000000004ae8,  16
module[  9]: 0x0000000000004afe,   9
module[  9]: 0x0000000000004b07,  65
module[  9]: 0x0000000000004ad0,  15
module[  9]: 0x0000000000004b48,   1
module[  9]: 0x0000000000004ca0,  38
module[  9]: 0x0000000000004bdb,   5
module[  9]: 0x000000000002335e,  15
module[  9]: 0x000000000001d4d0,  90
module[  9]: 0x000000000001d508,  34
module[  9]: 0x000000000001d52a,  38
module[  9]: 0x000000000001d400,  56
module[  9]: 0x0000000000027620,  48
module[  9]: 0x0000000000027650,  58
module[  9]: 0x000000000002768a,  56
module[  9]: 0x000000000001d438,  19
module[  9]: 0x000000000001d44b,  11
module[  9]: 0x000000000001d456,   5
module[  9]: 0x000000000001d45b,  16
module[  9]: 0x000000000001d46b,  10
module[  9]: 0x000000000001d475,  11
module[  9]: 0x000000000001d550,  21
module[  9]: 0x000000000001d565,  21
module[  9]: 0x000000000001d57a,  21
module[  9]: 0x000000000001d58f,  43
module[  9]: 0x000000000002336d,   5
module[  9]: 0x000000000001d700,  60
module[  9]: 0x000000000000bca0,  56
module[  9]: 0x000000000000bcd8,  29
module[  9]: 0x000000000000bcf5,  35
module[  9]: 0x000000000000bdf8,  14
module[  9]: 0x000000000000bd08,  16
module[  9]: 0x000000000000bd18,  34
module[  9]: 0x000000000000bd41,  31
module[  9]: 0x000000000000bd60,  14
module[  9]: 0x000000000000bd6e,  28
module[  9]: 0x000000000000bd8a,   4
module[  9]: 0x000000000000bd8e,  43
module[  9]: 0x000000000000bdb9,  12
module[  9]: 0x000000000000bdc5,   4
module[  9]: 0x000000000000bdc9,  18
module[  9]: 0x000000000001d73c,   5
module[  9]: 0x000000000001d741,  14
module[  9]: 0x000000000001d74f,   5
module[  9]: 0x000000000001d754,  43
module[  9]: 0x000000000001d77f,   5
module[  9]: 0x000000000001d784,   7
module[  9]: 0x000000000001d78b,   5
module[  9]: 0x000000000001d790,  25
module[  9]: 0x0000000000023372,  42
module[  9]: 0x000000000000f30d,   8
module[  9]: 0x000000000000f315,  16
module[  9]: 0x000000000000f325,  17
module[  9]: 0x000000000000a888,  65
module[  9]: 0x000000000001a8d0,  14
module[  9]: 0x000000000001a8de,   3
module[  9]: 0x000000000002339c,  24
module[  9]: 0x000000000002285c,  17
module[  9]: 0x0000000000001000,   9
module[  9]: 0x0000000000001009,  43
module[  9]: 0x0000000000001034,   5
module[  9]: 0x0000000000001039,   7
module[  9]: 0x0000000000001040,  17
module[ 14]: 0x0000000000185470,  35
module[ 14]: 0x000000000003ba20,  84
module[ 14]: 0x0000000000185493,  35
module[ 14]: 0x000000000011d1b0,  20
module[ 14]: 0x000000000011d1c4,   8
module[ 14]: 0x000000000011d1cc,   1
module[ 14]: 0x00000000001854b6,   9
module[ 14]: 0x00000000001854bf, 119
module[ 14]: 0x000000000009f610,  52
module[ 14]: 0x0000000000028720,  10
module[ 14]: 0x000000000009f644,  20
module[ 14]: 0x000000000009f658,  20
module[ 14]: 0x000000000009f66c,  15
module[ 14]: 0x000000000009f67b,   6
module[ 14]: 0x0000000000185536,  15
module[ 14]: 0x0000000000185545,  10
module[ 14]: 0x0000000000098890,  52
module[ 14]: 0x00000000000988c4,  20
module[ 14]: 0x00000000000988d8,  20
module[ 14]: 0x00000000000988ec,  20
module[ 14]: 0x0000000000098900,  20
module[ 14]: 0x0000000000098914,  10
module[ 14]: 0x000000000009891e,  25
module[ 14]: 0x0000000000098937,   6
module[  9]: 0x000000000002286d,   5
module[  9]: 0x000000000001ef80,   5
module[  9]: 0x0000000000022872,   9
module[  9]: 0x000000000001a9e0,  34
module[  9]: 0x000000000001aa02,   4
module[  9]: 0x000000000001aa06,   1
module[  9]: 0x000000000002287b,   7
module[  9]: 0x0000000000022882,  15
module[  9]: 0x0000000000022891,   6
module[  9]: 0x0000000000017390,  21
module[  9]: 0x00000000000173b0,  16
module[  9]: 0x0000000000025de0,  11
module[  9]: 0x0000000000025deb,   8
module[  9]: 0x0000000000025df3,   1
module[  9]: 0x00000000000173c0,  23
module[  9]: 0x0000000000022897,  15
module[  9]: 0x000000000001ef46,  10
module[  9]: 0x000000000002075e,  16
module[  9]: 0x000000000002076e,  21
module[  9]: 0x000000000001f548,  20
module[  9]: 0x000000000001f56d,  11
module[  9]: 0x0000000000017b40,   8
module[  9]: 0x0000000000017b70,   1
module[  9]: 0x000000000001f578,  40
module[  9]: 0x0000000000005780,  63
module[  9]: 0x00000000000057bf,   5
module[  9]: 0x00000000000057c9,  14
module[  9]: 0x00000000000057d7,   6
module[  9]: 0x00000000000057ea,  17
module[  9]: 0x00000000000057fb,  11
module[  9]: 0x000000000000580e,   4
module[  9]: 0x0000000000005812,  18
module[  9]: 0x0000000000005670,  58
module[  9]: 0x00000000000056aa,  13
module[  9]: 0x00000000000056b7,  12
module[  9]: 0x00000000000056d5,  12
module[  9]: 0x0000000000005727,  15
module[  9]: 0x0000000000005824,   6
module[  9]: 0x00000000000056e1,  26
module[  9]: 0x00000000000056fb,  13
module[  9]: 0x0000000000005714,  11
module[ 14]: 0x000000000002a060,  24
module[ 14]: 0x000000000002a078,  23
module[ 14]: 0x000000000002a08f,  36
module[ 14]: 0x00000000001298f0,   9
module[ 14]: 0x00000000001298f9,  18
module[ 14]: 0x000000000012990b,  13
module[ 14]: 0x0000000000028660,  10
module[ 14]: 0x000000000018d5f0,  33
module[ 14]: 0x000000000018d611,  20
module[ 14]: 0x000000000018d625,  17
module[ 14]: 0x000000000018d636,  10
module[ 14]: 0x0000000000129918,  39
module[  9]: 0x000000000000571f,   8
module[  9]: 0x0000000000005710,  15
module[ 14]: 0x000000000002a0d0,  27
module[ 14]: 0x000000000002a107,  16
module[ 14]: 0x000000000002a117,  16
module[ 14]: 0x000000000002a127,   1
module[  9]: 0x0000000000005740,   4
module[  9]: 0x000000000000582a,  15
module[  9]: 0x000000000001f5a0,  13
module[  3]: 0x00000000000010e0,  37
module[ 14]: 0x000000000002a200,  39
module[ 14]: 0x000000000002a227,  12
module[ 14]: 0x00000000000471f0,  24
module[ 14]: 0x0000000000047208,  29
module[ 14]: 0x0000000000047225,  12
module[ 14]: 0x0000000000047000,  17
module[ 14]: 0x0000000000047011,  27
module[ 14]: 0x000000000004702c,  10
module[ 14]: 0x0000000000047056,   5
module[ 14]: 0x000000000004705b,  19
module[ 14]: 0x00000000000470cb,  14
module[ 14]: 0x0000000000047092,  23
module[ 14]: 0x0000000000047231,   5
module[ 14]: 0x0000000000047236,  44
module[ 14]: 0x0000000000047262,  11
module[ 14]: 0x000000000002a233,  25
module[ 14]: 0x000000000002a24c,  15
module[ 14]: 0x000000000002a28b,  22
module[ 14]: 0x000000000002a2a1,  19
module[  3]: 0x0000000000001000,  20
module[  3]: 0x0000000000001016,   5
module[ 14]: 0x000000000002a2b4,  16
module[ 14]: 0x000000000002a2c4,  26
module[ 14]: 0x000000000002a2de,  17
module[ 14]: 0x000000000002a2f8,  12
module[  3]: 0x00000000000011c0,   9
module[  3]: 0x0000000000001140,  36
module[  3]: 0x0000000000001178,   1
module[ 14]: 0x000000000002a304,   9
module[ 14]: 0x000000000002a30d,   5
module[ 14]: 0x000000000002a26b,   8
module[ 14]: 0x00000000000287b0,  10
module[  9]: 0x000000000001ada0,  14
module[  9]: 0x000000000001adae,   1
module[ 14]: 0x000000000002a273,   9
module[ 14]: 0x000000000002a27c,  15
module[ 14]: 0x000000000002a150,  49
module[ 14]: 0x0000000000044fa0,  11
module[ 14]: 0x0000000000044ed0, 101
module[ 14]: 0x0000000000044f3e,   5
module[ 14]: 0x0000000000044f50,  20
module[ 14]: 0x0000000000044f64,  11
module[ 14]: 0x000000000002a181,   8
module[ 14]: 0x000000000002a189,  65
module[  3]: 0x00000000000011c9,  40
module[  3]: 0x00000000000011f1,  10
module[  3]: 0x00000000000012a8,  15
module[  3]: 0x00000000000012bc,   2
module[ 14]: 0x000000000002a1ca,   7
module[ 14]: 0x0000000000047ba0,  30
module[ 14]: 0x0000000000047910,  39
module[ 14]: 0x0000000000047b65,   5
module[ 14]: 0x00000000000476f0,  28
module[ 14]: 0x000000000004774e,   5
module[ 14]: 0x0000000000047b6a,   5
module[ 14]: 0x0000000000047937,  24
module[ 14]: 0x000000000004794f,  16
module[ 14]: 0x000000000004795f,  22
module[ 14]: 0x0000000000047975,  36
module[ 14]: 0x0000000000047999,  10
module[ 14]: 0x0000000000047a40,  46
module[ 14]: 0x0000000000047a6e,   8
module[  9]: 0x0000000000005380,  58
module[  9]: 0x00000000000053ba,  25
module[  9]: 0x00000000000053f6,   9
module[ 14]: 0x000000000009fff0,  25
module[ 14]: 0x00000000000a0009,  17
module[ 14]: 0x00000000000a00b8,   8
module[ 14]: 0x00000000000a00c0,  15
module[ 14]: 0x00000000000a00cf,  13
module[ 14]: 0x00000000000a010a,  11
module[ 14]: 0x00000000000a0115,   9
module[ 14]: 0x00000000000a011e,   6
module[ 14]: 0x00000000000a0124,  17
module[ 14]: 0x00000000000a0135,  12
module[ 14]: 0x00000000000a0056,  24
module[  9]: 0x00000000000053ff,   7
module[  9]: 0x0000000000005406,  18
module[  9]: 0x0000000000005418,  20
module[  9]: 0x000000000000542c,  43
module[  9]: 0x000000000000546c,  17
module[  9]: 0x00000000000055e9,  11
module[  9]: 0x000000000000547d,  14
module[  9]: 0x0000000000005499,   6
module[  9]: 0x000000000000549f,   9
module[  9]: 0x00000000000054a8,  34
module[  9]: 0x00000000000054ca,  11
module[  9]: 0x00000000000054d5,   8
module[  9]: 0x00000000000054dd,  10
module[  9]: 0x00000000000054f7,  23
module[  9]: 0x0000000000013328,  13
module[  9]: 0x000000000000550e,   9
module[ 14]: 0x00000000000a1a70,  19
module[ 14]: 0x00000000000a1a83,  12
module[ 14]: 0x00000000000a1af0,   8
module[ 14]: 0x00000000000a1b07,  11
module[ 14]: 0x00000000000a1b12,  13
module[ 14]: 0x00000000000a1b26,  10
module[ 14]: 0x00000000000a1a8f,  22
module[ 14]: 0x00000000000a1aa5,   9
module[ 14]: 0x00000000000a1aae,  11
module[  9]: 0x0000000000005517,   5
module[  9]: 0x000000000000551c,  33
module[  9]: 0x0000000000005568,  16
module[  9]: 0x0000000000001090,  33
module[  9]: 0x00000000000010b1,  22
module[  9]: 0x00000000000010c7,  30
module[  9]: 0x00000000000010e5,  13
module[  3]: 0x0000000000001180,  13
module[  3]: 0x000000000000118d,  14
module[  3]: 0x000000000000119b,  12
module[  3]: 0x0000000000001080,  10
module[ 14]: 0x00000000000472c0,  50
module[ 14]: 0x00000000000472f2,   9
module[ 14]: 0x00000000000472fb,  16
module[ 14]: 0x000000000004730b,  27
module[ 14]: 0x0000000000047326,   5
module[ 14]: 0x00000000000473b0,  12
module[ 14]: 0x00000000000473bc,  12
module[ 14]: 0x00000000000473c8,  30
module[ 14]: 0x0000000000047406,   8
module[ 14]: 0x000000000004740e,   8
module[ 14]: 0x000000000010e060,  37
module[ 14]: 0x000000000010e085,  16
module[ 14]: 0x000000000010e134,  13
module[ 14]: 0x000000000010e141,   6
module[ 14]: 0x0000000000047416,  15
module[ 14]: 0x0000000000047425,  15
module[  3]: 0x00000000000011a7,   5
module[  3]: 0x0000000000001110,  19
module[  3]: 0x0000000000001138,   1
module[  3]: 0x00000000000011ac,   9
module[  9]: 0x00000000000010f2,  12
module[  9]: 0x00000000000010fe,  13
module[  9]: 0x000000000000110b,  20
module[  3]: 0x00000000000012c0,  13
module[  9]: 0x0000000000005578,   8
module[  9]: 0x000000000001acd0,  14
module[  9]: 0x000000000001acde,   1
module[  9]: 0x0000000000005580,  25
module[  9]: 0x0000000000005530,  13
module[  9]: 0x000000000000553d,  17
module[  9]: 0x0000000000001120,  11
module[  9]: 0x0000000000005599,  10
module[  9]: 0x00000000000055a3,   9
module[  9]: 0x00000000000053e1,  21
module[  9]: 0x00000000000055b0,   6
module[  9]: 0x00000000000055b6,  27
module[  9]: 0x00000000000055d1,   9
module[  9]: 0x00000000000055da,  15
module[ 14]: 0x0000000000047a76,  18
module[ 14]: 0x00000000000479e6,  16
module[ 14]: 0x0000000000047968,  13
module[ 14]: 0x0000000000047ad8,  19
module[ 14]: 0x0000000000047a10,  20
module[ 14]: 0x0000000000047a24,  10
module[ 14]: 0x0000000000047b6f,   5
module[ 14]: 0x00000000000967e0,  45
module[ 14]: 0x0000000000096100,  67
module[ 14]: 0x0000000000098e10,  43
module[ 14]: 0x0000000000098e3b,  18
module[ 14]: 0x0000000000096143,  25
module[ 14]: 0x000000000009615c,   9
module[ 14]: 0x00000000000963e0,  49
module[ 14]: 0x00000000000961a1,  15
module[ 14]: 0x0000000000096248,  15
module[ 14]: 0x0000000000096257,  29
module[ 14]: 0x0000000000096274,   9
module[ 14]: 0x0000000000096380,  15
module[ 14]: 0x00000000000962a2,  14
module[ 14]: 0x00000000000962b0,  14
module[ 14]: 0x00000000000962be,   5
module[ 14]: 0x00000000000961f2,   8
module[ 14]: 0x00000000000961fa,  23
module[ 14]: 0x0000000000096211,   8
module[ 14]: 0x0000000000096219,  47
module[ 14]: 0x0000000000096328,  15
module[ 14]: 0x0000000000096337,   4
module[ 14]: 0x000000000009633b,  29
module[ 14]: 0x0000000000098e60,  39
module[ 14]: 0x0000000000098ea5,   1
module[ 14]: 0x0000000000096358,  19
module[ 14]: 0x000000000009636b,  18
module[ 14]: 0x000000000009680d,  30
module[ 14]: 0x000000000009682b,  25
module[ 14]: 0x0000000000096844,   9
module[ 14]: 0x0000000000096b18,  40
module[ 14]: 0x0000000000096889,  21
module[ 14]: 0x000000000009689e,  29
module[ 14]: 0x00000000000968bb,   9
module[ 14]: 0x0000000000096aa0,  18
module[ 14]: 0x0000000000096ab2,   2
module[ 14]: 0x0000000000096a8c,  12
module[ 14]: 0x0000000000096a1f,  12
module[ 14]: 0x0000000000096a2b,   4
module[ 14]: 0x0000000000096a2f,  19
module[ 14]: 0x000000000009696c,  24
module[ 14]: 0x0000000000096890,  14
module[ 14]: 0x00000000000968ef,  10
module[ 14]: 0x0000000000096959,  19
module[ 14]: 0x0000000000096a18,  19
module[ 14]: 0x0000000000096984,  19
module[ 14]: 0x0000000000096997,   8
module[ 14]: 0x000000000009699f,  29
module[ 14]: 0x00000000000969bc,  19
module[ 14]: 0x00000000000969cf,  18
module[ 14]: 0x0000000000047b74,   5
module[ 14]: 0x0000000000047a2e,   8
module[ 14]: 0x00000000000ee200,  18
module[ 14]: 0x00000000000ee219,   4
