This file contains any messages produced by compilers while
running configure, to aid debugging if configure makes a mistake.

It was created by w3m configure 0.5.3, which was
generated by GNU Autoconf 2.69.  Invocation command line was

  $ ./configure 

## --------- ##
## Platform. ##
## --------- ##

hostname = gollum
uname -m = x86_64
uname -r = 6.8.0-54-generic
uname -s = Linux
uname -v = #56-Ubuntu SMP PREEMPT_DYNAMIC Sat Feb  8 00:37:57 UTC 2025

/usr/bin/uname -p = x86_64
/bin/uname -X     = unknown

/bin/arch              = x86_64
/usr/bin/arch -k       = unknown
/usr/convex/getsysinfo = unknown
/usr/bin/hostinfo      = unknown
/bin/machine           = unknown
/usr/bin/oslevel       = unknown
/bin/universe          = unknown

PATH: /home/raptor/.local/bin
PATH: /usr/local/sbin
PATH: /usr/local/bin
PATH: /usr/sbin
PATH: /usr/bin
PATH: /sbin
PATH: /bin
PATH: /usr/games
PATH: /usr/local/games
PATH: /snap/bin
PATH: /home/raptor/.local/bin
PATH: /home/raptor/.cargo/bin
PATH: /home/raptor/.local/bin


## ----------- ##
## Core tests. ##
## ----------- ##

configure:2752: checking for C++ compiler version
configure:2761: afl-clang-fast++ --version >&5
Ubuntu clang version 18.1.3 (1ubuntu1)
Target: x86_64-pc-linux-gnu
Thread model: posix
InstalledDir: /usr/lib/llvm-18/bin
configure:2772: $? = 0
configure:2761: afl-clang-fast++ -v >&5
Ubuntu clang version 18.1.3 (1ubuntu1)
Target: x86_64-pc-linux-gnu
Thread model: posix
InstalledDir: /usr/lib/llvm-18/bin
Found candidate GCC installation: /usr/lib/gcc/x86_64-linux-gnu/13
Selected GCC installation: /usr/lib/gcc/x86_64-linux-gnu/13
Candidate multilib: .;@m64
Selected multilib: .;@m64
configure:2772: $? = 0
configure:2761: afl-clang-fast++ -V >&5
clang++: error: unsupported option '-V -fPIC'
clang++: error: no input files
configure:2772: $? = 1
configure:2761: afl-clang-fast++ -qversion >&5
clang++: error: unknown argument '-qversion'; did you mean '--version'?
clang++: error: no input files
configure:2772: $? = 1
configure:2792: checking whether the C++ compiler works
configure:2814: afl-clang-fast++    conftest.cpp  >&5
configure:2818: $? = 0
configure:2866: result: yes
configure:2869: checking for C++ compiler default output file name
configure:2871: result: a.out
configure:2877: checking for suffix of executables
configure:2884: afl-clang-fast++ -o conftest    conftest.cpp  >&5
configure:2888: $? = 0
configure:2910: result: 
configure:2932: checking whether we are cross compiling
configure:2940: afl-clang-fast++ -o conftest    conftest.cpp  >&5
configure:2944: $? = 0
configure:2951: ./conftest
configure:2955: $? = 0
configure:2970: result: no
configure:2975: checking for suffix of object files
configure:2997: afl-clang-fast++ -c   conftest.cpp >&5
configure:3001: $? = 0
configure:3022: result: o
configure:3026: checking whether we are using the GNU C++ compiler
configure:3045: afl-clang-fast++ -c   conftest.cpp >&5
configure:3045: $? = 0
configure:3054: result: yes
configure:3063: checking whether afl-clang-fast++ accepts -g
configure:3083: afl-clang-fast++ -c -g  conftest.cpp >&5
configure:3083: $? = 0
configure:3124: result: yes
configure:3151: checking for gawk
configure:3167: found /usr/bin/gawk
configure:3178: result: gawk
configure:3237: checking for gcc
configure:3264: result: afl-clang-fast
configure:3493: checking for C compiler version
configure:3502: afl-clang-fast --version >&5
Ubuntu clang version 18.1.3 (1ubuntu1)
Target: x86_64-pc-linux-gnu
Thread model: posix
InstalledDir: /usr/lib/llvm-18/bin
configure:3513: $? = 0
configure:3502: afl-clang-fast -v >&5
Ubuntu clang version 18.1.3 (1ubuntu1)
Target: x86_64-pc-linux-gnu
Thread model: posix
InstalledDir: /usr/lib/llvm-18/bin
Found candidate GCC installation: /usr/lib/gcc/x86_64-linux-gnu/13
Selected GCC installation: /usr/lib/gcc/x86_64-linux-gnu/13
Candidate multilib: .;@m64
Selected multilib: .;@m64
configure:3513: $? = 0
configure:3502: afl-clang-fast -V >&5
clang: error: unsupported option '-V -fPIC'
clang: error: no input files
configure:3513: $? = 1
configure:3502: afl-clang-fast -qversion >&5
clang: error: unknown argument '-qversion'; did you mean '--version'?
clang: error: no input files
configure:3513: $? = 1
configure:3517: checking whether we are using the GNU C compiler
configure:3536: afl-clang-fast -c   conftest.c >&5
configure:3536: $? = 0
configure:3545: result: yes
configure:3554: checking whether afl-clang-fast accepts -g
configure:3574: afl-clang-fast -c -g  conftest.c >&5
configure:3574: $? = 0
configure:3615: result: yes
configure:3632: checking for afl-clang-fast option to accept ISO C89
configure:3695: afl-clang-fast  -c -g -O2  conftest.c >&5
conftest.c:18:14: warning: a function definition without a prototype is deprecated in all versions of C and is not supported in C23 [-Wdeprecated-non-prototype]
   18 | static char *e (p, i)
      |              ^
1 warning generated.
configure:3695: $? = 0
configure:3708: result: none needed
configure:3733: checking how to run the C preprocessor
configure:3764: afl-clang-fast -E  conftest.c
configure:3764: $? = 0
configure:3778: afl-clang-fast -E  conftest.c
conftest.c:12:10: fatal error: 'ac_nonexistent.h' file not found
   12 | #include <ac_nonexistent.h>
      |          ^~~~~~~~~~~~~~~~~~
1 error generated.
configure:3778: $? = 1
configure: failed program was:
| /* confdefs.h */
| #define PACKAGE_NAME "w3m"
| #define PACKAGE_TARNAME "w3m"
| #define PACKAGE_VERSION "0.5.3"
| #define PACKAGE_STRING "w3m 0.5.3"
| #define PACKAGE_BUGREPORT ""
| #define PACKAGE_URL ""
| #define PACKAGE "w3m"
| #define VERSION "0.5.3"
| #define W3M w3m
| /* end confdefs.h.  */
| #include <ac_nonexistent.h>
configure:3803: result: afl-clang-fast -E
configure:3823: afl-clang-fast -E  conftest.c
configure:3823: $? = 0
configure:3837: afl-clang-fast -E  conftest.c
conftest.c:12:10: fatal error: 'ac_nonexistent.h' file not found
   12 | #include <ac_nonexistent.h>
      |          ^~~~~~~~~~~~~~~~~~
1 error generated.
configure:3837: $? = 1
configure: failed program was:
| /* confdefs.h */
| #define PACKAGE_NAME "w3m"
| #define PACKAGE_TARNAME "w3m"
| #define PACKAGE_VERSION "0.5.3"
| #define PACKAGE_STRING "w3m 0.5.3"
| #define PACKAGE_BUGREPORT ""
| #define PACKAGE_URL ""
| #define PACKAGE "w3m"
| #define VERSION "0.5.3"
| #define W3M w3m
| /* end confdefs.h.  */
| #include <ac_nonexistent.h>
configure:3908: checking for a BSD-compatible install
configure:3976: result: /usr/bin/install -c
configure:3987: checking whether ln -s works
configure:3991: result: yes
configure:3998: checking whether make sets $(MAKE)
configure:4020: result: yes
configure:4072: checking for ranlib
configure:4088: found /usr/bin/ranlib
configure:4099: result: ranlib
configure:4125: checking for perl
configure:4143: found /usr/bin/perl
configure:4155: result: /usr/bin/perl
configure:4171: checking for nkf
configure:4204: result: no
configure:4217: checking for man
configure:4235: found /usr/bin/man
configure:4247: result: /usr/bin/man
configure:4261: checking for X
configure:4369: afl-clang-fast -E  conftest.c
configure:4369: $? = 0
configure:4400: afl-clang-fast -o conftest -g -O2   conftest.c -lX11  >&5
configure:4400: $? = 0
configure:4450: result: libraries , headers 
configure:4549: afl-clang-fast -o conftest -g -O2   conftest.c   -lX11 >&5
configure:4549: $? = 0
configure:4647: checking for gethostbyname
configure:4647: afl-clang-fast -o conftest -g -O2   conftest.c  >&5
configure:4647: $? = 0
configure:4647: result: yes
configure:4744: checking for connect
configure:4744: afl-clang-fast -o conftest -g -O2   conftest.c  >&5
configure:4744: $? = 0
configure:4744: result: yes
configure:4793: checking for remove
configure:4793: afl-clang-fast -o conftest -g -O2   conftest.c  >&5
configure:4793: $? = 0
configure:4793: result: yes
configure:4842: checking for shmat
configure:4842: afl-clang-fast -o conftest -g -O2   conftest.c  >&5
configure:4842: $? = 0
configure:4842: result: yes
configure:4900: checking for IceConnectionNumber in -lICE
configure:4925: afl-clang-fast -o conftest -g -O2   conftest.c -lICE   >&5
configure:4925: $? = 0
configure:4934: result: yes
configure:4948: checking build system type
configure:4962: result: x86_64-pc-linux-gnu
configure:4982: checking host system type
configure:4995: result: x86_64-pc-linux-gnu
configure:5039: checking if m17n support is enabled
configure:5048: result: yes
configure:5066: checking if Unicode support is enabled
configure:5075: result: yes
configure:5090: checking if message l10n
configure:5102: result: no
configure:5110: checking if japanese support is enabled
configure:5119: result: no
configure:5133: checking which charset is used for display
configure:5141: result: UTF-8
configure:5202: checking for a thread-safe mkdir -p
configure:5241: result: /usr/bin/mkdir -p
configure:5251: checking whether NLS is requested
configure:5260: result: yes
configure:5301: checking for msgfmt
configure:5336: result: no
configure:5342: checking for gmsgfmt
configure:5373: result: :
configure:5424: checking for xgettext
configure:5459: result: no
configure:5502: checking for msgmerge
configure:5536: result: no
configure:5590: checking for ld used by GCC
configure:5654: result: /usr/bin/ld
configure:5661: checking if the linker (/usr/bin/ld) is GNU ld
configure:5674: result: yes
configure:5681: checking for shared library run path origin
configure:5694: result: done
configure:5713: checking for grep that handles long lines and -e
configure:5771: result: /usr/bin/grep
configure:5776: checking for egrep
configure:5838: result: /usr/bin/grep -E
configure:6396: checking for CFPreferencesCopyAppValue
configure:6414: afl-clang-fast -o conftest -g -O2 -I$(srcdir)/libwc   conftest.c  -Wl,-framework -Wl,CoreFoundation >&5
conftest.c:21:10: fatal error: 'CoreFoundation/CFPreferences.h' file not found
   21 | #include <CoreFoundation/CFPreferences.h>
      |          ^~~~~~~~~~~~~~~~~~~~~~~~~~~~~~~~
1 error generated.
configure:6414: $? = 1
configure: failed program was:
| /* confdefs.h */
| #define PACKAGE_NAME "w3m"
| #define PACKAGE_TARNAME "w3m"
| #define PACKAGE_VERSION "0.5.3"
| #define PACKAGE_STRING "w3m 0.5.3"
| #define PACKAGE_BUGREPORT ""
| #define PACKAGE_URL ""
| #define PACKAGE "w3m"
| #define VERSION "0.5.3"
| #define W3M w3m
| #define W3M_TARGET 
| #define USE_M17N 1
| #define USE_UNICODE 1
| #define W3M_LANG EN
| #define WCTARGET "libwc/libwc.a"
| #define WCCFLAGS "-DUSE_UNICODE -I$(srcdir) -I$(srcdir)/.."
| #define DISPLAY_CHARSET WC_CES_UTF_8
| #define SYSTEM_CHARSET WC_CES_UTF_8
| #define DOCUMENT_CHARSET WC_CES_UTF_8
| /* end confdefs.h.  */
| #include <CoreFoundation/CFPreferences.h>
| int
| main ()
| {
| CFPreferencesCopyAppValue(NULL, NULL)
|   ;
|   return 0;
| }
configure:6423: result: no
configure:6430: checking for CFLocaleCopyCurrent
configure:6448: afl-clang-fast -o conftest -g -O2 -I$(srcdir)/libwc   conftest.c  -Wl,-framework -Wl,CoreFoundation >&5
conftest.c:21:10: fatal error: 'CoreFoundation/CFLocale.h' file not found
   21 | #include <CoreFoundation/CFLocale.h>
      |          ^~~~~~~~~~~~~~~~~~~~~~~~~~~
1 error generated.
configure:6448: $? = 1
configure: failed program was:
| /* confdefs.h */
| #define PACKAGE_NAME "w3m"
| #define PACKAGE_TARNAME "w3m"
| #define PACKAGE_VERSION "0.5.3"
| #define PACKAGE_STRING "w3m 0.5.3"
| #define PACKAGE_BUGREPORT ""
| #define PACKAGE_URL ""
| #define PACKAGE "w3m"
| #define VERSION "0.5.3"
| #define W3M w3m
| #define W3M_TARGET 
| #define USE_M17N 1
| #define USE_UNICODE 1
| #define W3M_LANG EN
| #define WCTARGET "libwc/libwc.a"
| #define WCCFLAGS "-DUSE_UNICODE -I$(srcdir) -I$(srcdir)/.."
| #define DISPLAY_CHARSET WC_CES_UTF_8
| #define SYSTEM_CHARSET WC_CES_UTF_8
| #define DOCUMENT_CHARSET WC_CES_UTF_8
| /* end confdefs.h.  */
| #include <CoreFoundation/CFLocale.h>
| int
| main ()
| {
| CFLocaleCopyCurrent();
|   ;
|   return 0;
| }
configure:6457: result: no
configure:6506: checking for GNU gettext in libc
configure:6526: afl-clang-fast -o conftest -g -O2 -I$(srcdir)/libwc   conftest.c  >&5
configure:6526: $? = 0
configure:6535: result: yes
configure:7326: checking whether to use NLS
configure:7328: result: yes
configure:7331: checking where the gettext function comes from
configure:7342: result: libc
configure:7409: checking if color escape sequence for kterm/pxvt is enabled
configure:7420: result: yes
configure:7423: checking if ANSI color escape sequence support is enabled
configure:7434: result: yes
configure:7437: checking if background color support is enabled
configure:7448: result: yes
configure:7473: checking if image is enabled
configure:7482: result: yes
configure:7516: checking image library
configure:7529: result: gtk2 gdk-pixbuf imlib imlib2
configure:7565: checking GdkPixbuf version
configure:7567: result: 2.42.10
configure:7622: WARNING: Imlib is not installed.  Install Imlib (version >= 1.9.8)
configure:7643: WARNING: Imlib2 is not installed.  Install Imlib2 (version >= 1.0.5)
configure:7760: checking if X-Face is enabled
configure:7771: result: yes
configure:7775: checking for uncompface
configure:7803: result: no
configure:7811: WARNING: uncompface is not installed.
configure:7817: checking default keymap
configure:7826: result: w3m
configure:7848: checking if popup menu is enabled
configure:7859: result: yes
configure:7862: checking if mouse operation enabled
configure:7873: result: yes
configure:7876: checking if URL history is enabled
configure:7887: result: yes
configure:7890: checking if alarm is enabled
configure:7899: result: yes
configure:7915: afl-clang-fast -c -g -O2 -I$(srcdir)/libwc  conftest.c >&5
configure:7915: $? = 0
configure:7923: checking if cookie is enabled
configure:7934: result: yes
configure:7937: checking if nntp is enabled
configure:7948: result: yes
configure:7951: checking if Gopher is enabled
configure:7962: result: yes
configure:7966: checking if dictionary lookup is enabled
configure:7977: result: yes
configure:7980: checking if help cgi is enabled
configure:7991: result: yes
configure:7994: checking if external URI loader is enabled
configure:8005: result: yes
configure:8008: checking if w3mmail is used
configure:8020: result: yes
configure:8024: checking if migemo is supported with
configure:8058: result: no
configure:8067: checking which editor is used by default
configure:8075: result: /usr/bin/vi
configure:8083: checking which mailer is used by default
configure:8091: result: /usr/bin/mail
configure:8099: checking which external browser is used by default
configure:8107: result: /usr/bin/firefox
configure:8117: checking for -lbsd
configure:8128: result: not found
configure:8117: checking for -lBSD
configure:8128: result: not found
configure:8117: checking for -l44bsd
configure:8128: result: not found
configure:8117: checking for -lsocket
configure:8128: result: not found
configure:8117: checking for -lnsl
configure:8128: result: not found
configure:8117: checking for -ldld
configure:8128: result: not found
configure:8117: checking for -ldl
configure:8128: result: not found
configure:8132: checking if IPv6 support is enabled
configure:8141: result: yes
configure:8145: checking if IPv6 API available
configure:8148: checking for getaddrinfo
configure:8148: afl-clang-fast -o conftest -g -O2 -I$(srcdir)/libwc   conftest.c  >&5
configure:8148: $? = 0
configure:8148: result: yes
configure:8214: checking if struct sockaddr_storage has an ss_family member
configure:8233: afl-clang-fast -c -g -O2 -I$(srcdir)/libwc  conftest.c >&5
configure:8233: $? = 0
configure:8234: result: yes
configure:8329: checking for pkg-config
configure:8347: found /usr/bin/pkg-config
configure:8359: result: /usr/bin/pkg-config
configure:8384: checking pkg-config is at least version 0.9.0
configure:8387: result: yes
configure:8397: checking if SSL is supported
configure:8407: result: yes
configure:8412: checking for SSL
configure:8419: $PKG_CONFIG --exists --print-errors "openssl"
configure:8422: $? = 0
configure:8435: $PKG_CONFIG --exists --print-errors "openssl"
configure:8438: $? = 0
configure:8515: result: yes
configure:8519: checking for SSL_new in -lssl
configure:8544: afl-clang-fast -o conftest -g -O2 -I$(srcdir)/libwc   conftest.c -lssl -lssl -lcrypto  -lcrypto  >&5
configure:8544: $? = 0
configure:8553: result: yes
configure:8565: checking if SSL certificate verification is enabled
configure:8576: result: yes
configure:8583: checking for CA file location
configure:8606: result: 
configure:8614: checking if digest auth is enabled
configure:8629: result: yes
configure:8633: checking for sqrt
configure:8633: afl-clang-fast -o conftest -g -O2 -I$(srcdir)/libwc    conftest.c  >&5
conftest.c:90:6: warning: incompatible redeclaration of library function 'sqrt' [-Wincompatible-library-redeclaration]
   90 | char sqrt ();
      |      ^
conftest.c:90:6: note: 'sqrt' is a builtin with type 'double (double)'
1 warning generated.
/usr/bin/ld: /tmp/conftest-67684f.o: in function `main':
/home/raptor/w3m/conftest.c:101:(.text.main[main]+0x22): undefined reference to `sqrt'
clang: error: linker command failed with exit code 1 (use -v to see invocation)
configure:8633: $? = 1
configure: failed program was:
| /* confdefs.h */
| #define PACKAGE_NAME "w3m"
| #define PACKAGE_TARNAME "w3m"
| #define PACKAGE_VERSION "0.5.3"
| #define PACKAGE_STRING "w3m 0.5.3"
| #define PACKAGE_BUGREPORT ""
| #define PACKAGE_URL ""
| #define PACKAGE "w3m"
| #define VERSION "0.5.3"
| #define W3M w3m
| #define W3M_TARGET 
| #define USE_M17N 1
| #define USE_UNICODE 1
| #define W3M_LANG EN
| #define WCTARGET "libwc/libwc.a"
| #define WCCFLAGS "-DUSE_UNICODE -I$(srcdir) -I$(srcdir)/.."
| #define DISPLAY_CHARSET WC_CES_UTF_8
| #define SYSTEM_CHARSET WC_CES_UTF_8
| #define DOCUMENT_CHARSET WC_CES_UTF_8
| #define ENABLE_NLS 1
| #define HAVE_GETTEXT 1
| #define HAVE_DCGETTEXT 1
| #define USE_COLOR 1
| #define USE_ANSI_COLOR 1
| #define USE_BG_COLOR 1
| #define INSTALL_W3MIMGDISPLAY $INSTALL_W3MIMGDISPLAY
| #define USE_IMAGE 1
| #define USE_W3MIMG_X11 1
| #define USE_GDKPIXBUF 1
| #define USE_GTK2 1
| #define USE_W3MIMG_FB 1
| #define USE_GDKPIXBUF 1
| #define USE_GTK2 1
| #define IMGTARGETS "$IMGTARGETS"
| #define IMGOBJS "$IMGOBJS"
| #define IMGX11CFLAGS "$IMGX11CFLAGS"
| #define IMGX11LDFLAGS "$IMGX11LDFLAGS"
| #define IMGFBCFLAGS "$IMGFBCFLAGS"
| #define IMGFBLDFLAGS "$IMGFBLDFLAGS"
| #define IMGLINK "$IMGLINK"
| #define IMGWINCFLAGS "$IMGWINCFLAGS"
| #define IMGWINLDFLAGS "$IMGWINLDFLAGS"
| #define USE_XFACE 1
| #define HELP_FILE "w3mhelp-w3m_en.html"
| #define KEYBIND w3m
| #define USE_MENU 1
| #define USE_MOUSE 1
| #define USE_HISTORY 1
| #define USE_ALARM 1
| #define USE_COOKIE 1
| #define USE_NNTP 1
| #define USE_GOPHER 1
| #define USE_DICT 1
| #define USE_HELP_CGI 1
| #define USE_EXTERNAL_URI_LOADER 1
| #define USE_W3MMAILER 1
| #define DEF_MIGEMO_COMMAND ""
| #define DEF_EDITOR "/usr/bin/vi"
| #define DEF_MAILER "/usr/bin/mail"
| #define DEF_EXT_BROWSER "/usr/bin/firefox"
| #define INET6 1
| #define USE_SSL 1
| #define USE_SSL_VERIFY 1
| #define DEF_CAFILE ""
| #define USE_DIGEST_AUTH 1
| /* end confdefs.h.  */
| /* Define sqrt to an innocuous variant, in case <limits.h> declares sqrt.
|    For example, HP-UX 11i <limits.h> declares gettimeofday.  */
| #define sqrt innocuous_sqrt
| 
| /* System header to define __stub macros and hopefully few prototypes,
|     which can conflict with char sqrt (); below.
|     Prefer <limits.h> to <assert.h> if __STDC__ is defined, since
|     <limits.h> exists even on freestanding compilers.  */
| 
| #ifdef __STDC__
| # include <limits.h>
| #else
| # include <assert.h>
| #endif
| 
| #undef sqrt
| 
| /* Override any GCC internal prototype to avoid an error.
|    Use char because int might match the return type of a GCC
|    builtin and then its argument prototype would still apply.  */
| #ifdef __cplusplus
| extern "C"
| #endif
| char sqrt ();
| /* The GNU C library defines this for functions which it implements
|     to always fail with ENOSYS.  Some functions are actually named
|     something starting with __ and the normal name is an alias.  */
| #if defined __stub_sqrt || defined __stub___sqrt
| choke me
| #endif
| 
| int
| main ()
| {
| return sqrt ();
|   ;
|   return 0;
| }
configure:8633: result: no
configure:8637: checking for sqrt in -lm
configure:8662: afl-clang-fast -o conftest -g -O2 -I$(srcdir)/libwc    conftest.c -lm   >&5
conftest.c:74:6: warning: incompatible redeclaration of library function 'sqrt' [-Wincompatible-library-redeclaration]
   74 | char sqrt ();
      |      ^
conftest.c:74:6: note: 'sqrt' is a builtin with type 'double (double)'
1 warning generated.
configure:8662: $? = 0
configure:8671: result: yes
configure:8686: checking for Gpm_Open in -lgpm
configure:8711: afl-clang-fast -o conftest -g -O2 -I$(srcdir)/libwc    conftest.c -lgpm  -lm  >&5
/usr/bin/ld: cannot find -lgpm: No such file or directory
clang: error: linker command failed with exit code 1 (use -v to see invocation)
configure:8711: $? = 1
configure: failed program was:
| /* confdefs.h */
| #define PACKAGE_NAME "w3m"
| #define PACKAGE_TARNAME "w3m"
| #define PACKAGE_VERSION "0.5.3"
| #define PACKAGE_STRING "w3m 0.5.3"
| #define PACKAGE_BUGREPORT ""
| #define PACKAGE_URL ""
| #define PACKAGE "w3m"
| #define VERSION "0.5.3"
| #define W3M w3m
| #define W3M_TARGET 
| #define USE_M17N 1
| #define USE_UNICODE 1
| #define W3M_LANG EN
| #define WCTARGET "libwc/libwc.a"
| #define WCCFLAGS "-DUSE_UNICODE -I$(srcdir) -I$(srcdir)/.."
| #define DISPLAY_CHARSET WC_CES_UTF_8
| #define SYSTEM_CHARSET WC_CES_UTF_8
| #define DOCUMENT_CHARSET WC_CES_UTF_8
| #define ENABLE_NLS 1
| #define HAVE_GETTEXT 1
| #define HAVE_DCGETTEXT 1
| #define USE_COLOR 1
| #define USE_ANSI_COLOR 1
| #define USE_BG_COLOR 1
| #define INSTALL_W3MIMGDISPLAY $INSTALL_W3MIMGDISPLAY
| #define USE_IMAGE 1
| #define USE_W3MIMG_X11 1
| #define USE_GDKPIXBUF 1
| #define USE_GTK2 1
| #define USE_W3MIMG_FB 1
| #define USE_GDKPIXBUF 1
| #define USE_GTK2 1
| #define IMGTARGETS "$IMGTARGETS"
| #define IMGOBJS "$IMGOBJS"
| #define IMGX11CFLAGS "$IMGX11CFLAGS"
| #define IMGX11LDFLAGS "$IMGX11LDFLAGS"
| #define IMGFBCFLAGS "$IMGFBCFLAGS"
| #define IMGFBLDFLAGS "$IMGFBLDFLAGS"
| #define IMGLINK "$IMGLINK"
| #define IMGWINCFLAGS "$IMGWINCFLAGS"
| #define IMGWINLDFLAGS "$IMGWINLDFLAGS"
| #define USE_XFACE 1
| #define HELP_FILE "w3mhelp-w3m_en.html"
| #define KEYBIND w3m
| #define USE_MENU 1
| #define USE_MOUSE 1
| #define USE_HISTORY 1
| #define USE_ALARM 1
| #define USE_COOKIE 1
| #define USE_NNTP 1
| #define USE_GOPHER 1
| #define USE_DICT 1
| #define USE_HELP_CGI 1
| #define USE_EXTERNAL_URI_LOADER 1
| #define USE_W3MMAILER 1
| #define DEF_MIGEMO_COMMAND ""
| #define DEF_EDITOR "/usr/bin/vi"
| #define DEF_MAILER "/usr/bin/mail"
| #define DEF_EXT_BROWSER "/usr/bin/firefox"
| #define INET6 1
| #define USE_SSL 1
| #define USE_SSL_VERIFY 1
| #define DEF_CAFILE ""
| #define USE_DIGEST_AUTH 1
| #define HAVE_LIBM 1
| /* end confdefs.h.  */
| 
| /* Override any GCC internal prototype to avoid an error.
|    Use char because int might match the return type of a GCC
|    builtin and then its argument prototype would still apply.  */
| #ifdef __cplusplus
| extern "C"
| #endif
| char Gpm_Open ();
| int
| main ()
| {
| return Gpm_Open ();
|   ;
|   return 0;
| }
configure:8720: result: no
configure:8734: afl-clang-fast -E  conftest.c
conftest.c:68:10: fatal error: 'sys/consio.h' file not found
   68 | #include <sys/consio.h>
      |          ^~~~~~~~~~~~~~
1 error generated.
configure:8734: $? = 1
configure: failed program was:
| /* confdefs.h */
| #define PACKAGE_NAME "w3m"
| #define PACKAGE_TARNAME "w3m"
| #define PACKAGE_VERSION "0.5.3"
| #define PACKAGE_STRING "w3m 0.5.3"
| #define PACKAGE_BUGREPORT ""
| #define PACKAGE_URL ""
| #define PACKAGE "w3m"
| #define VERSION "0.5.3"
| #define W3M w3m
| #define W3M_TARGET 
| #define USE_M17N 1
| #define USE_UNICODE 1
| #define W3M_LANG EN
| #define WCTARGET "libwc/libwc.a"
| #define WCCFLAGS "-DUSE_UNICODE -I$(srcdir) -I$(srcdir)/.."
| #define DISPLAY_CHARSET WC_CES_UTF_8
| #define SYSTEM_CHARSET WC_CES_UTF_8
| #define DOCUMENT_CHARSET WC_CES_UTF_8
| #define ENABLE_NLS 1
| #define HAVE_GETTEXT 1
| #define HAVE_DCGETTEXT 1
| #define USE_COLOR 1
| #define USE_ANSI_COLOR 1
| #define USE_BG_COLOR 1
| #define INSTALL_W3MIMGDISPLAY $INSTALL_W3MIMGDISPLAY
| #define USE_IMAGE 1
| #define USE_W3MIMG_X11 1
| #define USE_GDKPIXBUF 1
| #define USE_GTK2 1
| #define USE_W3MIMG_FB 1
| #define USE_GDKPIXBUF 1
| #define USE_GTK2 1
| #define IMGTARGETS "$IMGTARGETS"
| #define IMGOBJS "$IMGOBJS"
| #define IMGX11CFLAGS "$IMGX11CFLAGS"
| #define IMGX11LDFLAGS "$IMGX11LDFLAGS"
| #define IMGFBCFLAGS "$IMGFBCFLAGS"
| #define IMGFBLDFLAGS "$IMGFBLDFLAGS"
| #define IMGLINK "$IMGLINK"
| #define IMGWINCFLAGS "$IMGWINCFLAGS"
| #define IMGWINLDFLAGS "$IMGWINLDFLAGS"
| #define USE_XFACE 1
| #define HELP_FILE "w3mhelp-w3m_en.html"
| #define KEYBIND w3m
| #define USE_MENU 1
| #define USE_MOUSE 1
| #define USE_HISTORY 1
| #define USE_ALARM 1
| #define USE_COOKIE 1
| #define USE_NNTP 1
| #define USE_GOPHER 1
| #define USE_DICT 1
| #define USE_HELP_CGI 1
| #define USE_EXTERNAL_URI_LOADER 1
| #define USE_W3MMAILER 1
| #define DEF_MIGEMO_COMMAND ""
| #define DEF_EDITOR "/usr/bin/vi"
| #define DEF_MAILER "/usr/bin/mail"
| #define DEF_EXT_BROWSER "/usr/bin/firefox"
| #define INET6 1
| #define USE_SSL 1
| #define USE_SSL_VERIFY 1
| #define DEF_CAFILE ""
| #define USE_DIGEST_AUTH 1
| #define HAVE_LIBM 1
| /* end confdefs.h.  */
| #include <sys/consio.h>
|    MOUSE_GETINFO
configure:8743: afl-clang-fast -E  conftest.c
conftest.c:68:10: fatal error: 'machine/console.h' file not found
   68 | #include <machine/console.h>
      |          ^~~~~~~~~~~~~~~~~~~
1 error generated.
configure:8743: $? = 1
configure: failed program was:
| /* confdefs.h */
| #define PACKAGE_NAME "w3m"
| #define PACKAGE_TARNAME "w3m"
| #define PACKAGE_VERSION "0.5.3"
| #define PACKAGE_STRING "w3m 0.5.3"
| #define PACKAGE_BUGREPORT ""
| #define PACKAGE_URL ""
| #define PACKAGE "w3m"
| #define VERSION "0.5.3"
| #define W3M w3m
| #define W3M_TARGET 
| #define USE_M17N 1
| #define USE_UNICODE 1
| #define W3M_LANG EN
| #define WCTARGET "libwc/libwc.a"
| #define WCCFLAGS "-DUSE_UNICODE -I$(srcdir) -I$(srcdir)/.."
| #define DISPLAY_CHARSET WC_CES_UTF_8
| #define SYSTEM_CHARSET WC_CES_UTF_8
| #define DOCUMENT_CHARSET WC_CES_UTF_8
| #define ENABLE_NLS 1
| #define HAVE_GETTEXT 1
| #define HAVE_DCGETTEXT 1
| #define USE_COLOR 1
| #define USE_ANSI_COLOR 1
| #define USE_BG_COLOR 1
| #define INSTALL_W3MIMGDISPLAY $INSTALL_W3MIMGDISPLAY
| #define USE_IMAGE 1
| #define USE_W3MIMG_X11 1
| #define USE_GDKPIXBUF 1
| #define USE_GTK2 1
| #define USE_W3MIMG_FB 1
| #define USE_GDKPIXBUF 1
| #define USE_GTK2 1
| #define IMGTARGETS "$IMGTARGETS"
| #define IMGOBJS "$IMGOBJS"
| #define IMGX11CFLAGS "$IMGX11CFLAGS"
| #define IMGX11LDFLAGS "$IMGX11LDFLAGS"
| #define IMGFBCFLAGS "$IMGFBCFLAGS"
| #define IMGFBLDFLAGS "$IMGFBLDFLAGS"
| #define IMGLINK "$IMGLINK"
| #define IMGWINCFLAGS "$IMGWINCFLAGS"
| #define IMGWINLDFLAGS "$IMGWINLDFLAGS"
| #define USE_XFACE 1
| #define HELP_FILE "w3mhelp-w3m_en.html"
| #define KEYBIND w3m
| #define USE_MENU 1
| #define USE_MOUSE 1
| #define USE_HISTORY 1
| #define USE_ALARM 1
| #define USE_COOKIE 1
| #define USE_NNTP 1
| #define USE_GOPHER 1
| #define USE_DICT 1
| #define USE_HELP_CGI 1
| #define USE_EXTERNAL_URI_LOADER 1
| #define USE_W3MMAILER 1
| #define DEF_MIGEMO_COMMAND ""
| #define DEF_EDITOR "/usr/bin/vi"
| #define DEF_MAILER "/usr/bin/mail"
| #define DEF_EXT_BROWSER "/usr/bin/firefox"
| #define INET6 1
| #define USE_SSL 1
| #define USE_SSL_VERIFY 1
| #define DEF_CAFILE ""
| #define USE_DIGEST_AUTH 1
| #define HAVE_LIBM 1
| /* end confdefs.h.  */
| #include <machine/console.h>
|       MOUSE_GETINFO
configure:8752: checking terminal library
configure:8762: result: yes
configure:8767: checking for tgetent in -lterminfo
configure:8792: afl-clang-fast -o conftest -g -O2 -I$(srcdir)/libwc    conftest.c -lterminfo  -lm  >&5
/usr/bin/ld: cannot find -lterminfo: No such file or directory
clang: error: linker command failed with exit code 1 (use -v to see invocation)
configure:8792: $? = 1
configure: failed program was:
| /* confdefs.h */
| #define PACKAGE_NAME "w3m"
| #define PACKAGE_TARNAME "w3m"
| #define PACKAGE_VERSION "0.5.3"
| #define PACKAGE_STRING "w3m 0.5.3"
| #define PACKAGE_BUGREPORT ""
| #define PACKAGE_URL ""
| #define PACKAGE "w3m"
| #define VERSION "0.5.3"
| #define W3M w3m
| #define W3M_TARGET 
| #define USE_M17N 1
| #define USE_UNICODE 1
| #define W3M_LANG EN
| #define WCTARGET "libwc/libwc.a"
| #define WCCFLAGS "-DUSE_UNICODE -I$(srcdir) -I$(srcdir)/.."
| #define DISPLAY_CHARSET WC_CES_UTF_8
| #define SYSTEM_CHARSET WC_CES_UTF_8
| #define DOCUMENT_CHARSET WC_CES_UTF_8
| #define ENABLE_NLS 1
| #define HAVE_GETTEXT 1
| #define HAVE_DCGETTEXT 1
| #define USE_COLOR 1
| #define USE_ANSI_COLOR 1
| #define USE_BG_COLOR 1
| #define INSTALL_W3MIMGDISPLAY $INSTALL_W3MIMGDISPLAY
| #define USE_IMAGE 1
| #define USE_W3MIMG_X11 1
| #define USE_GDKPIXBUF 1
| #define USE_GTK2 1
| #define USE_W3MIMG_FB 1
| #define USE_GDKPIXBUF 1
| #define USE_GTK2 1
| #define IMGTARGETS "$IMGTARGETS"
| #define IMGOBJS "$IMGOBJS"
| #define IMGX11CFLAGS "$IMGX11CFLAGS"
| #define IMGX11LDFLAGS "$IMGX11LDFLAGS"
| #define IMGFBCFLAGS "$IMGFBCFLAGS"
| #define IMGFBLDFLAGS "$IMGFBLDFLAGS"
| #define IMGLINK "$IMGLINK"
| #define IMGWINCFLAGS "$IMGWINCFLAGS"
| #define IMGWINLDFLAGS "$IMGWINLDFLAGS"
| #define USE_XFACE 1
| #define HELP_FILE "w3mhelp-w3m_en.html"
| #define KEYBIND w3m
| #define USE_MENU 1
| #define USE_MOUSE 1
| #define USE_HISTORY 1
| #define USE_ALARM 1
| #define USE_COOKIE 1
| #define USE_NNTP 1
| #define USE_GOPHER 1
| #define USE_DICT 1
| #define USE_HELP_CGI 1
| #define USE_EXTERNAL_URI_LOADER 1
| #define USE_W3MMAILER 1
| #define DEF_MIGEMO_COMMAND ""
| #define DEF_EDITOR "/usr/bin/vi"
| #define DEF_MAILER "/usr/bin/mail"
| #define DEF_EXT_BROWSER "/usr/bin/firefox"
| #define INET6 1
| #define USE_SSL 1
| #define USE_SSL_VERIFY 1
| #define DEF_CAFILE ""
| #define USE_DIGEST_AUTH 1
| #define HAVE_LIBM 1
| /* end confdefs.h.  */
| 
| /* Override any GCC internal prototype to avoid an error.
|    Use char because int might match the return type of a GCC
|    builtin and then its argument prototype would still apply.  */
| #ifdef __cplusplus
| extern "C"
| #endif
| char tgetent ();
| int
| main ()
| {
| return tgetent ();
|   ;
|   return 0;
| }
configure:8802: result: no
configure:8767: checking for tgetent in -lmytinfo
configure:8792: afl-clang-fast -o conftest -g -O2 -I$(srcdir)/libwc    conftest.c -lmytinfo  -lm  >&5
/usr/bin/ld: cannot find -lmytinfo: No such file or directory
clang: error: linker command failed with exit code 1 (use -v to see invocation)
configure:8792: $? = 1
configure: failed program was:
| /* confdefs.h */
| #define PACKAGE_NAME "w3m"
| #define PACKAGE_TARNAME "w3m"
| #define PACKAGE_VERSION "0.5.3"
| #define PACKAGE_STRING "w3m 0.5.3"
| #define PACKAGE_BUGREPORT ""
| #define PACKAGE_URL ""
| #define PACKAGE "w3m"
| #define VERSION "0.5.3"
| #define W3M w3m
| #define W3M_TARGET 
| #define USE_M17N 1
| #define USE_UNICODE 1
| #define W3M_LANG EN
| #define WCTARGET "libwc/libwc.a"
| #define WCCFLAGS "-DUSE_UNICODE -I$(srcdir) -I$(srcdir)/.."
| #define DISPLAY_CHARSET WC_CES_UTF_8
| #define SYSTEM_CHARSET WC_CES_UTF_8
| #define DOCUMENT_CHARSET WC_CES_UTF_8
| #define ENABLE_NLS 1
| #define HAVE_GETTEXT 1
| #define HAVE_DCGETTEXT 1
| #define USE_COLOR 1
| #define USE_ANSI_COLOR 1
| #define USE_BG_COLOR 1
| #define INSTALL_W3MIMGDISPLAY $INSTALL_W3MIMGDISPLAY
| #define USE_IMAGE 1
| #define USE_W3MIMG_X11 1
| #define USE_GDKPIXBUF 1
| #define USE_GTK2 1
| #define USE_W3MIMG_FB 1
| #define USE_GDKPIXBUF 1
| #define USE_GTK2 1
| #define IMGTARGETS "$IMGTARGETS"
| #define IMGOBJS "$IMGOBJS"
| #define IMGX11CFLAGS "$IMGX11CFLAGS"
| #define IMGX11LDFLAGS "$IMGX11LDFLAGS"
| #define IMGFBCFLAGS "$IMGFBCFLAGS"
| #define IMGFBLDFLAGS "$IMGFBLDFLAGS"
| #define IMGLINK "$IMGLINK"
| #define IMGWINCFLAGS "$IMGWINCFLAGS"
| #define IMGWINLDFLAGS "$IMGWINLDFLAGS"
| #define USE_XFACE 1
| #define HELP_FILE "w3mhelp-w3m_en.html"
| #define KEYBIND w3m
| #define USE_MENU 1
| #define USE_MOUSE 1
| #define USE_HISTORY 1
| #define USE_ALARM 1
| #define USE_COOKIE 1
| #define USE_NNTP 1
| #define USE_GOPHER 1
| #define USE_DICT 1
| #define USE_HELP_CGI 1
| #define USE_EXTERNAL_URI_LOADER 1
| #define USE_W3MMAILER 1
| #define DEF_MIGEMO_COMMAND ""
| #define DEF_EDITOR "/usr/bin/vi"
| #define DEF_MAILER "/usr/bin/mail"
| #define DEF_EXT_BROWSER "/usr/bin/firefox"
| #define INET6 1
| #define USE_SSL 1
| #define USE_SSL_VERIFY 1
| #define DEF_CAFILE ""
| #define USE_DIGEST_AUTH 1
| #define HAVE_LIBM 1
| /* end confdefs.h.  */
| 
| /* Override any GCC internal prototype to avoid an error.
|    Use char because int might match the return type of a GCC
|    builtin and then its argument prototype would still apply.  */
| #ifdef __cplusplus
| extern "C"
| #endif
| char tgetent ();
| int
| main ()
| {
| return tgetent ();
|   ;
|   return 0;
| }
configure:8802: result: no
configure:8767: checking for tgetent in -ltermlib
configure:8792: afl-clang-fast -o conftest -g -O2 -I$(srcdir)/libwc    conftest.c -ltermlib  -lm  >&5
/usr/bin/ld: cannot find -ltermlib: No such file or directory
clang: error: linker command failed with exit code 1 (use -v to see invocation)
configure:8792: $? = 1
configure: failed program was:
| /* confdefs.h */
| #define PACKAGE_NAME "w3m"
| #define PACKAGE_TARNAME "w3m"
| #define PACKAGE_VERSION "0.5.3"
| #define PACKAGE_STRING "w3m 0.5.3"
| #define PACKAGE_BUGREPORT ""
| #define PACKAGE_URL ""
| #define PACKAGE "w3m"
| #define VERSION "0.5.3"
| #define W3M w3m
| #define W3M_TARGET 
| #define USE_M17N 1
| #define USE_UNICODE 1
| #define W3M_LANG EN
| #define WCTARGET "libwc/libwc.a"
| #define WCCFLAGS "-DUSE_UNICODE -I$(srcdir) -I$(srcdir)/.."
| #define DISPLAY_CHARSET WC_CES_UTF_8
| #define SYSTEM_CHARSET WC_CES_UTF_8
| #define DOCUMENT_CHARSET WC_CES_UTF_8
| #define ENABLE_NLS 1
| #define HAVE_GETTEXT 1
| #define HAVE_DCGETTEXT 1
| #define USE_COLOR 1
| #define USE_ANSI_COLOR 1
| #define USE_BG_COLOR 1
| #define INSTALL_W3MIMGDISPLAY $INSTALL_W3MIMGDISPLAY
| #define USE_IMAGE 1
| #define USE_W3MIMG_X11 1
| #define USE_GDKPIXBUF 1
| #define USE_GTK2 1
| #define USE_W3MIMG_FB 1
| #define USE_GDKPIXBUF 1
| #define USE_GTK2 1
| #define IMGTARGETS "$IMGTARGETS"
| #define IMGOBJS "$IMGOBJS"
| #define IMGX11CFLAGS "$IMGX11CFLAGS"
| #define IMGX11LDFLAGS "$IMGX11LDFLAGS"
| #define IMGFBCFLAGS "$IMGFBCFLAGS"
| #define IMGFBLDFLAGS "$IMGFBLDFLAGS"
| #define IMGLINK "$IMGLINK"
| #define IMGWINCFLAGS "$IMGWINCFLAGS"
| #define IMGWINLDFLAGS "$IMGWINLDFLAGS"
| #define USE_XFACE 1
| #define HELP_FILE "w3mhelp-w3m_en.html"
| #define KEYBIND w3m
| #define USE_MENU 1
| #define USE_MOUSE 1
| #define USE_HISTORY 1
| #define USE_ALARM 1
| #define USE_COOKIE 1
| #define USE_NNTP 1
| #define USE_GOPHER 1
| #define USE_DICT 1
| #define USE_HELP_CGI 1
| #define USE_EXTERNAL_URI_LOADER 1
| #define USE_W3MMAILER 1
| #define DEF_MIGEMO_COMMAND ""
| #define DEF_EDITOR "/usr/bin/vi"
| #define DEF_MAILER "/usr/bin/mail"
| #define DEF_EXT_BROWSER "/usr/bin/firefox"
| #define INET6 1
| #define USE_SSL 1
| #define USE_SSL_VERIFY 1
| #define DEF_CAFILE ""
| #define USE_DIGEST_AUTH 1
| #define HAVE_LIBM 1
| /* end confdefs.h.  */
| 
| /* Override any GCC internal prototype to avoid an error.
|    Use char because int might match the return type of a GCC
|    builtin and then its argument prototype would still apply.  */
| #ifdef __cplusplus
| extern "C"
| #endif
| char tgetent ();
| int
| main ()
| {
| return tgetent ();
|   ;
|   return 0;
| }
configure:8802: result: no
configure:8767: checking for tgetent in -ltermcap
configure:8792: afl-clang-fast -o conftest -g -O2 -I$(srcdir)/libwc    conftest.c -ltermcap  -lm  >&5
configure:8792: $? = 0
configure:8802: result: yes
configure:8810: checking for ANSI C header files
configure:8830: afl-clang-fast -c -g -O2 -I$(srcdir)/libwc   conftest.c >&5
configure:8830: $? = 0
configure:8903: afl-clang-fast -o conftest -g -O2 -I$(srcdir)/libwc    conftest.c -lm  >&5
configure:8903: $? = 0
configure:8903: ./conftest
configure:8903: $? = 0
configure:8914: result: yes
configure:8927: checking for sys/types.h
configure:8927: afl-clang-fast -c -g -O2 -I$(srcdir)/libwc   conftest.c >&5
configure:8927: $? = 0
configure:8927: result: yes
configure:8927: checking for sys/stat.h
configure:8927: afl-clang-fast -c -g -O2 -I$(srcdir)/libwc   conftest.c >&5
configure:8927: $? = 0
configure:8927: result: yes
configure:8927: checking for stdlib.h
configure:8927: afl-clang-fast -c -g -O2 -I$(srcdir)/libwc   conftest.c >&5
configure:8927: $? = 0
configure:8927: result: yes
configure:8927: checking for string.h
configure:8927: afl-clang-fast -c -g -O2 -I$(srcdir)/libwc   conftest.c >&5
configure:8927: $? = 0
configure:8927: result: yes
configure:8927: checking for memory.h
configure:8927: afl-clang-fast -c -g -O2 -I$(srcdir)/libwc   conftest.c >&5
configure:8927: $? = 0
configure:8927: result: yes
configure:8927: checking for strings.h
configure:8927: afl-clang-fast -c -g -O2 -I$(srcdir)/libwc   conftest.c >&5
configure:8927: $? = 0
configure:8927: result: yes
configure:8927: checking for inttypes.h
configure:8927: afl-clang-fast -c -g -O2 -I$(srcdir)/libwc   conftest.c >&5
configure:8927: $? = 0
configure:8927: result: yes
configure:8927: checking for stdint.h
configure:8927: afl-clang-fast -c -g -O2 -I$(srcdir)/libwc   conftest.c >&5
configure:8927: $? = 0
configure:8927: result: yes
configure:8927: checking for unistd.h
configure:8927: afl-clang-fast -c -g -O2 -I$(srcdir)/libwc   conftest.c >&5
configure:8927: $? = 0
configure:8927: result: yes
configure:8939: checking GC library exists
configure:8950: result: yes
configure:8954: checking gc.h usability
configure:8954: afl-clang-fast -c -g -O2 -I$(srcdir)/libwc   conftest.c >&5
configure:8954: $? = 0
configure:8954: result: yes
configure:8954: checking gc.h presence
configure:8954: afl-clang-fast -E  conftest.c
configure:8954: $? = 0
configure:8954: result: yes
configure:8954: checking for gc.h
configure:8954: result: yes
configure:8990: checking for GC_init in -lgc
configure:9015: afl-clang-fast -o conftest -g -O2 -I$(srcdir)/libwc    conftest.c -lgc  -lm  >&5
configure:9015: $? = 0
configure:9024: result: yes
configure:9088: checking for zError in -lz
configure:9113: afl-clang-fast -o conftest -g -O2 -I$(srcdir)/libwc    conftest.c -lz  -lm  >&5
configure:9113: $? = 0
configure:9122: result: yes
configure:9129: checking for socklen_t
configure:9129: afl-clang-fast -c -g -O2 -I$(srcdir)/libwc   conftest.c >&5
configure:9129: $? = 0
configure:9129: afl-clang-fast -c -g -O2 -I$(srcdir)/libwc   conftest.c >&5
conftest.c:84:24: error: expected expression
   84 | if (sizeof ((socklen_t)))
      |                        ^
1 error generated.
configure:9129: $? = 1
configure: failed program was:
| /* confdefs.h */
| #define PACKAGE_NAME "w3m"
| #define PACKAGE_TARNAME "w3m"
| #define PACKAGE_VERSION "0.5.3"
| #define PACKAGE_STRING "w3m 0.5.3"
| #define PACKAGE_BUGREPORT ""
| #define PACKAGE_URL ""
| #define PACKAGE "w3m"
| #define VERSION "0.5.3"
| #define W3M w3m
| #define W3M_TARGET 
| #define USE_M17N 1
| #define USE_UNICODE 1
| #define W3M_LANG EN
| #define WCTARGET "libwc/libwc.a"
| #define WCCFLAGS "-DUSE_UNICODE -I$(srcdir) -I$(srcdir)/.."
| #define DISPLAY_CHARSET WC_CES_UTF_8
| #define SYSTEM_CHARSET WC_CES_UTF_8
| #define DOCUMENT_CHARSET WC_CES_UTF_8
| #define ENABLE_NLS 1
| #define HAVE_GETTEXT 1
| #define HAVE_DCGETTEXT 1
| #define USE_COLOR 1
| #define USE_ANSI_COLOR 1
| #define USE_BG_COLOR 1
| #define INSTALL_W3MIMGDISPLAY $INSTALL_W3MIMGDISPLAY
| #define USE_IMAGE 1
| #define USE_W3MIMG_X11 1
| #define USE_GDKPIXBUF 1
| #define USE_GTK2 1
| #define USE_W3MIMG_FB 1
| #define USE_GDKPIXBUF 1
| #define USE_GTK2 1
| #define IMGTARGETS "$IMGTARGETS"
| #define IMGOBJS "$IMGOBJS"
| #define IMGX11CFLAGS "$IMGX11CFLAGS"
| #define IMGX11LDFLAGS "$IMGX11LDFLAGS"
| #define IMGFBCFLAGS "$IMGFBCFLAGS"
| #define IMGFBLDFLAGS "$IMGFBLDFLAGS"
| #define IMGLINK "$IMGLINK"
| #define IMGWINCFLAGS "$IMGWINCFLAGS"
| #define IMGWINLDFLAGS "$IMGWINLDFLAGS"
| #define USE_XFACE 1
| #define HELP_FILE "w3mhelp-w3m_en.html"
| #define KEYBIND w3m
| #define USE_MENU 1
| #define USE_MOUSE 1
| #define USE_HISTORY 1
| #define USE_ALARM 1
| #define USE_COOKIE 1
| #define USE_NNTP 1
| #define USE_GOPHER 1
| #define USE_DICT 1
| #define USE_HELP_CGI 1
| #define USE_EXTERNAL_URI_LOADER 1
| #define USE_W3MMAILER 1
| #define DEF_MIGEMO_COMMAND ""
| #define DEF_EDITOR "/usr/bin/vi"
| #define DEF_MAILER "/usr/bin/mail"
| #define DEF_EXT_BROWSER "/usr/bin/firefox"
| #define INET6 1
| #define USE_SSL 1
| #define USE_SSL_VERIFY 1
| #define DEF_CAFILE ""
| #define USE_DIGEST_AUTH 1
| #define HAVE_LIBM 1
| #define STDC_HEADERS 1
| #define HAVE_SYS_TYPES_H 1
| #define HAVE_SYS_STAT_H 1
| #define HAVE_STDLIB_H 1
| #define HAVE_STRING_H 1
| #define HAVE_MEMORY_H 1
| #define HAVE_STRINGS_H 1
| #define HAVE_INTTYPES_H 1
| #define HAVE_STDINT_H 1
| #define HAVE_UNISTD_H 1
| /* end confdefs.h.  */
| #include <sys/types.h>
| 	  #include <sys/socket.h>
| 
| int
| main ()
| {
| if (sizeof ((socklen_t)))
| 	    return 0;
|   ;
|   return 0;
| }
configure:9129: result: yes
configure:9152: checking for dirent.h that defines DIR
configure:9171: afl-clang-fast -c -g -O2 -I$(srcdir)/libwc   conftest.c >&5
configure:9171: $? = 0
configure:9179: result: yes
configure:9192: checking for library containing opendir
configure:9223: afl-clang-fast -o conftest -g -O2 -I$(srcdir)/libwc    conftest.c -lm  >&5
configure:9223: $? = 0
configure:9240: result: none required
configure:9307: checking for ANSI C header files
configure:9411: result: yes
configure:9419: checking for sys/wait.h that is POSIX.1 compatible
configure:9445: afl-clang-fast -c -g -O2 -I$(srcdir)/libwc   conftest.c >&5
configure:9445: $? = 0
configure:9452: result: yes
configure:9460: checking termios.h usability
configure:9460: afl-clang-fast -c -g -O2 -I$(srcdir)/libwc   conftest.c >&5
configure:9460: $? = 0
configure:9460: result: yes
configure:9460: checking termios.h presence
configure:9460: afl-clang-fast -E  conftest.c
configure:9460: $? = 0
configure:9460: result: yes
configure:9460: checking for termios.h
configure:9460: result: yes
configure:9483: checking float.h usability
configure:9483: afl-clang-fast -c -g -O2 -I$(srcdir)/libwc   conftest.c >&5
configure:9483: $? = 0
configure:9483: result: yes
configure:9483: checking float.h presence
configure:9483: afl-clang-fast -E  conftest.c
configure:9483: $? = 0
configure:9483: result: yes
configure:9483: checking for float.h
configure:9483: result: yes
configure:9490: checking sys/select.h usability
configure:9490: afl-clang-fast -c -g -O2 -I$(srcdir)/libwc   conftest.c >&5
configure:9490: $? = 0
configure:9490: result: yes
configure:9490: checking sys/select.h presence
configure:9490: afl-clang-fast -E  conftest.c
configure:9490: $? = 0
configure:9490: result: yes
configure:9490: checking for sys/select.h
configure:9490: result: yes
configure:9497: checking locale.h usability
configure:9497: afl-clang-fast -c -g -O2 -I$(srcdir)/libwc   conftest.c >&5
configure:9497: $? = 0
configure:9497: result: yes
configure:9497: checking locale.h presence
configure:9497: afl-clang-fast -E  conftest.c
configure:9497: $? = 0
configure:9497: result: yes
configure:9497: checking for locale.h
configure:9497: result: yes
configure:9504: checking for stdint.h
configure:9504: result: yes
configure:9511: checking for inttypes.h
configure:9511: result: yes
configure:9523: checking size of long long
configure:9528: afl-clang-fast -o conftest -g -O2 -I$(srcdir)/libwc    conftest.c -lm  >&5
configure:9528: $? = 0
configure:9528: ./conftest
configure:9528: $? = 0
configure:9542: result: 8
configure:9556: checking for strcasecmp
configure:9556: afl-clang-fast -o conftest -g -O2 -I$(srcdir)/libwc    conftest.c -lm  >&5
conftest.c:113:6: warning: incompatible redeclaration of library function 'strcasecmp' [-Wincompatible-library-redeclaration]
  113 | char strcasecmp ();
      |      ^
conftest.c:113:6: note: 'strcasecmp' is a builtin with type 'int (const char *, const char *)'
1 warning generated.
configure:9556: $? = 0
configure:9556: result: yes
configure:9556: checking for strcasestr
configure:9556: afl-clang-fast -o conftest -g -O2 -I$(srcdir)/libwc    conftest.c -lm  >&5
configure:9556: $? = 0
configure:9556: result: yes
configure:9556: checking for strchr
configure:9556: afl-clang-fast -o conftest -g -O2 -I$(srcdir)/libwc    conftest.c -lm  >&5
conftest.c:115:6: warning: incompatible redeclaration of library function 'strchr' [-Wincompatible-library-redeclaration]
  115 | char strchr ();
      |      ^
conftest.c:115:6: note: 'strchr' is a builtin with type 'char *(const char *, int)'
1 warning generated.
configure:9556: $? = 0
configure:9556: result: yes
configure:9556: checking for memcpy
configure:9556: afl-clang-fast -o conftest -g -O2 -I$(srcdir)/libwc    conftest.c -lm  >&5
conftest.c:116:6: warning: incompatible redeclaration of library function 'memcpy' [-Wincompatible-library-redeclaration]
  116 | char memcpy ();
      |      ^
conftest.c:116:6: note: 'memcpy' is a builtin with type 'void *(void *, const void *, unsigned long)'
1 warning generated.
configure:9556: $? = 0
configure:9556: result: yes
configure:9556: checking for strerror
configure:9556: afl-clang-fast -o conftest -g -O2 -I$(srcdir)/libwc    conftest.c -lm  >&5
conftest.c:117:6: warning: incompatible redeclaration of library function 'strerror' [-Wincompatible-library-redeclaration]
  117 | char strerror ();
      |      ^
conftest.c:117:6: note: 'strerror' is a builtin with type 'char *(int)'
1 warning generated.
configure:9556: $? = 0
configure:9556: result: yes
configure:9556: checking for bcopy
configure:9556: afl-clang-fast -o conftest -g -O2 -I$(srcdir)/libwc    conftest.c -lm  >&5
conftest.c:118:6: warning: incompatible redeclaration of library function 'bcopy' [-Wincompatible-library-redeclaration]
  118 | char bcopy ();
      |      ^
conftest.c:118:6: note: 'bcopy' is a builtin with type 'void (const void *, void *, unsigned long)'
1 warning generated.
configure:9556: $? = 0
configure:9556: result: yes
configure:9556: checking for setpgrp
configure:9556: afl-clang-fast -o conftest -g -O2 -I$(srcdir)/libwc    conftest.c -lm  >&5
configure:9556: $? = 0
configure:9556: result: yes
configure:9556: checking for chdir
configure:9556: afl-clang-fast -o conftest -g -O2 -I$(srcdir)/libwc    conftest.c -lm  >&5
configure:9556: $? = 0
configure:9556: result: yes
configure:9556: checking for mkdtemp
configure:9556: afl-clang-fast -o conftest -g -O2 -I$(srcdir)/libwc    conftest.c -lm  >&5
configure:9556: $? = 0
configure:9556: result: yes
configure:9556: checking for faccessat
configure:9556: afl-clang-fast -o conftest -g -O2 -I$(srcdir)/libwc    conftest.c -lm  >&5
configure:9556: $? = 0
configure:9556: result: yes
configure:9556: checking for getcwd
configure:9556: afl-clang-fast -o conftest -g -O2 -I$(srcdir)/libwc    conftest.c -lm  >&5
configure:9556: $? = 0
configure:9556: result: yes
configure:9556: checking for getwd
configure:9556: afl-clang-fast -o conftest -g -O2 -I$(srcdir)/libwc    conftest.c -lm  >&5
/usr/bin/ld: /tmp/conftest-5a680e.o: in function `main':
/home/raptor/w3m/conftest.c:135:(.text.main[main]+0x22): warning: the `getwd' function is dangerous and should not be used.
configure:9556: $? = 0
configure:9556: result: yes
configure:9556: checking for readlink
configure:9556: afl-clang-fast -o conftest -g -O2 -I$(srcdir)/libwc    conftest.c -lm  >&5
configure:9556: $? = 0
configure:9556: result: yes
configure:9556: checking for setenv
configure:9556: afl-clang-fast -o conftest -g -O2 -I$(srcdir)/libwc    conftest.c -lm  >&5
configure:9556: $? = 0
configure:9556: result: yes
configure:9556: checking for putenv
configure:9556: afl-clang-fast -o conftest -g -O2 -I$(srcdir)/libwc    conftest.c -lm  >&5
configure:9556: $? = 0
configure:9556: result: yes
configure:9556: checking for strtoll
configure:9556: afl-clang-fast -o conftest -g -O2 -I$(srcdir)/libwc    conftest.c -lm  >&5
conftest.c:128:6: warning: incompatible redeclaration of library function 'strtoll' [-Wincompatible-library-redeclaration]
  128 | char strtoll ();
      |      ^
conftest.c:128:6: note: 'strtoll' is a builtin with type 'long long (const char *, char **, int)'
1 warning generated.
configure:9556: $? = 0
configure:9556: result: yes
configure:9556: checking for stroq
configure:9556: afl-clang-fast -o conftest -g -O2 -I$(srcdir)/libwc    conftest.c -lm  >&5
/usr/bin/ld: /tmp/conftest-7fe063.o: in function `main':
/home/raptor/w3m/conftest.c:140:(.text.main[main]+0x22): undefined reference to `stroq'
clang: error: linker command failed with exit code 1 (use -v to see invocation)
configure:9556: $? = 1
configure: failed program was:
| /* confdefs.h */
| #define PACKAGE_NAME "w3m"
| #define PACKAGE_TARNAME "w3m"
| #define PACKAGE_VERSION "0.5.3"
| #define PACKAGE_STRING "w3m 0.5.3"
| #define PACKAGE_BUGREPORT ""
| #define PACKAGE_URL ""
| #define PACKAGE "w3m"
| #define VERSION "0.5.3"
| #define W3M w3m
| #define W3M_TARGET 
| #define USE_M17N 1
| #define USE_UNICODE 1
| #define W3M_LANG EN
| #define WCTARGET "libwc/libwc.a"
| #define WCCFLAGS "-DUSE_UNICODE -I$(srcdir) -I$(srcdir)/.."
| #define DISPLAY_CHARSET WC_CES_UTF_8
| #define SYSTEM_CHARSET WC_CES_UTF_8
| #define DOCUMENT_CHARSET WC_CES_UTF_8
| #define ENABLE_NLS 1
| #define HAVE_GETTEXT 1
| #define HAVE_DCGETTEXT 1
| #define USE_COLOR 1
| #define USE_ANSI_COLOR 1
| #define USE_BG_COLOR 1
| #define INSTALL_W3MIMGDISPLAY $INSTALL_W3MIMGDISPLAY
| #define USE_IMAGE 1
| #define USE_W3MIMG_X11 1
| #define USE_GDKPIXBUF 1
| #define USE_GTK2 1
| #define USE_W3MIMG_FB 1
| #define USE_GDKPIXBUF 1
| #define USE_GTK2 1
| #define IMGTARGETS "$IMGTARGETS"
| #define IMGOBJS "$IMGOBJS"
| #define IMGX11CFLAGS "$IMGX11CFLAGS"
| #define IMGX11LDFLAGS "$IMGX11LDFLAGS"
| #define IMGFBCFLAGS "$IMGFBCFLAGS"
| #define IMGFBLDFLAGS "$IMGFBLDFLAGS"
| #define IMGLINK "$IMGLINK"
| #define IMGWINCFLAGS "$IMGWINCFLAGS"
| #define IMGWINLDFLAGS "$IMGWINLDFLAGS"
| #define USE_XFACE 1
| #define HELP_FILE "w3mhelp-w3m_en.html"
| #define KEYBIND w3m
| #define USE_MENU 1
| #define USE_MOUSE 1
| #define USE_HISTORY 1
| #define USE_ALARM 1
| #define USE_COOKIE 1
| #define USE_NNTP 1
| #define USE_GOPHER 1
| #define USE_DICT 1
| #define USE_HELP_CGI 1
| #define USE_EXTERNAL_URI_LOADER 1
| #define USE_W3MMAILER 1
| #define DEF_MIGEMO_COMMAND ""
| #define DEF_EDITOR "/usr/bin/vi"
| #define DEF_MAILER "/usr/bin/mail"
| #define DEF_EXT_BROWSER "/usr/bin/firefox"
| #define INET6 1
| #define USE_SSL 1
| #define USE_SSL_VERIFY 1
| #define DEF_CAFILE ""
| #define USE_DIGEST_AUTH 1
| #define HAVE_LIBM 1
| #define STDC_HEADERS 1
| #define HAVE_SYS_TYPES_H 1
| #define HAVE_SYS_STAT_H 1
| #define HAVE_STDLIB_H 1
| #define HAVE_STRING_H 1
| #define HAVE_MEMORY_H 1
| #define HAVE_STRINGS_H 1
| #define HAVE_INTTYPES_H 1
| #define HAVE_STDINT_H 1
| #define HAVE_UNISTD_H 1
| #define HAVE_SOCKLEN_T 1
| #define AUXBIN_TARGETS "$AUXBIN_TARGETS"
| #define HAVE_DIRENT_H 1
| #define STDC_HEADERS 1
| #define HAVE_SYS_WAIT_H 1
| #define HAVE_TERMIOS_H 1
| #define HAVE_FLOAT_H 1
| #define HAVE_SYS_SELECT_H 1
| #define HAVE_LOCALE_H 1
| #define HAVE_STDINT_H 1
| #define HAVE_INTTYPES_H 1
| #define SIZEOF_LONG_LONG 8
| #define HAVE_STRCASECMP 1
| #define HAVE_STRCASESTR 1
| #define HAVE_STRCHR 1
| #define HAVE_MEMCPY 1
| #define HAVE_STRERROR 1
| #define HAVE_BCOPY 1
| #define HAVE_SETPGRP 1
| #define HAVE_CHDIR 1
| #define HAVE_MKDTEMP 1
| #define HAVE_FACCESSAT 1
| #define HAVE_GETCWD 1
| #define HAVE_GETWD 1
| #define HAVE_READLINK 1
| #define HAVE_SETENV 1
| #define HAVE_PUTENV 1
| #define HAVE_STRTOLL 1
| /* end confdefs.h.  */
| /* Define stroq to an innocuous variant, in case <limits.h> declares stroq.
|    For example, HP-UX 11i <limits.h> declares gettimeofday.  */
| #define stroq innocuous_stroq
| 
| /* System header to define __stub macros and hopefully few prototypes,
|     which can conflict with char stroq (); below.
|     Prefer <limits.h> to <assert.h> if __STDC__ is defined, since
|     <limits.h> exists even on freestanding compilers.  */
| 
| #ifdef __STDC__
| # include <limits.h>
| #else
| # include <assert.h>
| #endif
| 
| #undef stroq
| 
| /* Override any GCC internal prototype to avoid an error.
|    Use char because int might match the return type of a GCC
|    builtin and then its argument prototype would still apply.  */
| #ifdef __cplusplus
| extern "C"
| #endif
| char stroq ();
| /* The GNU C library defines this for functions which it implements
|     to always fail with ENOSYS.  Some functions are actually named
|     something starting with __ and the normal name is an alias.  */
| #if defined __stub_stroq || defined __stub___stroq
| choke me
| #endif
| 
| int
| main ()
| {
| return stroq ();
|   ;
|   return 0;
| }
configure:9556: result: no
configure:9556: checking for atoll
configure:9556: afl-clang-fast -o conftest -g -O2 -I$(srcdir)/libwc    conftest.c -lm  >&5
configure:9556: $? = 0
configure:9556: result: yes
configure:9556: checking for atoq
configure:9556: afl-clang-fast -o conftest -g -O2 -I$(srcdir)/libwc    conftest.c -lm  >&5
/usr/bin/ld: /tmp/conftest-563ca3.o: in function `main':
/home/raptor/w3m/conftest.c:141:(.text.main[main]+0x22): undefined reference to `atoq'
clang: error: linker command failed with exit code 1 (use -v to see invocation)
configure:9556: $? = 1
configure: failed program was:
| /* confdefs.h */
| #define PACKAGE_NAME "w3m"
| #define PACKAGE_TARNAME "w3m"
| #define PACKAGE_VERSION "0.5.3"
| #define PACKAGE_STRING "w3m 0.5.3"
| #define PACKAGE_BUGREPORT ""
| #define PACKAGE_URL ""
| #define PACKAGE "w3m"
| #define VERSION "0.5.3"
| #define W3M w3m
| #define W3M_TARGET 
| #define USE_M17N 1
| #define USE_UNICODE 1
| #define W3M_LANG EN
| #define WCTARGET "libwc/libwc.a"
| #define WCCFLAGS "-DUSE_UNICODE -I$(srcdir) -I$(srcdir)/.."
| #define DISPLAY_CHARSET WC_CES_UTF_8
| #define SYSTEM_CHARSET WC_CES_UTF_8
| #define DOCUMENT_CHARSET WC_CES_UTF_8
| #define ENABLE_NLS 1
| #define HAVE_GETTEXT 1
| #define HAVE_DCGETTEXT 1
| #define USE_COLOR 1
| #define USE_ANSI_COLOR 1
| #define USE_BG_COLOR 1
| #define INSTALL_W3MIMGDISPLAY $INSTALL_W3MIMGDISPLAY
| #define USE_IMAGE 1
| #define USE_W3MIMG_X11 1
| #define USE_GDKPIXBUF 1
| #define USE_GTK2 1
| #define USE_W3MIMG_FB 1
| #define USE_GDKPIXBUF 1
| #define USE_GTK2 1
| #define IMGTARGETS "$IMGTARGETS"
| #define IMGOBJS "$IMGOBJS"
| #define IMGX11CFLAGS "$IMGX11CFLAGS"
| #define IMGX11LDFLAGS "$IMGX11LDFLAGS"
| #define IMGFBCFLAGS "$IMGFBCFLAGS"
| #define IMGFBLDFLAGS "$IMGFBLDFLAGS"
| #define IMGLINK "$IMGLINK"
| #define IMGWINCFLAGS "$IMGWINCFLAGS"
| #define IMGWINLDFLAGS "$IMGWINLDFLAGS"
| #define USE_XFACE 1
| #define HELP_FILE "w3mhelp-w3m_en.html"
| #define KEYBIND w3m
| #define USE_MENU 1
| #define USE_MOUSE 1
| #define USE_HISTORY 1
| #define USE_ALARM 1
| #define USE_COOKIE 1
| #define USE_NNTP 1
| #define USE_GOPHER 1
| #define USE_DICT 1
| #define USE_HELP_CGI 1
| #define USE_EXTERNAL_URI_LOADER 1
| #define USE_W3MMAILER 1
| #define DEF_MIGEMO_COMMAND ""
| #define DEF_EDITOR "/usr/bin/vi"
| #define DEF_MAILER "/usr/bin/mail"
| #define DEF_EXT_BROWSER "/usr/bin/firefox"
| #define INET6 1
| #define USE_SSL 1
| #define USE_SSL_VERIFY 1
| #define DEF_CAFILE ""
| #define USE_DIGEST_AUTH 1
| #define HAVE_LIBM 1
| #define STDC_HEADERS 1
| #define HAVE_SYS_TYPES_H 1
| #define HAVE_SYS_STAT_H 1
| #define HAVE_STDLIB_H 1
| #define HAVE_STRING_H 1
| #define HAVE_MEMORY_H 1
| #define HAVE_STRINGS_H 1
| #define HAVE_INTTYPES_H 1
| #define HAVE_STDINT_H 1
| #define HAVE_UNISTD_H 1
| #define HAVE_SOCKLEN_T 1
| #define AUXBIN_TARGETS "$AUXBIN_TARGETS"
| #define HAVE_DIRENT_H 1
| #define STDC_HEADERS 1
| #define HAVE_SYS_WAIT_H 1
| #define HAVE_TERMIOS_H 1
| #define HAVE_FLOAT_H 1
| #define HAVE_SYS_SELECT_H 1
| #define HAVE_LOCALE_H 1
| #define HAVE_STDINT_H 1
| #define HAVE_INTTYPES_H 1
| #define SIZEOF_LONG_LONG 8
| #define HAVE_STRCASECMP 1
| #define HAVE_STRCASESTR 1
| #define HAVE_STRCHR 1
| #define HAVE_MEMCPY 1
| #define HAVE_STRERROR 1
| #define HAVE_BCOPY 1
| #define HAVE_SETPGRP 1
| #define HAVE_CHDIR 1
| #define HAVE_MKDTEMP 1
| #define HAVE_FACCESSAT 1
| #define HAVE_GETCWD 1
| #define HAVE_GETWD 1
| #define HAVE_READLINK 1
| #define HAVE_SETENV 1
| #define HAVE_PUTENV 1
| #define HAVE_STRTOLL 1
| #define HAVE_ATOLL 1
| /* end confdefs.h.  */
| /* Define atoq to an innocuous variant, in case <limits.h> declares atoq.
|    For example, HP-UX 11i <limits.h> declares gettimeofday.  */
| #define atoq innocuous_atoq
| 
| /* System header to define __stub macros and hopefully few prototypes,
|     which can conflict with char atoq (); below.
|     Prefer <limits.h> to <assert.h> if __STDC__ is defined, since
|     <limits.h> exists even on freestanding compilers.  */
| 
| #ifdef __STDC__
| # include <limits.h>
| #else
| # include <assert.h>
| #endif
| 
| #undef atoq
| 
| /* Override any GCC internal prototype to avoid an error.
|    Use char because int might match the return type of a GCC
|    builtin and then its argument prototype would still apply.  */
| #ifdef __cplusplus
| extern "C"
| #endif
| char atoq ();
| /* The GNU C library defines this for functions which it implements
|     to always fail with ENOSYS.  Some functions are actually named
|     something starting with __ and the normal name is an alias.  */
| #if defined __stub_atoq || defined __stub___atoq
| choke me
| #endif
| 
| int
| main ()
| {
| return atoq ();
|   ;
|   return 0;
| }
configure:9556: result: no
configure:9556: checking for symlink
configure:9556: afl-clang-fast -o conftest -g -O2 -I$(srcdir)/libwc    conftest.c -lm  >&5
configure:9556: $? = 0
configure:9556: result: yes
configure:9556: checking for readlink
configure:9556: result: yes
configure:9556: checking for lstat
configure:9556: afl-clang-fast -o conftest -g -O2 -I$(srcdir)/libwc    conftest.c -lm  >&5
configure:9556: $? = 0
configure:9556: result: yes
configure:9556: checking for srand48
configure:9556: afl-clang-fast -o conftest -g -O2 -I$(srcdir)/libwc    conftest.c -lm  >&5
configure:9556: $? = 0
configure:9556: result: yes
configure:9556: checking for srandom
configure:9556: afl-clang-fast -o conftest -g -O2 -I$(srcdir)/libwc    conftest.c -lm  >&5
configure:9556: $? = 0
configure:9556: result: yes
configure:9556: checking for getpassphrase
configure:9556: afl-clang-fast -o conftest -g -O2 -I$(srcdir)/libwc    conftest.c -lm  >&5
/usr/bin/ld: /tmp/conftest-ddd3c8.o: in function `main':
/home/raptor/w3m/conftest.c:146:(.text.main[main]+0x22): undefined reference to `getpassphrase'
clang: error: linker command failed with exit code 1 (use -v to see invocation)
configure:9556: $? = 1
configure: failed program was:
| /* confdefs.h */
| #define PACKAGE_NAME "w3m"
| #define PACKAGE_TARNAME "w3m"
| #define PACKAGE_VERSION "0.5.3"
| #define PACKAGE_STRING "w3m 0.5.3"
| #define PACKAGE_BUGREPORT ""
| #define PACKAGE_URL ""
| #define PACKAGE "w3m"
| #define VERSION "0.5.3"
| #define W3M w3m
| #define W3M_TARGET 
| #define USE_M17N 1
| #define USE_UNICODE 1
| #define W3M_LANG EN
| #define WCTARGET "libwc/libwc.a"
| #define WCCFLAGS "-DUSE_UNICODE -I$(srcdir) -I$(srcdir)/.."
| #define DISPLAY_CHARSET WC_CES_UTF_8
| #define SYSTEM_CHARSET WC_CES_UTF_8
| #define DOCUMENT_CHARSET WC_CES_UTF_8
| #define ENABLE_NLS 1
| #define HAVE_GETTEXT 1
| #define HAVE_DCGETTEXT 1
| #define USE_COLOR 1
| #define USE_ANSI_COLOR 1
| #define USE_BG_COLOR 1
| #define INSTALL_W3MIMGDISPLAY $INSTALL_W3MIMGDISPLAY
| #define USE_IMAGE 1
| #define USE_W3MIMG_X11 1
| #define USE_GDKPIXBUF 1
| #define USE_GTK2 1
| #define USE_W3MIMG_FB 1
| #define USE_GDKPIXBUF 1
| #define USE_GTK2 1
| #define IMGTARGETS "$IMGTARGETS"
| #define IMGOBJS "$IMGOBJS"
| #define IMGX11CFLAGS "$IMGX11CFLAGS"
| #define IMGX11LDFLAGS "$IMGX11LDFLAGS"
| #define IMGFBCFLAGS "$IMGFBCFLAGS"
| #define IMGFBLDFLAGS "$IMGFBLDFLAGS"
| #define IMGLINK "$IMGLINK"
| #define IMGWINCFLAGS "$IMGWINCFLAGS"
| #define IMGWINLDFLAGS "$IMGWINLDFLAGS"
| #define USE_XFACE 1
| #define HELP_FILE "w3mhelp-w3m_en.html"
| #define KEYBIND w3m
| #define USE_MENU 1
| #define USE_MOUSE 1
| #define USE_HISTORY 1
| #define USE_ALARM 1
| #define USE_COOKIE 1
| #define USE_NNTP 1
| #define USE_GOPHER 1
| #define USE_DICT 1
| #define USE_HELP_CGI 1
| #define USE_EXTERNAL_URI_LOADER 1
| #define USE_W3MMAILER 1
| #define DEF_MIGEMO_COMMAND ""
| #define DEF_EDITOR "/usr/bin/vi"
| #define DEF_MAILER "/usr/bin/mail"
| #define DEF_EXT_BROWSER "/usr/bin/firefox"
| #define INET6 1
| #define USE_SSL 1
| #define USE_SSL_VERIFY 1
| #define DEF_CAFILE ""
| #define USE_DIGEST_AUTH 1
| #define HAVE_LIBM 1
| #define STDC_HEADERS 1
| #define HAVE_SYS_TYPES_H 1
| #define HAVE_SYS_STAT_H 1
| #define HAVE_STDLIB_H 1
| #define HAVE_STRING_H 1
| #define HAVE_MEMORY_H 1
| #define HAVE_STRINGS_H 1
| #define HAVE_INTTYPES_H 1
| #define HAVE_STDINT_H 1
| #define HAVE_UNISTD_H 1
| #define HAVE_SOCKLEN_T 1
| #define AUXBIN_TARGETS "$AUXBIN_TARGETS"
| #define HAVE_DIRENT_H 1
| #define STDC_HEADERS 1
| #define HAVE_SYS_WAIT_H 1
| #define HAVE_TERMIOS_H 1
| #define HAVE_FLOAT_H 1
| #define HAVE_SYS_SELECT_H 1
| #define HAVE_LOCALE_H 1
| #define HAVE_STDINT_H 1
| #define HAVE_INTTYPES_H 1
| #define SIZEOF_LONG_LONG 8
| #define HAVE_STRCASECMP 1
| #define HAVE_STRCASESTR 1
| #define HAVE_STRCHR 1
| #define HAVE_MEMCPY 1
| #define HAVE_STRERROR 1
| #define HAVE_BCOPY 1
| #define HAVE_SETPGRP 1
| #define HAVE_CHDIR 1
| #define HAVE_MKDTEMP 1
| #define HAVE_FACCESSAT 1
| #define HAVE_GETCWD 1
| #define HAVE_GETWD 1
| #define HAVE_READLINK 1
| #define HAVE_SETENV 1
| #define HAVE_PUTENV 1
| #define HAVE_STRTOLL 1
| #define HAVE_ATOLL 1
| #define HAVE_SYMLINK 1
| #define HAVE_READLINK 1
| #define HAVE_LSTAT 1
| #define HAVE_SRAND48 1
| #define HAVE_SRANDOM 1
| /* end confdefs.h.  */
| /* Define getpassphrase to an innocuous variant, in case <limits.h> declares getpassphrase.
|    For example, HP-UX 11i <limits.h> declares gettimeofday.  */
| #define getpassphrase innocuous_getpassphrase
| 
| /* System header to define __stub macros and hopefully few prototypes,
|     which can conflict with char getpassphrase (); below.
|     Prefer <limits.h> to <assert.h> if __STDC__ is defined, since
|     <limits.h> exists even on freestanding compilers.  */
| 
| #ifdef __STDC__
| # include <limits.h>
| #else
| # include <assert.h>
| #endif
| 
| #undef getpassphrase
| 
| /* Override any GCC internal prototype to avoid an error.
|    Use char because int might match the return type of a GCC
|    builtin and then its argument prototype would still apply.  */
| #ifdef __cplusplus
| extern "C"
| #endif
| char getpassphrase ();
| /* The GNU C library defines this for functions which it implements
|     to always fail with ENOSYS.  Some functions are actually named
|     something starting with __ and the normal name is an alias.  */
| #if defined __stub_getpassphrase || defined __stub___getpassphrase
| choke me
| #endif
| 
| int
| main ()
| {
| return getpassphrase ();
|   ;
|   return 0;
| }
configure:9556: result: no
configure:9556: checking for waitpid
configure:9556: afl-clang-fast -o conftest -g -O2 -I$(srcdir)/libwc    conftest.c -lm  >&5
configure:9556: $? = 0
configure:9556: result: yes
configure:9556: checking for setlocale
configure:9556: afl-clang-fast -o conftest -g -O2 -I$(srcdir)/libwc    conftest.c -lm  >&5
configure:9556: $? = 0
configure:9556: result: yes
configure:9567: checking for strftime
configure:9567: afl-clang-fast -o conftest -g -O2 -I$(srcdir)/libwc    conftest.c -lm  >&5
configure:9567: $? = 0
configure:9567: result: yes
configure:9620: checking for wait3 that fills in rusage
configure:9666: afl-clang-fast -o conftest -g -O2 -I$(srcdir)/libwc    conftest.c -lm  >&5
configure:9666: $? = 0
configure:9666: ./conftest
configure:9666: $? = 0
configure:9676: result: yes
configure:9684: checking whether setpgrp takes no argument
configure:9706: afl-clang-fast -o conftest -g -O2 -I$(srcdir)/libwc    conftest.c -lm  >&5
conftest.c:155:19: error: too many arguments to function call, expected 0, have 2
  155 |   return setpgrp (1,1) != -1;
      |          ~~~~~~~  ^~~
/usr/include/unistd.h:682:12: note: 'setpgrp' declared here
  682 | extern int setpgrp (void) __THROW;
      |            ^
1 error generated.
configure:9706: $? = 1
configure: program exited with status 1
configure: failed program was:
| /* confdefs.h */
| #define PACKAGE_NAME "w3m"
| #define PACKAGE_TARNAME "w3m"
| #define PACKAGE_VERSION "0.5.3"
| #define PACKAGE_STRING "w3m 0.5.3"
| #define PACKAGE_BUGREPORT ""
| #define PACKAGE_URL ""
| #define PACKAGE "w3m"
| #define VERSION "0.5.3"
| #define W3M w3m
| #define W3M_TARGET 
| #define USE_M17N 1
| #define USE_UNICODE 1
| #define W3M_LANG EN
| #define WCTARGET "libwc/libwc.a"
| #define WCCFLAGS "-DUSE_UNICODE -I$(srcdir) -I$(srcdir)/.."
| #define DISPLAY_CHARSET WC_CES_UTF_8
| #define SYSTEM_CHARSET WC_CES_UTF_8
| #define DOCUMENT_CHARSET WC_CES_UTF_8
| #define ENABLE_NLS 1
| #define HAVE_GETTEXT 1
| #define HAVE_DCGETTEXT 1
| #define USE_COLOR 1
| #define USE_ANSI_COLOR 1
| #define USE_BG_COLOR 1
| #define INSTALL_W3MIMGDISPLAY $INSTALL_W3MIMGDISPLAY
| #define USE_IMAGE 1
| #define USE_W3MIMG_X11 1
| #define USE_GDKPIXBUF 1
| #define USE_GTK2 1
| #define USE_W3MIMG_FB 1
| #define USE_GDKPIXBUF 1
| #define USE_GTK2 1
| #define IMGTARGETS "$IMGTARGETS"
| #define IMGOBJS "$IMGOBJS"
| #define IMGX11CFLAGS "$IMGX11CFLAGS"
| #define IMGX11LDFLAGS "$IMGX11LDFLAGS"
| #define IMGFBCFLAGS "$IMGFBCFLAGS"
| #define IMGFBLDFLAGS "$IMGFBLDFLAGS"
| #define IMGLINK "$IMGLINK"
| #define IMGWINCFLAGS "$IMGWINCFLAGS"
| #define IMGWINLDFLAGS "$IMGWINLDFLAGS"
| #define USE_XFACE 1
| #define HELP_FILE "w3mhelp-w3m_en.html"
| #define KEYBIND w3m
| #define USE_MENU 1
| #define USE_MOUSE 1
| #define USE_HISTORY 1
| #define USE_ALARM 1
| #define USE_COOKIE 1
| #define USE_NNTP 1
| #define USE_GOPHER 1
| #define USE_DICT 1
| #define USE_HELP_CGI 1
| #define USE_EXTERNAL_URI_LOADER 1
| #define USE_W3MMAILER 1
| #define DEF_MIGEMO_COMMAND ""
| #define DEF_EDITOR "/usr/bin/vi"
| #define DEF_MAILER "/usr/bin/mail"
| #define DEF_EXT_BROWSER "/usr/bin/firefox"
| #define INET6 1
| #define USE_SSL 1
| #define USE_SSL_VERIFY 1
| #define DEF_CAFILE ""
| #define USE_DIGEST_AUTH 1
| #define HAVE_LIBM 1
| #define STDC_HEADERS 1
| #define HAVE_SYS_TYPES_H 1
| #define HAVE_SYS_STAT_H 1
| #define HAVE_STDLIB_H 1
| #define HAVE_STRING_H 1
| #define HAVE_MEMORY_H 1
| #define HAVE_STRINGS_H 1
| #define HAVE_INTTYPES_H 1
| #define HAVE_STDINT_H 1
| #define HAVE_UNISTD_H 1
| #define HAVE_SOCKLEN_T 1
| #define AUXBIN_TARGETS "$AUXBIN_TARGETS"
| #define HAVE_DIRENT_H 1
| #define STDC_HEADERS 1
| #define HAVE_SYS_WAIT_H 1
| #define HAVE_TERMIOS_H 1
| #define HAVE_FLOAT_H 1
| #define HAVE_SYS_SELECT_H 1
| #define HAVE_LOCALE_H 1
| #define HAVE_STDINT_H 1
| #define HAVE_INTTYPES_H 1
| #define SIZEOF_LONG_LONG 8
| #define HAVE_STRCASECMP 1
| #define HAVE_STRCASESTR 1
| #define HAVE_STRCHR 1
| #define HAVE_MEMCPY 1
| #define HAVE_STRERROR 1
| #define HAVE_BCOPY 1
| #define HAVE_SETPGRP 1
| #define HAVE_CHDIR 1
| #define HAVE_MKDTEMP 1
| #define HAVE_FACCESSAT 1
| #define HAVE_GETCWD 1
| #define HAVE_GETWD 1
| #define HAVE_READLINK 1
| #define HAVE_SETENV 1
| #define HAVE_PUTENV 1
| #define HAVE_STRTOLL 1
| #define HAVE_ATOLL 1
| #define HAVE_SYMLINK 1
| #define HAVE_READLINK 1
| #define HAVE_LSTAT 1
| #define HAVE_SRAND48 1
| #define HAVE_SRANDOM 1
| #define HAVE_WAITPID 1
| #define HAVE_SETLOCALE 1
| #define HAVE_STRFTIME 1
| #define HAVE_WAIT3 1
| /* end confdefs.h.  */
| #include <stdio.h>
| #ifdef HAVE_SYS_TYPES_H
| # include <sys/types.h>
| #endif
| #ifdef HAVE_SYS_STAT_H
| # include <sys/stat.h>
| #endif
| #ifdef STDC_HEADERS
| # include <stdlib.h>
| # include <stddef.h>
| #else
| # ifdef HAVE_STDLIB_H
| #  include <stdlib.h>
| # endif
| #endif
| #ifdef HAVE_STRING_H
| # if !defined STDC_HEADERS && defined HAVE_MEMORY_H
| #  include <memory.h>
| # endif
| # include <string.h>
| #endif
| #ifdef HAVE_STRINGS_H
| # include <strings.h>
| #endif
| #ifdef HAVE_INTTYPES_H
| # include <inttypes.h>
| #endif
| #ifdef HAVE_STDINT_H
| # include <stdint.h>
| #endif
| #ifdef HAVE_UNISTD_H
| # include <unistd.h>
| #endif
| int
| main ()
| {
| /* If this system has a BSD-style setpgrp which takes arguments,
|   setpgrp(1, 1) will fail with ESRCH and return -1, in that case
|   exit successfully. */
|   return setpgrp (1,1) != -1;
|   ;
|   return 0;
| }
configure:9716: result: yes
configure:9729: checking for nl_langinfo and CODESET
configure:9745: afl-clang-fast -o conftest -g -O2 -I$(srcdir)/libwc    conftest.c -lm  >&5
configure:9745: $? = 0
configure:9754: result: yes
configure:9765: checking for sigsetjmp
configure:9780: afl-clang-fast -c -g -O2 -I$(srcdir)/libwc   conftest.c >&5
configure:9780: $? = 0
configure:9787: result: yes
configure:9789: checking return type of signal handlers
configure:9807: afl-clang-fast -c -g -O2 -I$(srcdir)/libwc   conftest.c >&5
conftest.c:125:8: error: indirection requires pointer operand ('void' invalid)
  125 | return *(signal (0, 0)) (0) == 1;
      |        ^~~~~~~~~~~~~~~~~~~~
1 error generated.
configure:9807: $? = 1
configure: failed program was:
| /* confdefs.h */
| #define PACKAGE_NAME "w3m"
| #define PACKAGE_TARNAME "w3m"
| #define PACKAGE_VERSION "0.5.3"
| #define PACKAGE_STRING "w3m 0.5.3"
| #define PACKAGE_BUGREPORT ""
| #define PACKAGE_URL ""
| #define PACKAGE "w3m"
| #define VERSION "0.5.3"
| #define W3M w3m
| #define W3M_TARGET 
| #define USE_M17N 1
| #define USE_UNICODE 1
| #define W3M_LANG EN
| #define WCTARGET "libwc/libwc.a"
| #define WCCFLAGS "-DUSE_UNICODE -I$(srcdir) -I$(srcdir)/.."
| #define DISPLAY_CHARSET WC_CES_UTF_8
| #define SYSTEM_CHARSET WC_CES_UTF_8
| #define DOCUMENT_CHARSET WC_CES_UTF_8
| #define ENABLE_NLS 1
| #define HAVE_GETTEXT 1
| #define HAVE_DCGETTEXT 1
| #define USE_COLOR 1
| #define USE_ANSI_COLOR 1
| #define USE_BG_COLOR 1
| #define INSTALL_W3MIMGDISPLAY $INSTALL_W3MIMGDISPLAY
| #define USE_IMAGE 1
| #define USE_W3MIMG_X11 1
| #define USE_GDKPIXBUF 1
| #define USE_GTK2 1
| #define USE_W3MIMG_FB 1
| #define USE_GDKPIXBUF 1
| #define USE_GTK2 1
| #define IMGTARGETS "$IMGTARGETS"
| #define IMGOBJS "$IMGOBJS"
| #define IMGX11CFLAGS "$IMGX11CFLAGS"
| #define IMGX11LDFLAGS "$IMGX11LDFLAGS"
| #define IMGFBCFLAGS "$IMGFBCFLAGS"
| #define IMGFBLDFLAGS "$IMGFBLDFLAGS"
| #define IMGLINK "$IMGLINK"
| #define IMGWINCFLAGS "$IMGWINCFLAGS"
| #define IMGWINLDFLAGS "$IMGWINLDFLAGS"
| #define USE_XFACE 1
| #define HELP_FILE "w3mhelp-w3m_en.html"
| #define KEYBIND w3m
| #define USE_MENU 1
| #define USE_MOUSE 1
| #define USE_HISTORY 1
| #define USE_ALARM 1
| #define USE_COOKIE 1
| #define USE_NNTP 1
| #define USE_GOPHER 1
| #define USE_DICT 1
| #define USE_HELP_CGI 1
| #define USE_EXTERNAL_URI_LOADER 1
| #define USE_W3MMAILER 1
| #define DEF_MIGEMO_COMMAND ""
| #define DEF_EDITOR "/usr/bin/vi"
| #define DEF_MAILER "/usr/bin/mail"
| #define DEF_EXT_BROWSER "/usr/bin/firefox"
| #define INET6 1
| #define USE_SSL 1
| #define USE_SSL_VERIFY 1
| #define DEF_CAFILE ""
| #define USE_DIGEST_AUTH 1
| #define HAVE_LIBM 1
| #define STDC_HEADERS 1
| #define HAVE_SYS_TYPES_H 1
| #define HAVE_SYS_STAT_H 1
| #define HAVE_STDLIB_H 1
| #define HAVE_STRING_H 1
| #define HAVE_MEMORY_H 1
| #define HAVE_STRINGS_H 1
| #define HAVE_INTTYPES_H 1
| #define HAVE_STDINT_H 1
| #define HAVE_UNISTD_H 1
| #define HAVE_SOCKLEN_T 1
| #define AUXBIN_TARGETS "$AUXBIN_TARGETS"
| #define HAVE_DIRENT_H 1
| #define STDC_HEADERS 1
| #define HAVE_SYS_WAIT_H 1
| #define HAVE_TERMIOS_H 1
| #define HAVE_FLOAT_H 1
| #define HAVE_SYS_SELECT_H 1
| #define HAVE_LOCALE_H 1
| #define HAVE_STDINT_H 1
| #define HAVE_INTTYPES_H 1
| #define SIZEOF_LONG_LONG 8
| #define HAVE_STRCASECMP 1
| #define HAVE_STRCASESTR 1
| #define HAVE_STRCHR 1
| #define HAVE_MEMCPY 1
| #define HAVE_STRERROR 1
| #define HAVE_BCOPY 1
| #define HAVE_SETPGRP 1
| #define HAVE_CHDIR 1
| #define HAVE_MKDTEMP 1
| #define HAVE_FACCESSAT 1
| #define HAVE_GETCWD 1
| #define HAVE_GETWD 1
| #define HAVE_READLINK 1
| #define HAVE_SETENV 1
| #define HAVE_PUTENV 1
| #define HAVE_STRTOLL 1
| #define HAVE_ATOLL 1
| #define HAVE_SYMLINK 1
| #define HAVE_READLINK 1
| #define HAVE_LSTAT 1
| #define HAVE_SRAND48 1
| #define HAVE_SRANDOM 1
| #define HAVE_WAITPID 1
| #define HAVE_SETLOCALE 1
| #define HAVE_STRFTIME 1
| #define HAVE_WAIT3 1
| #define SETPGRP_VOID 1
| #define HAVE_LANGINFO_CODESET 1
| #define HAVE_SIGSETJMP 1
| /* end confdefs.h.  */
| #include <sys/types.h>
| #include <signal.h>
| 
| int
| main ()
| {
| return *(signal (0, 0)) (0) == 1;
|   ;
|   return 0;
| }
configure:9814: result: void
configure:9960: creating ./config.status

## ---------------------- ##
## Running config.status. ##
## ---------------------- ##

This file was extended by w3m config.status 0.5.3, which was
generated by GNU Autoconf 2.69.  Invocation command line was

  CONFIG_FILES    = 
  CONFIG_HEADERS  = 
  CONFIG_LINKS    = 
  CONFIG_COMMANDS = 
  $ ./config.status 

on gollum

config.status:1075: creating Makefile
config.status:1075: creating posubst
config.status:1075: creating po/Makefile.in
config.status:1075: creating scripts/Makefile
config.status:1075: creating scripts/dirlist.cgi
config.status:1075: creating scripts/w3mhelp.cgi
config.status:1075: creating scripts/w3mmail.cgi
config.status:1075: creating scripts/xface2xpm
config.status:1075: creating scripts/multipart/Makefile
config.status:1075: creating scripts/multipart/multipart.cgi
config.status:1075: creating scripts/w3mman/Makefile
config.status:1075: creating scripts/w3mman/w3mman
config.status:1075: creating scripts/w3mman/w3mman.1
config.status:1075: creating scripts/w3mman/w3mman.de.1
config.status:1075: creating scripts/w3mman/w3mman2html.cgi
config.status:1075: creating libwc/Makefile
config.status:1075: creating w3mimg/Makefile
config.status:1075: creating w3mimg/fb/Makefile
config.status:1075: creating w3mimg/x11/Makefile
config.status:1075: creating w3mimg/win/Makefile
config.status:1075: creating w3mhelp-w3m_en.html
config.status:1075: creating w3mhelp-w3m_ja.html
config.status:1075: creating w3mhelp-lynx_en.html
config.status:1075: creating w3mhelp-lynx_ja.html
config.status:1075: creating config.h
config.status:1256: config.h is unchanged
config.status:1270: executing po-directories commands

## ---------------- ##
## Cache variables. ##
## ---------------- ##

ac_cv_build=x86_64-pc-linux-gnu
ac_cv_c_compiler_gnu=yes
ac_cv_cxx_compiler_gnu=yes
ac_cv_env_CCC_set=
ac_cv_env_CCC_value=
ac_cv_env_CC_set=set
ac_cv_env_CC_value=afl-clang-fast
ac_cv_env_CFLAGS_set=
ac_cv_env_CFLAGS_value=
ac_cv_env_CPPFLAGS_set=
ac_cv_env_CPPFLAGS_value=
ac_cv_env_CPP_set=
ac_cv_env_CPP_value=
ac_cv_env_CXXFLAGS_set=
ac_cv_env_CXXFLAGS_value=
ac_cv_env_CXX_set=set
ac_cv_env_CXX_value=afl-clang-fast++
ac_cv_env_LDFLAGS_set=
ac_cv_env_LDFLAGS_value=
ac_cv_env_LIBS_set=
ac_cv_env_LIBS_value=
ac_cv_env_PKG_CONFIG_LIBDIR_set=
ac_cv_env_PKG_CONFIG_LIBDIR_value=
ac_cv_env_PKG_CONFIG_PATH_set=
ac_cv_env_PKG_CONFIG_PATH_value=
ac_cv_env_PKG_CONFIG_set=
ac_cv_env_PKG_CONFIG_value=
ac_cv_env_SSL_CFLAGS_set=
ac_cv_env_SSL_CFLAGS_value=
ac_cv_env_SSL_LIBS_set=
ac_cv_env_SSL_LIBS_value=
ac_cv_env_XMKMF_set=
ac_cv_env_XMKMF_value=
ac_cv_env_build_alias_set=
ac_cv_env_build_alias_value=
ac_cv_env_host_alias_set=
ac_cv_env_host_alias_value=
ac_cv_env_target_alias_set=
ac_cv_env_target_alias_value=
ac_cv_func_atoll=yes
ac_cv_func_atoq=no
ac_cv_func_bcopy=yes
ac_cv_func_chdir=yes
ac_cv_func_connect=yes
ac_cv_func_faccessat=yes
ac_cv_func_getaddrinfo=yes
ac_cv_func_getcwd=yes
ac_cv_func_gethostbyname=yes
ac_cv_func_getpassphrase=no
ac_cv_func_getwd=yes
ac_cv_func_lstat=yes
ac_cv_func_memcpy=yes
ac_cv_func_mkdtemp=yes
ac_cv_func_putenv=yes
ac_cv_func_readlink=yes
ac_cv_func_remove=yes
ac_cv_func_setenv=yes
ac_cv_func_setlocale=yes
ac_cv_func_setpgrp=yes
ac_cv_func_setpgrp_void=yes
ac_cv_func_shmat=yes
ac_cv_func_sqrt=no
ac_cv_func_srand48=yes
ac_cv_func_srandom=yes
ac_cv_func_strcasecmp=yes
ac_cv_func_strcasestr=yes
ac_cv_func_strchr=yes
ac_cv_func_strerror=yes
ac_cv_func_strftime=yes
ac_cv_func_stroq=no
ac_cv_func_strtoll=yes
ac_cv_func_symlink=yes
ac_cv_func_wait3_rusage=yes
ac_cv_func_waitpid=yes
ac_cv_have_x='have_x=yes	ac_x_includes='\'''\''	ac_x_libraries='\'''\'''
ac_cv_header_dirent_dirent_h=yes
ac_cv_header_float_h=yes
ac_cv_header_gc_h=yes
ac_cv_header_inttypes_h=yes
ac_cv_header_locale_h=yes
ac_cv_header_memory_h=yes
ac_cv_header_stdc=yes
ac_cv_header_stdint_h=yes
ac_cv_header_stdlib_h=yes
ac_cv_header_string_h=yes
ac_cv_header_strings_h=yes
ac_cv_header_sys_select_h=yes
ac_cv_header_sys_stat_h=yes
ac_cv_header_sys_types_h=yes
ac_cv_header_sys_wait_h=yes
ac_cv_header_termios_h=yes
ac_cv_header_unistd_h=yes
ac_cv_host=x86_64-pc-linux-gnu
ac_cv_lib_ICE_IceConnectionNumber=yes
ac_cv_lib_gc_GC_init=yes
ac_cv_lib_gpm_Gpm_Open=no
ac_cv_lib_m_sqrt=yes
ac_cv_lib_mytinfo___tgetent=no
ac_cv_lib_ssl_SSL_new=yes
ac_cv_lib_termcap___tgetent=yes
ac_cv_lib_terminfo___tgetent=no
ac_cv_lib_termlib___tgetent=no
ac_cv_lib_z_zError=yes
ac_cv_objext=o
ac_cv_path_EGREP='/usr/bin/grep -E'
ac_cv_path_GMSGFMT=:
ac_cv_path_GREP=/usr/bin/grep
ac_cv_path_MAN=/usr/bin/man
ac_cv_path_MSGFMT=:
ac_cv_path_MSGMERGE=:
ac_cv_path_PERL=/usr/bin/perl
ac_cv_path_XGETTEXT=:
ac_cv_path_ac_pt_PKG_CONFIG=/usr/bin/pkg-config
ac_cv_path_install='/usr/bin/install -c'
ac_cv_path_mkdir=/usr/bin/mkdir
ac_cv_prog_AWK=gawk
ac_cv_prog_CPP='afl-clang-fast -E'
ac_cv_prog_ac_ct_CC=afl-clang-fast
ac_cv_prog_ac_ct_RANLIB=ranlib
ac_cv_prog_cc_c89=
ac_cv_prog_cc_g=yes
ac_cv_prog_cxx_g=yes
ac_cv_prog_make_make_set=yes
ac_cv_prog_uncompface=no
ac_cv_search_opendir='none required'
ac_cv_sizeof_long_long=8
ac_cv_type_signal=void
ac_cv_type_socklen_t=yes
acl_cv_hardcode_direct=no
acl_cv_hardcode_libdir_flag_spec='${wl}-rpath ${wl}$libdir'
acl_cv_hardcode_libdir_separator=
acl_cv_hardcode_minus_L=no
acl_cv_libext=a
acl_cv_libname_spec='lib$name'
acl_cv_library_names_spec='$libname$shrext'
acl_cv_path_LD=/usr/bin/ld
acl_cv_prog_gnu_ld=yes
acl_cv_rpath=done
acl_cv_shlibext=so
acl_cv_wl=-Wl,
am_cv_langinfo_codeset=yes
gt_cv_func_CFLocaleCopyCurrent=no
gt_cv_func_CFPreferencesCopyAppValue=no
gt_cv_func_gnugettext1_libc=yes
pkg_cv_SSL_CFLAGS=
pkg_cv_SSL_LIBS='-lssl -lcrypto '

## ----------------- ##
## Output variables. ##
## ----------------- ##

AUXBIN_TARGETS=' w3mimgdisplay$(EXT) inflate$(EXT)'
AWK='gawk'
CC='afl-clang-fast'
CFLAGS='-g -O2 -I$(srcdir)/libwc '
CPP='afl-clang-fast -E'
CPPFLAGS=''
CURRENT_VERSION='0.5.3+git20230718'
CXX='afl-clang-fast++'
CXXFLAGS='-g -O2'
DEFS='-DHAVE_CONFIG_H'
DEF_CAFILE=''
DEF_EDITOR=''
DEF_EXT_BROWSER=''
DEF_MAILER=''
DEF_MIGEMO_COMMAND=''
DISPLAY_CHARSET=''
DOCDIRS='doc:en_English doc-jp:ja_Japanese doc-de:de_German'
DOCUMENT_CHARSET=''
ECHO_C=''
ECHO_N='-n'
ECHO_T=''
EGREP='/usr/bin/grep -E'
EXEEXT=''
GETTEXT_MACRO_VERSION='0.18'
GMSGFMT=':'
GMSGFMT_015=':'
GREP='/usr/bin/grep'
HAVE_OLD_SS_FAMILY=''
HAVE_SIGSETJMP=''
HELP_DIR='${datarootdir}/w3m'
HELP_FILE='w3mhelp-w3m_en.html'
IMGFBCFLAGS='-I/usr/include/gdk-pixbuf-2.0 -I/usr/include/glib-2.0 -I/usr/lib/x86_64-linux-gnu/glib-2.0/include -I/usr/include/libpng16 -I/usr/include/x86_64-linux-gnu -I/usr/include/webp -pthread -I/usr/include/libmount -I/usr/include/blkid '
IMGFBLDFLAGS='-lgdk_pixbuf-2.0 -lgobject-2.0 -lglib-2.0 '
IMGLINK='$(CC)'
IMGOBJS='w3mimg.o x11/x11_w3mimg.o fb/fb_w3mimg.o fb/fb.o fb/fb_img.o'
IMGTARGETS='x11 fb'
IMGWINCFLAGS=''
IMGWINLDFLAGS=''
IMGX11CFLAGS=''
IMGX11LDFLAGS='-lX11 '
INET6=''
INSTALL_DATA='${INSTALL} -m 644'
INSTALL_PROGRAM='${INSTALL}'
INSTALL_SCRIPT='${INSTALL}'
INSTALL_W3MIMGDISPLAY='${INSTALL_PROGRAM}'
INTLLIBS=''
INTLTARGET=''
INTL_MACOSX_LIBS=''
KEYBIND=''
KEYMAP_FILE='keybind'
LDFLAGS=''
LIBGC='-lgc'
LIBICONV='-liconv'
LIBINTL=''
LIBOBJS=''
LIBS='-lm '
LN_S='ln -s'
LTLIBICONV='-liconv'
LTLIBINTL=''
LTLIBOBJS=''
MAN='/usr/bin/man'
MKDIR_P='/usr/bin/mkdir -p'
MSGFMT=':'
MSGFMT_015=':'
MSGMERGE=':'
NKF='/usr/local/bin/nkf'
NLSTARGET='po'
OBJEXT='o'
PACKAGE='w3m'
PACKAGE_BUGREPORT=''
PACKAGE_NAME='w3m'
PACKAGE_STRING='w3m 0.5.3'
PACKAGE_TARNAME='w3m'
PACKAGE_URL=''
PACKAGE_VERSION='0.5.3'
PATH_SEPARATOR=':'
PERL='/usr/bin/perl'
PKG_CONFIG='/usr/bin/pkg-config'
PKG_CONFIG_LIBDIR=''
PKG_CONFIG_PATH=''
POLANG=''
POSUB='po'
POSUBST=''
RANLIB='ranlib'
RC_DIR='~/.w3m'
RETSIGTYPE=''
SET_MAKE=''
SHELL='/bin/bash'
SIGNAL_RETURN=''
SSL_CFLAGS=''
SSL_LIBS='-lssl -lcrypto '
SYSTEM_CHARSET=''
USE_ALARM=''
USE_ANSI_COLOR=''
USE_BG_COLOR=''
USE_BINMODE_STREAM=''
USE_COLOR=''
USE_COOKIE=''
USE_DICT=''
USE_DIGEST_AUTH=''
USE_EXTERNAL_URI_LOADER=''
USE_GDKPIXBUF=''
USE_GOPHER=''
USE_GTK2=''
USE_HELP_CGI=''
USE_HISTORY=''
USE_IMAGE=''
USE_IMLIB2=''
USE_IMLIB=''
USE_M17N=''
USE_MENU=''
USE_MIGEMO=''
USE_MOUSE=''
USE_NLS='yes'
USE_NNTP=''
USE_SSL=''
USE_SSL_VERIFY=''
USE_SYSMOUSE=''
USE_UNICODE=''
USE_W3M=''
USE_W3MIMG_FB=''
USE_W3MIMG_WIN=''
USE_W3MIMG_X11=''
USE_W3MMAILER=''
USE_XFACE=''
VERSION='0.5.3'
W3M='w3m'
W3MIMGDISPLAY_SETUID=''
W3M_LANG='EN'
W3M_LIBS=' -L./libwc -lwc -lssl -lcrypto  -lssl -lcrypto -ltermcap'
W3M_TARGET=''
WCCFLAGS='-DUSE_UNICODE -I$(srcdir) -I$(srcdir)/..'
WCTARGET='libwc/libwc.a'
XGETTEXT=':'
XGETTEXT_015=':'
XGETTEXT_EXTRA_OPTIONS=''
XMKMF=''
X_CFLAGS=''
X_EXTRA_LIBS=''
X_LIBS=''
X_PRE_LIBS=' -lSM -lICE'
ac_ct_CC='afl-clang-fast'
ac_ct_CXX=''
bindir='${exec_prefix}/bin'
build='x86_64-pc-linux-gnu'
build_alias=''
build_cpu='x86_64'
build_os='linux-gnu'
build_vendor='pc'
datadir='${datarootdir}'
datarootdir='${prefix}/share'
docdir='${datarootdir}/doc/${PACKAGE_TARNAME}'
dvidir='${docdir}'
exec_prefix='${prefix}'
host='x86_64-pc-linux-gnu'
host_alias=''
host_cpu='x86_64'
host_os='linux-gnu'
host_vendor='pc'
htmldir='${docdir}'
includedir='${prefix}/include'
infodir='${datarootdir}/info'
libdir='${exec_prefix}/lib'
libexecdir='${exec_prefix}/libexec'
localedir='${datarootdir}/locale'
localstatedir='${prefix}/var'
mandir='${datarootdir}/man'
mkdir_p='/usr/bin/mkdir -p'
oldincludedir='/usr/include'
pdfdir='${docdir}'
prefix='/usr/local'
program_transform_name='s,x,x,'
psdir='${docdir}'
runstatedir='${localstatedir}/run'
sbindir='${exec_prefix}/sbin'
sharedstatedir='${prefix}/com'
sysconfdir='${prefix}/etc'
target_alias=''
uncompface='no'

## ----------- ##
## confdefs.h. ##
## ----------- ##

/* confdefs.h */
#define PACKAGE_NAME "w3m"
#define PACKAGE_TARNAME "w3m"
#define PACKAGE_VERSION "0.5.3"
#define PACKAGE_STRING "w3m 0.5.3"
#define PACKAGE_BUGREPORT ""
#define PACKAGE_URL ""
#define PACKAGE "w3m"
#define VERSION "0.5.3"
#define W3M w3m
#define W3M_TARGET 
#define USE_M17N 1
#define USE_UNICODE 1
#define W3M_LANG EN
#define WCTARGET "libwc/libwc.a"
#define WCCFLAGS "-DUSE_UNICODE -I$(srcdir) -I$(srcdir)/.."
#define DISPLAY_CHARSET WC_CES_UTF_8
#define SYSTEM_CHARSET WC_CES_UTF_8
#define DOCUMENT_CHARSET WC_CES_UTF_8
#define ENABLE_NLS 1
#define HAVE_GETTEXT 1
#define HAVE_DCGETTEXT 1
#define USE_COLOR 1
#define USE_ANSI_COLOR 1
#define USE_BG_COLOR 1
#define INSTALL_W3MIMGDISPLAY $INSTALL_W3MIMGDISPLAY
#define USE_IMAGE 1
#define USE_W3MIMG_X11 1
#define USE_GDKPIXBUF 1
#define USE_GTK2 1
#define USE_W3MIMG_FB 1
#define USE_GDKPIXBUF 1
#define USE_GTK2 1
#define IMGTARGETS "$IMGTARGETS"
#define IMGOBJS "$IMGOBJS"
#define IMGX11CFLAGS "$IMGX11CFLAGS"
#define IMGX11LDFLAGS "$IMGX11LDFLAGS"
#define IMGFBCFLAGS "$IMGFBCFLAGS"
#define IMGFBLDFLAGS "$IMGFBLDFLAGS"
#define IMGLINK "$IMGLINK"
#define IMGWINCFLAGS "$IMGWINCFLAGS"
#define IMGWINLDFLAGS "$IMGWINLDFLAGS"
#define USE_XFACE 1
#define HELP_FILE "w3mhelp-w3m_en.html"
#define KEYBIND w3m
#define USE_MENU 1
#define USE_MOUSE 1
#define USE_HISTORY 1
#define USE_ALARM 1
#define USE_COOKIE 1
#define USE_NNTP 1
#define USE_GOPHER 1
#define USE_DICT 1
#define USE_HELP_CGI 1
#define USE_EXTERNAL_URI_LOADER 1
#define USE_W3MMAILER 1
#define DEF_MIGEMO_COMMAND ""
#define DEF_EDITOR "/usr/bin/vi"
#define DEF_MAILER "/usr/bin/mail"
#define DEF_EXT_BROWSER "/usr/bin/firefox"
#define INET6 1
#define USE_SSL 1
#define USE_SSL_VERIFY 1
#define DEF_CAFILE ""
#define USE_DIGEST_AUTH 1
#define HAVE_LIBM 1
#define STDC_HEADERS 1
#define HAVE_SYS_TYPES_H 1
#define HAVE_SYS_STAT_H 1
#define HAVE_STDLIB_H 1
#define HAVE_STRING_H 1
#define HAVE_MEMORY_H 1
#define HAVE_STRINGS_H 1
#define HAVE_INTTYPES_H 1
#define HAVE_STDINT_H 1
#define HAVE_UNISTD_H 1
#define HAVE_SOCKLEN_T 1
#define AUXBIN_TARGETS "$AUXBIN_TARGETS"
#define HAVE_DIRENT_H 1
#define STDC_HEADERS 1
#define HAVE_SYS_WAIT_H 1
#define HAVE_TERMIOS_H 1
#define HAVE_FLOAT_H 1
#define HAVE_SYS_SELECT_H 1
#define HAVE_LOCALE_H 1
#define HAVE_STDINT_H 1
#define HAVE_INTTYPES_H 1
#define SIZEOF_LONG_LONG 8
#define HAVE_STRCASECMP 1
#define HAVE_STRCASESTR 1
#define HAVE_STRCHR 1
#define HAVE_MEMCPY 1
#define HAVE_STRERROR 1
#define HAVE_BCOPY 1
#define HAVE_SETPGRP 1
#define HAVE_CHDIR 1
#define HAVE_MKDTEMP 1
#define HAVE_FACCESSAT 1
#define HAVE_GETCWD 1
#define HAVE_GETWD 1
#define HAVE_READLINK 1
#define HAVE_SETENV 1
#define HAVE_PUTENV 1
#define HAVE_STRTOLL 1
#define HAVE_ATOLL 1
#define HAVE_SYMLINK 1
#define HAVE_READLINK 1
#define HAVE_LSTAT 1
#define HAVE_SRAND48 1
#define HAVE_SRANDOM 1
#define HAVE_WAITPID 1
#define HAVE_SETLOCALE 1
#define HAVE_STRFTIME 1
#define HAVE_WAIT3 1
#define SETPGRP_VOID 1
#define HAVE_LANGINFO_CODESET 1
#define HAVE_SIGSETJMP 1
#define RETSIGTYPE void
#define SIGNAL_RETURN return
#define HELP_DIR "$HELP_DIR"
#define RC_DIR "$RC_DIR"
#define DOCDIRS "doc:en_English doc-jp:ja_Japanese doc-de:de_German"

configure: exit 0
